Archive member included to satisfy reference by file (symbol)

app/libapp.a(main.c.obj)      (--whole-archive)
app/libapp.a(ble_service.c.obj)
                              (--whole-archive)
zephyr/libzephyr.a(validate_libc.c.obj)
                              (--whole-archive)
zephyr/libzephyr.a(heap.c.obj)
                              (--whole-archive)
zephyr/libzephyr.a(cbprintf_packaged.c.obj)
                              (--whole-archive)
zephyr/libzephyr.a(clock.c.obj)
                              (--whole-archive)
zephyr/libzephyr.a(printk.c.obj)
                              (--whole-archive)
zephyr/libzephyr.a(sem.c.obj)
                              (--whole-archive)
zephyr/libzephyr.a(thread_entry.c.obj)
                              (--whole-archive)
zephyr/libzephyr.a(cbprintf_complete.c.obj)
                              (--whole-archive)
zephyr/libzephyr.a(assert.c.obj)
                              (--whole-archive)
zephyr/libzephyr.a(mpsc_pbuf.c.obj)
                              (--whole-archive)
zephyr/libzephyr.a(dec.c.obj)
                              (--whole-archive)
zephyr/libzephyr.a(hex.c.obj)
                              (--whole-archive)
zephyr/libzephyr.a(rb.c.obj)  (--whole-archive)
zephyr/libzephyr.a(timeutil.c.obj)
                              (--whole-archive)
zephyr/libzephyr.a(bitarray.c.obj)
                              (--whole-archive)
zephyr/libzephyr.a(bitmask.c.obj)
                              (--whole-archive)
zephyr/libzephyr.a(getopt.c.obj)
                              (--whole-archive)
zephyr/libzephyr.a(getopt_common.c.obj)
                              (--whole-archive)
zephyr/libzephyr.a(ring_buffer.c.obj)
                              (--whole-archive)
zephyr/libzephyr.a(last_section_id.c.obj)
                              (--whole-archive)
zephyr/libzephyr.a(configs.c.obj)
                              (--whole-archive)
zephyr/libzephyr.a(stm32cube_hal.c.obj)
                              (--whole-archive)
zephyr/libzephyr.a(soc_config.c.obj)
                              (--whole-archive)
zephyr/libzephyr.a(stm32_backup_domain.c.obj)
                              (--whole-archive)
zephyr/libzephyr.a(soc.c.obj)
                              (--whole-archive)
zephyr/libzephyr.a(log_core.c.obj)
                              (--whole-archive)
zephyr/libzephyr.a(log_mgmt.c.obj)
                              (--whole-archive)
zephyr/libzephyr.a(log_cache.c.obj)
                              (--whole-archive)
zephyr/libzephyr.a(log_msg.c.obj)
                              (--whole-archive)
zephyr/libzephyr.a(log_output.c.obj)
                              (--whole-archive)
zephyr/libzephyr.a(log_backend_uart.c.obj)
                              (--whole-archive)
zephyr/libzephyr.a(mem_attr.c.obj)
                              (--whole-archive)
zephyr/libzephyr.a(tracing_none.c.obj)
                              (--whole-archive)
zephyr/libzephyr.a(hw_ipcc.c.obj)
                              (--whole-archive)
zephyr/libzephyr.a(shci.c.obj)
                              (--whole-archive)
zephyr/libzephyr.a(shci_tl.c.obj)
                              (--whole-archive)
zephyr/libzephyr.a(shci_tl_if.c.obj)
                              (--whole-archive)
zephyr/libzephyr.a(stm_list.c.obj)
                              (--whole-archive)
zephyr/libzephyr.a(tl_mbox.c.obj)
                              (--whole-archive)
zephyr/arch/common/libarch__common.a(sw_isr_common.c.obj)
                              (--whole-archive)
zephyr/arch/common/libarch__common.a(init.c.obj)
                              (--whole-archive)
zephyr/arch/common/libarch__common.a(xip.c.obj)
                              (--whole-archive)
zephyr/arch/arch/arm/core/libarch__arm__core.a(fatal.c.obj)
                              (--whole-archive)
zephyr/arch/arch/arm/core/libarch__arm__core.a(nmi.c.obj)
                              (--whole-archive)
zephyr/arch/arch/arm/core/libarch__arm__core.a(nmi_on_reset.S.obj)
                              (--whole-archive)
zephyr/arch/arch/arm/core/libarch__arm__core.a(tls.c.obj)
                              (--whole-archive)
zephyr/arch/arch/arm/core/cortex_m/libarch__arm__core__cortex_m.a(exc_exit.c.obj)
                              (--whole-archive)
zephyr/arch/arch/arm/core/cortex_m/libarch__arm__core__cortex_m.a(fault.c.obj)
                              (--whole-archive)
zephyr/arch/arch/arm/core/cortex_m/libarch__arm__core__cortex_m.a(fault_s.S.obj)
                              (--whole-archive)
zephyr/arch/arch/arm/core/cortex_m/libarch__arm__core__cortex_m.a(fpu.c.obj)
                              (--whole-archive)
zephyr/arch/arch/arm/core/cortex_m/libarch__arm__core__cortex_m.a(reset.S.obj)
                              (--whole-archive)
zephyr/arch/arch/arm/core/cortex_m/libarch__arm__core__cortex_m.a(scb.c.obj)
                              (--whole-archive)
[...]
Memory Configuration

Name             Origin             Length             Attributes
FLASH            0x0000000008000000 0x00000000000ca000 xr
RAM              0x0000000020000000 0x0000000000030000 xw
SRAM0            0x0000000020000000 0x0000000000030000 rw
SRAM1            0x0000000020030000 0x0000000000002800 rw
SRAM2            0x0000000020038000 0x0000000000005000 rw
IDT_LIST         0x00000000ffff7fff 0x0000000000008000 xw
*default*        0x0000000000000000 0xffffffffffffffff

Linker script and memory map

                0x000000000801263c                vfprintf = __l_vfprintf
                0x0000000000000000                vfscanf = __l_vfscanf
LOAD zephyr/CMakeFiles/zephyr_pre0.dir/misc/empty_file.c.obj
LOAD zephyr/CMakeFiles/offsets.dir/./arch/arm/core/offsets/offsets.c.obj
LOAD app/libapp.a
LOAD zephyr/libzephyr.a
LOAD zephyr/arch/common/libarch__common.a
LOAD zephyr/arch/arch/arm/core/libarch__arm__core.a
LOAD zephyr/arch/arch/arm/core/cortex_m/libarch__arm__core__cortex_m.a
LOAD zephyr/arch/arch/arm/core/mpu/libarch__arm__core__mpu.a
LOAD zephyr/lib/libc/picolibc/liblib__libc__picolibc.a
LOAD zephyr/lib/libc/common/liblib__libc__common.a
LOAD zephyr/lib/posix/c_lib_ext/liblib__posix__c_lib_ext.a
LOAD zephyr/lib/net_buf/liblib__net_buf.a
LOAD zephyr/subsys/random/libsubsys__random.a
LOAD zephyr/subsys/bluetooth/common/libsubsys__bluetooth__common.a
LOAD zephyr/subsys/bluetooth/host/libsubsys__bluetooth__host.a
LOAD zephyr/drivers/interrupt_controller/libdrivers__interrupt_controller.a
LOAD zephyr/drivers/adc/libdrivers__adc.a
LOAD zephyr/drivers/bluetooth/libdrivers__bluetooth.a
LOAD zephyr/drivers/clock_control/libdrivers__clock_control.a
LOAD zephyr/drivers/console/libdrivers__console.a
LOAD zephyr/drivers/entropy/libdrivers__entropy.a
LOAD zephyr/drivers/gpio/libdrivers__gpio.a
LOAD zephyr/drivers/i2c/libdrivers__i2c.a
LOAD zephyr/drivers/pinctrl/libdrivers__pinctrl.a
LOAD zephyr/drivers/reset/libdrivers__reset.a
LOAD zephyr/drivers/sensor/bosch/bmp180/libdrivers__sensor__bosch__bmp180.a
LOAD zephyr/drivers/sensor/st/stm32_temp/libdrivers__sensor__st__stm32_temp.a
LOAD zephyr/drivers/sensor/st/stm32_vbat/libdrivers__sensor__st__stm32_vbat.a
LOAD zephyr/drivers/sensor/st/stm32_vref/libdrivers__sensor__st__stm32_vref.a
LOAD zephyr/drivers/serial/libdrivers__serial.a
LOAD zephyr/drivers/timer/libdrivers__timer.a
LOAD modules/hal_stm32/stm32cube/lib..__modules__hal__stm32__stm32cube.a
LOAD modules/mbedtls/libmbedTLSBase.a
LOAD modules/mbedtls/libmbedTLSCrypto.a
LOAD modules/mbedtls/libmbedTLSX509.a
LOAD modules/mbedtls/libmodules__mbedtls.a
LOAD zephyr/kernel/libkernel.a
LOAD zephyr/arch/common/libisr_tables.a
LOAD modules/mbedtls/libmbedTLSBase.a
LOAD modules/mbedtls/libmbedTLSCrypto.a
LOAD modules/mbedtls/libmbedTLSX509.a
LOAD /Users/johnnario/zephyr-sdk-0.17.4/arm-zephyr-eabi/bin/../lib/gcc/../../picolibc/arm-zephyr-eabi/lib/thumb/v7e-m/nofp/libc.a
LOAD /Users/johnnario/zephyr-sdk-0.17.4/arm-zephyr-eabi/bin/../lib/gcc/arm-zephyr-eabi/12.2.0/thumb/v7e-m/nofp/libgcc.a
                0x0000000000000020                _region_min_align = 0x20

.rel.plt        0x0000000008000000        0x0
 *(SORT_BY_ALIGNMENT(.rel.plt))
                [!provide]                        PROVIDE (__rel_iplt_start = .)
 *(SORT_BY_ALIGNMENT(.rel.iplt))
 .rel.iplt      0x0000000008000000        0x0 app/libapp.a(main.c.obj)
                [!provide]                        PROVIDE (__rel_iplt_end = .)

.rela.plt       0x0000000000000000        0x0
 *(SORT_BY_ALIGNMENT(.rela.plt))
                [!provide]                        PROVIDE (__rela_iplt_start = .)
 *(SORT_BY_ALIGNMENT(.rela.iplt))
                [!provide]                        PROVIDE (__rela_iplt_end = .)

.rel.dyn
 *(SORT_BY_ALIGNMENT(.rel.*))

.rela.dyn
 *(SORT_BY_ALIGNMENT(.rela.*))

/DISCARD/
 *(SORT_BY_ALIGNMENT(.plt))

/DISCARD/
 *(SORT_BY_ALIGNMENT(.iplt))
                0x0000000008000000                __rom_region_start = 0x8000000

rom_start       0x0000000008000000      0x13c
                0x0000000008000000                __rom_start_address = .
 FILL mask 0x00
                0x0000000008000000                . = (. + (0x0 - (. - __rom_start_address)))
                0x0000000008000000                . = ALIGN (0x4)
                0x0000000008000000                . = ALIGN (0x80)
                0x0000000008000000                . = ALIGN (0x200)
                0x0000000008000000                _vector_start = .
 *(SORT_BY_ALIGNMENT(.exc_vector_table))
 *(SORT_BY_ALIGNMENT(.exc_vector_table.*))
 .exc_vector_table._vector_table_section
                0x0000000008000000       0x40 zephyr/arch/arch/arm/core/cortex_m/libarch__arm__core__cortex_m.a(vector_table.S.obj)
                0x0000000008000000                _vector_table
 *(SORT_BY_ALIGNMENT(.vectors))
                0x000000000800013c                _vector_end = .
                0x0000000008000040                . = ALIGN (0x4)
 *(SORT_BY_ALIGNMENT(.gnu.linkonce.irq_vector_table*))
 .gnu.linkonce.irq_vector_table
                0x0000000008000040       0xfc zephyr/arch/common/libisr_tables.a(isr_tables.c.obj)
                0x0000000008000040                _irq_vector_table
                0x000000000800013c                _vector_end = .

text            0x000000000800013c    0x165a4
                0x000000000800013c                __text_region_start = .
 *(SORT_BY_ALIGNMENT(.text))
 .text          0x000000000800013c      0x378 /Users/johnnario/zephyr-sdk-0.17.4/arm-zephyr-eabi/bin/../lib/gcc/arm-zephyr-eabi/12.2.0/thumb/v7e-m/nofp/libgcc.a(_arm_addsubdf3.o)
                0x000000000800013c                __aeabi_drsub
                0x0000000008000144                __subdf3
                0x0000000008000144                __aeabi_dsub
                0x0000000008000148                __aeabi_dadd
                0x0000000008000148                __adddf3
                0x00000000080003c0                __aeabi_ui2d
                0x00000000080003c0                __floatunsidf
                0x00000000080003e0                __floatsidf
                0x00000000080003e0                __aeabi_i2d
                0x0000000008000404                __extendsfdf2
                0x0000000008000404                __aeabi_f2d
                0x0000000008000448                __aeabi_ul2d
                0x0000000008000448                __floatundidf
                0x0000000008000458                __aeabi_l2d
                0x0000000008000458                __floatdidf
 .text          0x00000000080004b4      0x424 /Users/johnnario/zephyr-sdk-0.17.4/arm-zephyr-eabi/bin/../lib/gcc/arm-zephyr-eabi/12.2.0/thumb/v7e-m/nofp/libgcc.a(_arm_muldivdf3.o)
                0x00000000080004b4                __aeabi_dmul
                0x00000000080004b4                __muldf3
                0x0000000008000708                __aeabi_ddiv
                0x0000000008000708                __divdf3
 .text          0x00000000080008d8       0xa0 /Users/johnnario/zephyr-sdk-0.17.4/arm-zephyr-eabi/bin/../lib/gcc/arm-zephyr-eabi/12.2.0/thumb/v7e-m/nofp/libgcc.a(_arm_truncdfsf2.o)
                0x00000000080008d8                __aeabi_d2f
                0x00000000080008d8                __truncdfsf2
 .text          0x0000000008000978      0x21c /Users/johnnario/zephyr-sdk-0.17.4/arm-zephyr-eabi/bin/../lib/gcc/arm-zephyr-eabi/12.2.0/thumb/v7e-m/nofp/libgcc.a(_arm_addsubsf3.o)
                0x0000000008000978                __aeabi_frsub
                0x0000000008000980                __aeabi_fsub
                0x0000000008000980                __subsf3
                0x0000000008000984                __aeabi_fadd
                0x0000000008000984                __addsf3
                0x0000000008000ae4                __aeabi_ui2f
                0x0000000008000ae4                __floatunsisf
                0x0000000008000aec                __floatsisf
                0x0000000008000aec                __aeabi_i2f
                0x0000000008000b08                __aeabi_ul2f
                0x0000000008000b08                __floatundisf
                0x0000000008000b18                __aeabi_l2f
                0x0000000008000b18                __floatdisf
 .text          0x0000000008000b94      0x2a0 /Users/johnnario/zephyr-sdk-0.17.4/arm-zephyr-eabi/bin/../lib/gcc/arm-zephyr-eabi/12.2.0/thumb/v7e-m/nofp/libgcc.a(_arm_muldivsf3.o)
                0x0000000008000b94                __mulsf3
                0x0000000008000b94                __aeabi_fmul
                0x0000000008000cfc                __divsf3
                0x0000000008000cfc                __aeabi_fdiv
 .text          0x0000000008000e34       0xec /Users/johnnario/zephyr-sdk-0.17.4/arm-zephyr-eabi/bin/../lib/gcc/arm-zephyr-eabi/12.2.0/thumb/v7e-m/nofp/libgcc.a(_arm_cmpsf2.o)
                0x0000000008000e34                __gesf2
                0x0000000008000e34                __gtsf2
                0x0000000008000e3c                __ltsf2
                0x0000000008000e3c                __lesf2
                0x0000000008000e44                __nesf2
                0x0000000008000e44                __eqsf2
                0x0000000008000e44                __cmpsf2
                0x0000000008000ea4                __aeabi_cfrcmple
                0x0000000008000eac                __aeabi_cfcmpeq
                0x0000000008000eac                __aeabi_cfcmple
                0x0000000008000ebc                __aeabi_fcmpeq
                0x0000000008000ed0                __aeabi_fcmplt
                0x0000000008000ee4                __aeabi_fcmple
                0x0000000008000ef8                __aeabi_fcmpge
                0x0000000008000f0c                __aeabi_fcmpgt
 .text          0x0000000008000f20       0x4c /Users/johnnario/zephyr-sdk-0.17.4/arm-zephyr-eabi/bin/../lib/gcc/arm-zephyr-eabi/12.2.0/thumb/v7e-m/nofp/libgcc.a(_arm_fixsfsi.o)
                0x0000000008000f20                __fixsfsi
                0x0000000008000f20                __aeabi_f2iz
 .text          0x0000000008000f6c       0x40 /Users/johnnario/zephyr-sdk-0.17.4/arm-zephyr-eabi/bin/../lib/gcc/arm-zephyr-eabi/12.2.0/thumb/v7e-m/nofp/libgcc.a(_arm_fixunssfsi.o)
                0x0000000008000f6c                __aeabi_f2uiz
                0x0000000008000f6c                __fixunssfsi
 .text          0x0000000008000fac       0xa0 /Users/johnnario/zephyr-sdk-0.17.4/arm-zephyr-eabi/bin/../lib/gcc/arm-zephyr-eabi/12.2.0/thumb/v7e-m/nofp/libgcc.a(_aeabi_ldivmod.o)
                0x0000000008000fac                __aeabi_ldivmod
 .text          0x000000000800104c       0x30 /Users/johnnario/zephyr-sdk-0.17.4/arm-zephyr-eabi/bin/../lib/gcc/arm-zephyr-eabi/12.2.0/thumb/v7e-m/nofp/libgcc.a(_aeabi_uldivmod.o)
                0x000000000800104c                __aeabi_uldivmod
 .text          0x000000000800107c       0x40 /Users/johnnario/zephyr-sdk-0.17.4/arm-zephyr-eabi/bin/../lib/gcc/arm-zephyr-eabi/12.2.0/thumb/v7e-m/nofp/libgcc.a(_fixunssfdi.o)
                0x000000000800107c                __aeabi_f2ulz
                0x000000000800107c                __fixunssfdi
 .text          0x00000000080010bc        0x4 /Users/johnnario/zephyr-sdk-0.17.4/arm-zephyr-eabi/bin/../lib/gcc/arm-zephyr-eabi/12.2.0/thumb/v7e-m/nofp/libgcc.a(_dvmd_tls.o)
                0x00000000080010bc                __aeabi_ldiv0
                0x00000000080010bc                __aeabi_idiv0
 .text          0x00000000080010c0       0x40 /Users/johnnario/zephyr-sdk-0.17.4/arm-zephyr-eabi/bin/../lib/gcc/arm-zephyr-eabi/12.2.0/thumb/v7e-m/nofp/libgcc.a(_arm_fixunsdfsi.o)
                0x00000000080010c0                __fixunsdfsi
                0x00000000080010c0                __aeabi_d2uiz
 .text          0x0000000008001100       0x10 /Users/johnnario/zephyr-sdk-0.17.4/arm-zephyr-eabi/bin/../lib/gcc/../../picolibc/arm-zephyr-eabi/lib/thumb/v7e-m/nofp/libc.a(strcpy.S.o)
                0x0000000008001100                strcpy
 .text          0x0000000008001110       0x10 /Users/johnnario/zephyr-sdk-0.17.4/arm-zephyr-eabi/bin/../lib/gcc/../../picolibc/arm-zephyr-eabi/lib/thumb/v7e-m/nofp/libc.a(strlen.S.o)
                0x0000000008001110                strlen
 .text          0x0000000008001120       0x26 /Users/johnnario/zephyr-sdk-0.17.4/arm-zephyr-eabi/bin/../lib/gcc/arm-zephyr-eabi/12.2.0/thumb/v7e-m/nofp/libgcc.a(_popcountsi2.o)
                0x0000000008001120                __popcountsi2
 .text          0x0000000008001146       0x26 /Users/johnnario/zephyr-sdk-0.17.4/arm-zephyr-eabi/bin/../lib/gcc/arm-zephyr-eabi/12.2.0/thumb/v7e-m/nofp/libgcc.a(_fixsfdi.o)
                0x0000000008001146                __aeabi_f2lz
                0x0000000008001146                __fixsfdi
 .text          0x000000000800116c      0x2a0 /Users/johnnario/zephyr-sdk-0.17.4/arm-zephyr-eabi/bin/../lib/gcc/arm-zephyr-eabi/12.2.0/thumb/v7e-m/nofp/libgcc.a(_udivmoddi4.o)
                0x000000000800116c                __udivmoddi4
 *(SORT_BY_ALIGNMENT(.text.*))
 .text.main     0x000000000800140c      0x1e4 app/libapp.a(main.c.obj)
                0x000000000800140c                main
 .text.read_pressure
                0x00000000080015f0       0x24 app/libapp.a(ble_service.c.obj)
 .text.read_temp
                0x0000000008001614       0x28 app/libapp.a(ble_service.c.obj)
 .text.disconnected
                0x000000000800163c       0x3c app/libapp.a(ble_service.c.obj)
 .text.pressure_ccc_cfg_changed
                0x0000000008001678       0x58 app/libapp.a(ble_service.c.obj)
 .text.temp_ccc_cfg_changed
                0x00000000080016d0       0x58 app/libapp.a(ble_service.c.obj)
 .text.connected.part.0
                0x0000000008001728       0x24 app/libapp.a(ble_service.c.obj)
 .text.connected
                0x000000000800174c       0x1c app/libapp.a(ble_service.c.obj)
 .text.ble_service_init
                0x0000000008001768       0x8c app/libapp.a(ble_service.c.obj)
                0x0000000008001768                ble_service_init
 .text.ble_service_update_temperature
                0x00000000080017f4       0x70 app/libapp.a(ble_service.c.obj)
                0x00000000080017f4                ble_service_update_temperature
 .text.ble_service_update_pressure
                0x0000000008001864       0x60 app/libapp.a(ble_service.c.obj)
                0x0000000008001864                ble_service_update_pressure
 .text.cbvprintf_package
                0x00000000080018c4      0x3a4 zephyr/libzephyr.a(cbprintf_packaged.c.obj)
                0x00000000080018c4                cbvprintf_package
 .text.cbprintf_package_convert
                0x0000000008001c68      0x3cc zephyr/libzephyr.a(cbprintf_packaged.c.obj)
                0x0000000008001c68                cbprintf_package_convert
 .text.__printk_hook_install
                0x0000000008002034        0xc zephyr/libzephyr.a(printk.c.obj)
                0x0000000008002034                __printk_hook_install
 .text.z_thread_entry
                0x0000000008002040       0x34 zephyr/libzephyr.a(thread_entry.c.obj)
                0x0000000008002040                z_thread_entry
 .text.st_stm32_common_config
                0x0000000008002074       0x14 zephyr/libzephyr.a(soc_config.c.obj)
 .text.stm32_backup_domain_enable_access
                0x0000000008002088       0x3c zephyr/libzephyr.a(stm32_backup_domain.c.obj)
                0x0000000008002088                stm32_backup_domain_enable_access
 .text.stm32_backup_domain_disable_access
                0x00000000080020c4       0x74 zephyr/libzephyr.a(stm32_backup_domain.c.obj)
                0x00000000080020c4                stm32_backup_domain_disable_access
 .text.soc_early_init_hook
                0x0000000008002138       0x44 zephyr/libzephyr.a(soc.c.obj)
                0x0000000008002138                soc_early_init_hook
 .text.activate_foreach_backend
                0x000000000800217c       0x64 zephyr/libzephyr.a(log_core.c.obj)
 .text.enable_logger
                0x00000000080021e0       0x5c zephyr/libzephyr.a(log_core.c.obj)
 .text.log_process_thread_timer_expiry_fn
                0x000000000800223c        0xc zephyr/libzephyr.a(log_core.c.obj)
 .text.z_log_init
                0x0000000008002248       0x94 zephyr/libzephyr.a(log_core.c.obj)
 .text.log_format_func_t_get
                0x00000000080022dc        0xc zephyr/libzephyr.a(log_core.c.obj)
                0x00000000080022dc                log_format_func_t_get
 .text.log_set_timestamp_func
                0x00000000080022e8       0x20 zephyr/libzephyr.a(log_core.c.obj)
                0x00000000080022e8                log_set_timestamp_func
 .text.z_log_notify_backend_enabled
                0x0000000008002308       0x1c zephyr/libzephyr.a(log_core.c.obj)
                0x0000000008002308                z_log_notify_backend_enabled
 .text.z_log_dropped
                0x0000000008002324       0x44 zephyr/libzephyr.a(log_core.c.obj)
                0x0000000008002324                z_log_dropped
 .text.z_log_dropped_read_and_clear
                0x0000000008002368       0x20 zephyr/libzephyr.a(log_core.c.obj)
                0x0000000008002368                z_log_dropped_read_and_clear
 .text.dropped_notify
                0x0000000008002388       0x30 zephyr/libzephyr.a(log_core.c.obj)
                0x0000000008002388                dropped_notify
 .text.z_log_msg_init
                0x00000000080023b8       0x20 zephyr/libzephyr.a(log_core.c.obj)
                0x00000000080023b8                z_log_msg_init
 .text.log_core_init
                0x00000000080023d8       0x50 zephyr/libzephyr.a(log_core.c.obj)
                0x00000000080023d8                log_core_init
 .text.z_log_msg_alloc
                0x0000000008002428       0x10 zephyr/libzephyr.a(log_core.c.obj)
                0x0000000008002428                z_log_msg_alloc
 .text.z_log_msg_local_claim
                0x0000000008002438        0xc zephyr/libzephyr.a(log_core.c.obj)
                0x0000000008002438                z_log_msg_local_claim
 .text.z_log_msg_free
                0x0000000008002444       0x10 zephyr/libzephyr.a(log_core.c.obj)
                0x0000000008002444                z_log_msg_free
 .text.z_log_msg_pending
                0x0000000008002454        0xc zephyr/libzephyr.a(log_core.c.obj)
                0x0000000008002454                z_log_msg_pending
 .text.z_impl_log_process
                0x0000000008002460       0xb4 zephyr/libzephyr.a(log_core.c.obj)
                0x0000000008002460                z_impl_log_process
 .text.z_impl_log_panic
                0x0000000008002514       0x44 zephyr/libzephyr.a(log_core.c.obj)
                0x0000000008002514                z_impl_log_panic
 .text.log_process_thread_func
                0x0000000008002558       0xa4 zephyr/libzephyr.a(log_core.c.obj)
 .text.z_log_msg_post_finalize
                0x00000000080025fc       0x78 zephyr/libzephyr.a(log_core.c.obj)
 .text.z_log_msg_commit
                0x0000000008002674       0x24 zephyr/libzephyr.a(log_core.c.obj)
                0x0000000008002674                z_log_msg_commit
 .text.log_source_name_get
                0x0000000008002698       0x1c zephyr/libzephyr.a(log_mgmt.c.obj)
                0x0000000008002698                log_source_name_get
 .text.z_impl_z_log_msg_static_create
                0x00000000080026b4      0x108 zephyr/libzephyr.a(log_msg.c.obj)
                0x00000000080026b4                z_impl_z_log_msg_static_create
 .text.z_log_msg_runtime_vcreate
                0x00000000080027bc       0xa0 zephyr/libzephyr.a(log_msg.c.obj)
                0x00000000080027bc                z_log_msg_runtime_vcreate
 .text.log_msg_get_source_id
                0x000000000800285c       0x18 zephyr/libzephyr.a(log_msg.c.obj)
                0x000000000800285c                log_msg_get_source_id
 .text.print_formatted
                0x0000000008002874       0x24 zephyr/libzephyr.a(log_output.c.obj)
 .text.newline_print
                0x0000000008002898       0x1c zephyr/libzephyr.a(log_output.c.obj)
 .text.log_output_process
                0x00000000080028b4      0x2d4 zephyr/libzephyr.a(log_output.c.obj)
                0x00000000080028b4                log_output_process
 .text.log_output_dropped_process
                0x0000000008002b88       0x58 zephyr/libzephyr.a(log_output.c.obj)
                0x0000000008002b88                log_output_dropped_process
 .text.log_output_timestamp_freq_set
                0x0000000008002be0       0x2c zephyr/libzephyr.a(log_output.c.obj)
                0x0000000008002be0                log_output_timestamp_freq_set
 .text.char_out
                0x0000000008002c0c       0x24 zephyr/libzephyr.a(log_backend_uart.c.obj)
 .text.mem_attr_get_regions
                0x0000000008002c30        0xc zephyr/libzephyr.a(mem_attr.c.obj)
                0x0000000008002c30                mem_attr_get_regions
 .text.HW_IPCC_Enable
                0x0000000008002c3c       0x50 zephyr/libzephyr.a(hw_ipcc.c.obj)
                0x0000000008002c3c                HW_IPCC_Enable
 .text.HW_IPCC_Init
                0x0000000008002c8c       0x40 zephyr/libzephyr.a(hw_ipcc.c.obj)
                0x0000000008002c8c                HW_IPCC_Init
 .text.HW_IPCC_BLE_Init
                0x0000000008002ccc       0x10 zephyr/libzephyr.a(hw_ipcc.c.obj)
                0x0000000008002ccc                HW_IPCC_BLE_Init
 .text.HW_IPCC_BLE_SendCmd
                0x0000000008002cdc       0x10 zephyr/libzephyr.a(hw_ipcc.c.obj)
                0x0000000008002cdc                HW_IPCC_BLE_SendCmd
 .text.HW_IPCC_BLE_SendAclData
                0x0000000008002cec       0x18 zephyr/libzephyr.a(hw_ipcc.c.obj)
                0x0000000008002cec                HW_IPCC_BLE_SendAclData
 .text.HW_IPCC_SYS_Init
                0x0000000008002d04       0x10 zephyr/libzephyr.a(hw_ipcc.c.obj)
                0x0000000008002d04                HW_IPCC_SYS_Init
 .text.HW_IPCC_SYS_SendCmd
                0x0000000008002d14       0x18 zephyr/libzephyr.a(hw_ipcc.c.obj)
                0x0000000008002d14                HW_IPCC_SYS_SendCmd
 .text.HW_IPCC_Tx_Handler
                0x0000000008002d2c       0x64 zephyr/libzephyr.a(hw_ipcc.c.obj)
                0x0000000008002d2c                HW_IPCC_Tx_Handler
 .text.HW_IPCC_MM_SendFreeBuf
                0x0000000008002d90       0x2c zephyr/libzephyr.a(hw_ipcc.c.obj)
                0x0000000008002d90                HW_IPCC_MM_SendFreeBuf
 .text.HW_IPCC_Rx_Handler
                0x0000000008002dbc       0x48 zephyr/libzephyr.a(hw_ipcc.c.obj)
                0x0000000008002dbc                HW_IPCC_Rx_Handler
 .text.TlUserEvtReceived
                0x0000000008002e04       0x1c zephyr/libzephyr.a(shci_tl.c.obj)
 .text.Cmd_SetStatus.constprop.0
                0x0000000008002e20       0x18 zephyr/libzephyr.a(shci_tl.c.obj)
 .text.shci_init
                0x0000000008002e38       0x60 zephyr/libzephyr.a(shci_tl.c.obj)
                0x0000000008002e38                shci_init
 .text.shci_user_evt_proc
                0x0000000008002e98       0x6c zephyr/libzephyr.a(shci_tl.c.obj)
                0x0000000008002e98                shci_user_evt_proc
 .text.shci_send
                0x0000000008002f04       0x7c zephyr/libzephyr.a(shci_tl.c.obj)
                0x0000000008002f04                shci_send
 .text.shci_register_io_bus
                0x0000000008002f80       0x14 zephyr/libzephyr.a(shci_tl_if.c.obj)
                0x0000000008002f80                shci_register_io_bus
 .text.SendFreeBuf
                0x0000000008002f94       0x30 zephyr/libzephyr.a(tl_mbox.c.obj)
 .text.TL_Init  0x0000000008002fc4       0x5c zephyr/libzephyr.a(tl_mbox.c.obj)
                0x0000000008002fc4                TL_Init
 .text.TL_BLE_Init
                0x0000000008003020       0x48 zephyr/libzephyr.a(tl_mbox.c.obj)
                0x0000000008003020                TL_BLE_Init
 .text.TL_BLE_SendCmd
                0x0000000008003068       0x1c zephyr/libzephyr.a(tl_mbox.c.obj)
                0x0000000008003068                TL_BLE_SendCmd
 .text.HW_IPCC_BLE_RxEvtNot
                0x0000000008003084       0x2c zephyr/libzephyr.a(tl_mbox.c.obj)
                0x0000000008003084                HW_IPCC_BLE_RxEvtNot
 .text.TL_BLE_SendAclData
                0x00000000080030b0       0x1c zephyr/libzephyr.a(tl_mbox.c.obj)
                0x00000000080030b0                TL_BLE_SendAclData
 .text.HW_IPCC_BLE_AclDataAckNot
                0x00000000080030cc        0xc zephyr/libzephyr.a(tl_mbox.c.obj)
                0x00000000080030cc                HW_IPCC_BLE_AclDataAckNot
 .text.TL_SYS_Init
                0x00000000080030d8       0x3c zephyr/libzephyr.a(tl_mbox.c.obj)
                0x00000000080030d8                TL_SYS_Init
 .text.TL_SYS_SendCmd
                0x0000000008003114       0x1c zephyr/libzephyr.a(tl_mbox.c.obj)
                0x0000000008003114                TL_SYS_SendCmd
 .text.HW_IPCC_SYS_CmdEvtNot
                0x0000000008003130       0x18 zephyr/libzephyr.a(tl_mbox.c.obj)
                0x0000000008003130                HW_IPCC_SYS_CmdEvtNot
 .text.HW_IPCC_SYS_EvtNot
                0x0000000008003148       0x2c zephyr/libzephyr.a(tl_mbox.c.obj)
                0x0000000008003148                HW_IPCC_SYS_EvtNot
 .text.TL_MM_Init
                0x0000000008003174       0x40 zephyr/libzephyr.a(tl_mbox.c.obj)
                0x0000000008003174                TL_MM_Init
 .text.TL_MM_EvtDone
                0x00000000080031b4       0x1c zephyr/libzephyr.a(tl_mbox.c.obj)
                0x00000000080031b4                TL_MM_EvtDone
 .text.HW_IPCC_TRACES_EvtNot
                0x00000000080031d0       0x24 zephyr/libzephyr.a(tl_mbox.c.obj)
                0x00000000080031d0                HW_IPCC_TRACES_EvtNot
 .text.arch_bss_zero
                0x00000000080031f4       0x18 zephyr/arch/common/libarch__common.a(init.c.obj)
                0x00000000080031f4                arch_bss_zero
 .text.arch_data_copy
                0x000000000800320c       0x38 zephyr/arch/common/libarch__common.a(xip.c.obj)
                0x000000000800320c                arch_data_copy
 .text.z_arm_fatal_error
                0x0000000008003244       0xb8 zephyr/arch/arch/arm/core/libarch__arm__core.a(fatal.c.obj)
                0x0000000008003244                z_arm_fatal_error
 .text.z_SysNmiOnReset
                0x00000000080032fc        0x8 zephyr/arch/arch/arm/core/libarch__arm__core.a(nmi_on_reset.S.obj)
                0x00000000080032fc                z_SysNmiOnReset
 .text.arch_tls_stack_setup
                0x0000000008003304       0x40 zephyr/arch/arch/arm/core/libarch__arm__core.a(tls.c.obj)
                0x0000000008003304                arch_tls_stack_setup
 .text._HandlerModeExit
                0x0000000008003344       0x20 zephyr/arch/arch/arm/core/cortex_m/libarch__arm__core__cortex_m.a(exc_exit.c.obj)
                0x0000000008003344                z_arm_exc_exit
                0x0000000008003344                z_arm_int_exit
 .text.bus_fault.constprop.0
                0x0000000008003364       0xd0 zephyr/arch/arch/arm/core/cortex_m/libarch__arm__core__cortex_m.a(fault.c.obj)
 .text.usage_fault.constprop.0
                0x0000000008003434       0xa8 zephyr/arch/arch/arm/core/cortex_m/libarch__arm__core__cortex_m.a(fault.c.obj)
 .text.mem_manage_fault
                0x00000000080034dc      0x104 zephyr/arch/arch/arm/core/cortex_m/libarch__arm__core__cortex_m.a(fault.c.obj)
 .text.z_arm_fault
                0x00000000080035e0      0x1d4 zephyr/arch/arch/arm/core/cortex_m/libarch__arm__core__cortex_m.a(fault.c.obj)
                0x00000000080035e0                z_arm_fault
 .text.z_arm_fault_init
                0x00000000080037b4       0x18 zephyr/arch/arch/arm/core/cortex_m/libarch__arm__core__cortex_m.a(fault.c.obj)
                0x00000000080037b4                z_arm_fault_init
 .text.__fault  0x00000000080037cc       0x14 zephyr/arch/arch/arm/core/cortex_m/libarch__arm__core__cortex_m.a(fault_s.S.obj)
                0x00000000080037cc                z_arm_bus_fault
                0x00000000080037cc                z_arm_usage_fault
                0x00000000080037cc                z_arm_mpu_fault
                0x00000000080037cc                z_arm_exc_spurious
                0x00000000080037cc                z_arm_debug_monitor
                0x00000000080037cc                z_arm_hard_fault
 .text._reset_section
                0x00000000080037e0       0x34 zephyr/arch/arch/arm/core/cortex_m/libarch__arm__core__cortex_m.a(reset.S.obj)
                0x00000000080037e0                z_arm_reset
                0x00000000080037e0                __start
 .text.z_impl_k_thread_abort
                0x0000000008003814       0x2c zephyr/arch/arch/arm/core/cortex_m/libarch__arm__core__cortex_m.a(thread_abort.c.obj)
                0x0000000008003814                z_impl_k_thread_abort
 .text.z_arm_pendsv
                0x0000000008003840       0x60 zephyr/arch/arch/arm/core/cortex_m/libarch__arm__core__cortex_m.a(swap_helper.S.obj)
                0x0000000008003840                z_arm_pendsv
 .text.z_arm_svc
                0x00000000080038a0       0x24 zephyr/arch/arch/arm/core/cortex_m/libarch__arm__core__cortex_m.a(swap_helper.S.obj)
                0x00000000080038a0                z_arm_svc
 .text.arm_irq_enable
                0x00000000080038c4       0x1c zephyr/arch/arch/arm/core/cortex_m/libarch__arm__core__cortex_m.a(irq_manage.c.obj)
                0x00000000080038c4                arm_irq_enable
 .text.arm_irq_disable
                0x00000000080038e0       0x28 zephyr/arch/arch/arm/core/cortex_m/libarch__arm__core__cortex_m.a(irq_manage.c.obj)
                0x00000000080038e0                arm_irq_disable
 .text.arm_irq_is_enabled
                0x0000000008003908       0x1c zephyr/arch/arch/arm/core/cortex_m/libarch__arm__core__cortex_m.a(irq_manage.c.obj)
                0x0000000008003908                arm_irq_is_enabled
 .text.arm_irq_priority_set
                0x0000000008003924       0x30 zephyr/arch/arch/arm/core/cortex_m/libarch__arm__core__cortex_m.a(irq_manage.c.obj)
                0x0000000008003924                arm_irq_priority_set
 .text.relocate_vector_table
                0x0000000008003954       0x1c zephyr/arch/arch/arm/core/cortex_m/libarch__arm__core__cortex_m.a(prep_c.c.obj)
                0x0000000008003954                relocate_vector_table
 .text.z_prep_c
                0x0000000008003970       0x38 zephyr/arch/arch/arm/core/cortex_m/libarch__arm__core__cortex_m.a(prep_c.c.obj)
                0x0000000008003970                z_prep_c
 .text.arch_new_thread
                0x00000000080039a8       0x38 zephyr/arch/arch/arm/core/cortex_m/libarch__arm__core__cortex_m.a(thread.c.obj)
                0x00000000080039a8                arch_new_thread
 .text.z_check_thread_stack_fail
                0x00000000080039e0       0x2c zephyr/arch/arch/arm/core/cortex_m/libarch__arm__core__cortex_m.a(thread.c.obj)
                0x00000000080039e0                z_check_thread_stack_fail
 .text.arch_switch_to_main_thread
                0x0000000008003a0c       0x3c zephyr/arch/arch/arm/core/cortex_m/libarch__arm__core__cortex_m.a(thread.c.obj)
                0x0000000008003a0c                arch_switch_to_main_thread
 .text.z_arm_cpu_idle_init
                0x0000000008003a48        0xc zephyr/arch/arch/arm/core/cortex_m/libarch__arm__core__cortex_m.a(cpu_idle.c.obj)
                0x0000000008003a48                z_arm_cpu_idle_init
 .text.z_arm_interrupt_init
                0x0000000008003a54       0x18 zephyr/arch/arch/arm/core/cortex_m/libarch__arm__core__cortex_m.a(irq_init.c.obj)
                0x0000000008003a54                z_arm_interrupt_init
 .text._isr_wrapper
                0x0000000008003a6c       0x24 zephyr/arch/arch/arm/core/cortex_m/libarch__arm__core__cortex_m.a(isr_wrapper.c.obj)
                0x0000000008003a6c                _isr_wrapper
 .text.z_arm_configure_static_mpu_regions
                0x0000000008003a90       0x18 zephyr/arch/arch/arm/core/mpu/libarch__arm__core__mpu.a(arm_core_mpu.c.obj)
                0x0000000008003a90                z_arm_configure_static_mpu_regions
 .text.z_arm_configure_dynamic_mpu_regions
                0x0000000008003aa8       0x20 zephyr/arch/arch/arm/core/mpu/libarch__arm__core__mpu.a(arm_core_mpu.c.obj)
                0x0000000008003aa8                z_arm_configure_dynamic_mpu_regions
 .text.region_allocate_and_init
                0x0000000008003ac8       0x54 zephyr/arch/arch/arm/core/mpu/libarch__arm__core__mpu.a(arm_mpu.c.obj)
 .text.mpu_configure_regions
                0x0000000008003b1c       0x68 zephyr/arch/arch/arm/core/mpu/libarch__arm__core__mpu.a(arm_mpu.c.obj)
 .text.arm_core_mpu_enable
                0x0000000008003b84       0x18 zephyr/arch/arch/arm/core/mpu/libarch__arm__core__mpu.a(arm_mpu.c.obj)
                0x0000000008003b84                arm_core_mpu_enable
 .text.arm_core_mpu_disable
                0x0000000008003b9c       0x14 zephyr/arch/arch/arm/core/mpu/libarch__arm__core__mpu.a(arm_mpu.c.obj)
                0x0000000008003b9c                arm_core_mpu_disable
 .text.arm_core_mpu_configure_static_mpu_regions
                0x0000000008003bb0       0x14 zephyr/arch/arch/arm/core/mpu/libarch__arm__core__mpu.a(arm_mpu.c.obj)
                0x0000000008003bb0                arm_core_mpu_configure_static_mpu_regions
 .text.arm_core_mpu_configure_dynamic_mpu_regions
                0x0000000008003bc4       0x38 zephyr/arch/arch/arm/core/mpu/libarch__arm__core__mpu.a(arm_mpu.c.obj)
                0x0000000008003bc4                arm_core_mpu_configure_dynamic_mpu_regions
 .text.z_arm_mpu_init
                0x0000000008003bfc      0x17c zephyr/arch/arch/arm/core/mpu/libarch__arm__core__mpu.a(arm_mpu.c.obj)
                0x0000000008003bfc                z_arm_mpu_init
 .text.cbvprintf
                0x0000000008003d78       0x38 zephyr/lib/libc/picolibc/liblib__libc__picolibc.a(cbprintf.c.obj)
                0x0000000008003d78                cbvprintf
 .text.z_impl_zephyr_fputc
                0x0000000008003db0       0x10 zephyr/lib/libc/picolibc/liblib__libc__picolibc.a(stdio.c.obj)
                0x0000000008003db0                z_impl_zephyr_fputc
 .text.__stdout_hook_install
                0x0000000008003dc0       0x18 zephyr/lib/libc/picolibc/liblib__libc__picolibc.a(stdio.c.obj)
                0x0000000008003dc0                __stdout_hook_install
 .text.malloc_prepare
                0x0000000008003dd8       0x24 zephyr/lib/libc/common/liblib__libc__common.a(malloc.c.obj)
 .text.malloc_lock
                0x0000000008003dfc       0x14 zephyr/lib/libc/common/liblib__libc__common.a(malloc.c.obj)
 .text.malloc_unlock
                0x0000000008003e10        0xc zephyr/lib/libc/common/liblib__libc__common.a(malloc.c.obj)
 .text.malloc   0x0000000008003e1c       0x34 zephyr/lib/libc/common/liblib__libc__common.a(malloc.c.obj)
                0x0000000008003e1c                malloc
 .text.free     0x0000000008003e50       0x1c zephyr/lib/libc/common/liblib__libc__common.a(malloc.c.obj)
                0x0000000008003e50                free
 .text.calloc   0x0000000008003e6c       0x34 zephyr/lib/libc/common/liblib__libc__common.a(malloc.c.obj)
                0x0000000008003e6c                calloc
 .text.net_buf_destroy
                0x0000000008003ea0       0x38 zephyr/lib/net_buf/liblib__net_buf.a(buf.c.obj)
 .text.net_buf_pool_get
                0x0000000008003ed8       0x10 zephyr/lib/net_buf/liblib__net_buf.a(buf.c.obj)
                0x0000000008003ed8                net_buf_pool_get
 .text.net_buf_id
                0x0000000008003ee8       0x20 zephyr/lib/net_buf/liblib__net_buf.a(buf.c.obj)
                0x0000000008003ee8                net_buf_id
 .text.fixed_data_alloc
                0x0000000008003f08       0x24 zephyr/lib/net_buf/liblib__net_buf.a(buf.c.obj)
 .text.net_buf_alloc_len
                0x0000000008003f2c       0xfc zephyr/lib/net_buf/liblib__net_buf.a(buf.c.obj)
                0x0000000008003f2c                net_buf_alloc_len
 .text.net_buf_unref
                0x0000000008004028       0x3c zephyr/lib/net_buf/liblib__net_buf.a(buf.c.obj)
                0x0000000008004028                net_buf_unref
 .text.z_impl_sys_csrand_get
                0x0000000008004064       0x20 zephyr/subsys/random/libsubsys__random.a(random_entropy_device.c.obj)
                0x0000000008004064                z_impl_sys_csrand_get
 .text.bt_hex   0x0000000008004084       0x44 zephyr/subsys/bluetooth/common/libsubsys__bluetooth__common.a(bt_str.c.obj)
                0x0000000008004084                bt_hex
 .text.bt_addr_str
                0x00000000080040c8       0x34 zephyr/subsys/bluetooth/common/libsubsys__bluetooth__common.a(bt_str.c.obj)
                0x00000000080040c8                bt_addr_str
 .text.bt_addr_le_str
                0x00000000080040fc       0x7c zephyr/subsys/bluetooth/common/libsubsys__bluetooth__common.a(bt_str.c.obj)
                0x00000000080040fc                bt_addr_le_str
 .text.bt_uuid_str
                0x0000000008004178       0x14 zephyr/subsys/bluetooth/common/libsubsys__bluetooth__common.a(bt_str.c.obj)
                0x0000000008004178                bt_uuid_str
 .text.long_wq_init
                0x000000000800418c       0x3c zephyr/subsys/bluetooth/host/libsubsys__bluetooth__host.a(long_wq.c.obj)
 .text.bt_long_wq_schedule
                0x00000000080041c8        0xc zephyr/subsys/bluetooth/host/libsubsys__bluetooth__host.a(long_wq.c.obj)
                0x00000000080041c8                bt_long_wq_schedule
 .text.uuid_to_uuid128
                0x00000000080041d4       0x78 zephyr/subsys/bluetooth/host/libsubsys__bluetooth__host.a(uuid.c.obj)
 .text.bt_uuid_to_str
                0x000000000800424c       0x70 zephyr/subsys/bluetooth/host/libsubsys__bluetooth__host.a(uuid.c.obj)
                0x000000000800424c                bt_uuid_to_str
 .text.hci_rx_pool_destroy
                0x00000000080042bc       0x48 zephyr/subsys/bluetooth/host/libsubsys__bluetooth__host.a(buf.c.obj)
 .text.bt_buf_get_rx
                0x0000000008004304       0x30 zephyr/subsys/bluetooth/host/libsubsys__bluetooth__host.a(buf.c.obj)
                0x0000000008004304                bt_buf_get_rx
 .text.bt_buf_get_evt
                0x0000000008004334       0x3c zephyr/subsys/bluetooth/host/libsubsys__bluetooth__host.a(buf.c.obj)
                0x0000000008004334                bt_buf_get_evt
 .text.bt_buf_make_view
                0x0000000008004370       0x84 zephyr/subsys/bluetooth/host/libsubsys__bluetooth__host.a(buf.c.obj)
                0x0000000008004370                bt_buf_make_view
 .text.bt_buf_destroy_view
                0x00000000080043f4       0x60 zephyr/subsys/bluetooth/host/libsubsys__bluetooth__host.a(buf.c.obj)
                0x00000000080043f4                bt_buf_destroy_view
 .text.hci_data_buf_overflow
                0x0000000008004454       0x18 zephyr/subsys/bluetooth/host/libsubsys__bluetooth__host.a(hci_core.c.obj)
 .text.hci_hardware_error
                0x000000000800446c       0x24 zephyr/subsys/bluetooth/host/libsubsys__bluetooth__host.a(hci_core.c.obj)
 .text.rx_queue_put
                0x0000000008004490       0x3c zephyr/subsys/bluetooth/host/libsubsys__bluetooth__host.a(hci_core.c.obj)
 .text.bt_tx_processor_init
                0x00000000080044cc       0x30 zephyr/subsys/bluetooth/host/libsubsys__bluetooth__host.a(hci_core.c.obj)
 .text.find_pending_connect.part.0
                0x00000000080044fc       0x2c zephyr/subsys/bluetooth/host/libsubsys__bluetooth__host.a(hci_core.c.obj)
 .text.le_conn_param_neg_reply.part.0
                0x0000000008004528       0x14 zephyr/subsys/bluetooth/host/libsubsys__bluetooth__host.a(hci_core.c.obj)
 .text.handle_event.part.0
                0x000000000800453c       0x48 zephyr/subsys/bluetooth/host/libsubsys__bluetooth__host.a(hci_core.c.obj)
 .text.hci_disconn_complete
                0x0000000008004584       0x84 zephyr/subsys/bluetooth/host/libsubsys__bluetooth__host.a(hci_core.c.obj)
 .text.hci_disconn_complete_prio
                0x0000000008004608       0x94 zephyr/subsys/bluetooth/host/libsubsys__bluetooth__host.a(hci_core.c.obj)
 .text.le_remote_feat_complete
                0x000000000800469c       0x54 zephyr/subsys/bluetooth/host/libsubsys__bluetooth__host.a(hci_core.c.obj)
 .text.hci_num_completed_packets
                0x00000000080046f0      0x150 zephyr/subsys/bluetooth/host/libsubsys__bluetooth__host.a(hci_core.c.obj)
 .text.handle_event
                0x0000000008004840       0x50 zephyr/subsys/bluetooth/host/libsubsys__bluetooth__host.a(hci_core.c.obj)
 .text.bt_hci_recv
                0x0000000008004890      0x160 zephyr/subsys/bluetooth/host/libsubsys__bluetooth__host.a(hci_core.c.obj)
                0x0000000008004890                bt_hci_recv
 .text.hci_le_meta_prio_event
                0x00000000080049f0       0x54 zephyr/subsys/bluetooth/host/libsubsys__bluetooth__host.a(hci_core.c.obj)
 .text.rx_work_handler
                0x0000000008004a44      0x210 zephyr/subsys/bluetooth/host/libsubsys__bluetooth__host.a(hci_core.c.obj)
 .text.hci_le_meta_event
                0x0000000008004c54       0x54 zephyr/subsys/bluetooth/host/libsubsys__bluetooth__host.a(hci_core.c.obj)
 .text.hci_cmd_done
                0x0000000008004ca8      0x1a4 zephyr/subsys/bluetooth/host/libsubsys__bluetooth__host.a(hci_core.c.obj)
 .text.le_conn_update_complete
                0x0000000008004e4c      0x168 zephyr/subsys/bluetooth/host/libsubsys__bluetooth__host.a(hci_core.c.obj)
 .text.enh_conn_complete_error_handle
                0x0000000008004fb4       0x80 zephyr/subsys/bluetooth/host/libsubsys__bluetooth__host.a(hci_core.c.obj)
 .text.bt_hci_cmd_state_set_init
                0x0000000008005034       0x24 zephyr/subsys/bluetooth/host/libsubsys__bluetooth__host.a(hci_core.c.obj)
                0x0000000008005034                bt_hci_cmd_state_set_init
 .text.bt_hci_cmd_alloc
                0x0000000008005058       0xac zephyr/subsys/bluetooth/host/libsubsys__bluetooth__host.a(hci_core.c.obj)
                0x0000000008005058                bt_hci_cmd_alloc
 .text.bt_get_phy
                0x0000000008005104       0x14 zephyr/subsys/bluetooth/host/libsubsys__bluetooth__host.a(hci_core.c.obj)
                0x0000000008005104                bt_get_phy
 .text.le_phy_update_complete
                0x0000000008005118       0x9c zephyr/subsys/bluetooth/host/libsubsys__bluetooth__host.a(hci_core.c.obj)
 .text.bt_hci_get_ver_str
                0x00000000080051b4       0x2c zephyr/subsys/bluetooth/host/libsubsys__bluetooth__host.a(hci_core.c.obj)
                0x00000000080051b4                bt_hci_get_ver_str
 .text.bt_send  0x00000000080051e0       0x54 zephyr/subsys/bluetooth/host/libsubsys__bluetooth__host.a(hci_core.c.obj)
                0x00000000080051e0                bt_send
 .text.bt_finalize_init
                0x0000000008005234      0x164 zephyr/subsys/bluetooth/host/libsubsys__bluetooth__host.a(hci_core.c.obj)
                0x0000000008005234                bt_finalize_init
 .text.bt_get_name
                0x0000000008005398        0x8 zephyr/subsys/bluetooth/host/libsubsys__bluetooth__host.a(hci_core.c.obj)
                0x0000000008005398                bt_get_name
 .text.bt_tx_irq_raise
                0x00000000080053a0       0x44 zephyr/subsys/bluetooth/host/libsubsys__bluetooth__host.a(hci_core.c.obj)
                0x00000000080053a0                bt_tx_irq_raise
 .text.bt_hci_cmd_send
                0x00000000080053e4       0xd0 zephyr/subsys/bluetooth/host/libsubsys__bluetooth__host.a(hci_core.c.obj)
                0x00000000080053e4                bt_hci_cmd_send
 .text.bt_hci_cmd_send_sync
                0x00000000080054b4      0x1b8 zephyr/subsys/bluetooth/host/libsubsys__bluetooth__host.a(hci_core.c.obj)
                0x00000000080054b4                bt_hci_cmd_send_sync
 .text.bt_init  0x000000000800566c      0x538 zephyr/subsys/bluetooth/host/libsubsys__bluetooth__host.a(hci_core.c.obj)
 .text.init_work
                0x0000000008005ba4       0x18 zephyr/subsys/bluetooth/host/libsubsys__bluetooth__host.a(hci_core.c.obj)
 .text.bt_enable
                0x0000000008005bbc       0xd0 zephyr/subsys/bluetooth/host/libsubsys__bluetooth__host.a(hci_core.c.obj)
                0x0000000008005bbc                bt_enable
 .text.bt_hci_le_enh_conn_complete
                0x0000000008005c8c      0x248 zephyr/subsys/bluetooth/host/libsubsys__bluetooth__host.a(hci_core.c.obj)
                0x0000000008005c8c                bt_hci_le_enh_conn_complete
 .text.le_legacy_conn_complete
                0x0000000008005ed4       0xc8 zephyr/subsys/bluetooth/host/libsubsys__bluetooth__host.a(hci_core.c.obj)
 .text.le_conn_param_req
                0x0000000008005f9c       0xc4 zephyr/subsys/bluetooth/host/libsubsys__bluetooth__host.a(hci_core.c.obj)
 .text.hci_cmd_status
                0x0000000008006060       0x6c zephyr/subsys/bluetooth/host/libsubsys__bluetooth__host.a(hci_core.c.obj)
 .text.hci_cmd_complete
                0x00000000080060cc       0xa8 zephyr/subsys/bluetooth/host/libsubsys__bluetooth__host.a(hci_core.c.obj)
 .text.tx_processor
                0x0000000008006174      0x16c zephyr/subsys/bluetooth/host/libsubsys__bluetooth__host.a(hci_core.c.obj)
 .text.id_find  0x00000000080062e0       0x30 zephyr/subsys/bluetooth/host/libsubsys__bluetooth__host.a(id.c.obj)
 .text.set_random_address
                0x0000000008006310       0xb8 zephyr/subsys/bluetooth/host/libsubsys__bluetooth__host.a(id.c.obj)
 .text.id_create.constprop.0
                0x00000000080063c8       0x74 zephyr/subsys/bluetooth/host/libsubsys__bluetooth__host.a(id.c.obj)
 .text.bt_id_create
                0x000000000800643c       0x9c zephyr/subsys/bluetooth/host/libsubsys__bluetooth__host.a(id.c.obj)
                0x000000000800643c                bt_id_create
 .text.bt_id_read_public_addr
                0x00000000080064d8       0xb8 zephyr/subsys/bluetooth/host/libsubsys__bluetooth__host.a(id.c.obj)
                0x00000000080064d8                bt_id_read_public_addr
 .text.bt_setup_public_id_addr
                0x0000000008006590       0x20 zephyr/subsys/bluetooth/host/libsubsys__bluetooth__host.a(id.c.obj)
                0x0000000008006590                bt_setup_public_id_addr
 .text.bt_id_set_adv_own_addr
                0x00000000080065b0       0xe0 zephyr/subsys/bluetooth/host/libsubsys__bluetooth__host.a(id.c.obj)
                0x00000000080065b0                bt_id_set_adv_own_addr
 .text.bt_id_init
                0x0000000008006690       0xa8 zephyr/subsys/bluetooth/host/libsubsys__bluetooth__host.a(id.c.obj)
                0x0000000008006690                bt_id_init
 .text.hci_set_ad.constprop.0
                0x0000000008006738       0xc8 zephyr/subsys/bluetooth/host/libsubsys__bluetooth__host.a(adv.c.obj)
 .text.valid_adv_param
                0x0000000008006800       0x84 zephyr/subsys/bluetooth/host/libsubsys__bluetooth__host.a(adv.c.obj)
 .text.le_adv_update.constprop.0
                0x0000000008006884       0x58 zephyr/subsys/bluetooth/host/libsubsys__bluetooth__host.a(adv.c.obj)
 .text.le_adv_start_add_conn.constprop.0
                0x00000000080068dc       0x6c zephyr/subsys/bluetooth/host/libsubsys__bluetooth__host.a(adv.c.obj)
 .text.bt_le_adv_lookup_legacy
                0x0000000008006948        0x8 zephyr/subsys/bluetooth/host/libsubsys__bluetooth__host.a(adv.c.obj)
                0x0000000008006948                bt_le_adv_lookup_legacy
 .text.bt_le_adv_start
                0x0000000008006950      0x260 zephyr/subsys/bluetooth/host/libsubsys__bluetooth__host.a(adv.c.obj)
                0x0000000008006950                bt_le_adv_start
 .text.bt_le_adv_stop
                0x0000000008006bb0       0x7c zephyr/subsys/bluetooth/host/libsubsys__bluetooth__host.a(adv.c.obj)
                0x0000000008006bb0                bt_le_adv_stop
 .text.adv_timeout
                0x0000000008006c2c       0x24 zephyr/subsys/bluetooth/host/libsubsys__bluetooth__host.a(adv.c.obj)
 .text.bt_crypto_init
                0x0000000008006c50       0x24 zephyr/subsys/bluetooth/host/libsubsys__bluetooth__host.a(crypto_psa.c.obj)
                0x0000000008006c50                bt_crypto_init
 .text.bt_rand  0x0000000008006c74       0x24 zephyr/subsys/bluetooth/host/libsubsys__bluetooth__host.a(crypto_psa.c.obj)
                0x0000000008006c74                bt_rand
 .text.notify_connected
                0x0000000008006c98       0x40 zephyr/subsys/bluetooth/host/libsubsys__bluetooth__host.a(conn.c.obj)
 .text.tx_free  0x0000000008006cd8       0x4c zephyr/subsys/bluetooth/host/libsubsys__bluetooth__host.a(conn.c.obj)
 .text.tx_notify_process
                0x0000000008006d24       0xec zephyr/subsys/bluetooth/host/libsubsys__bluetooth__host.a(conn.c.obj)
 .text.conn_tx_destroy
                0x0000000008006e10       0x5c zephyr/subsys/bluetooth/host/libsubsys__bluetooth__host.a(conn.c.obj)
 .text.frag_destroy
                0x0000000008006e6c       0x50 zephyr/subsys/bluetooth/host/libsubsys__bluetooth__host.a(conn.c.obj)
 .text.perform_auto_initiated_procedures
                0x0000000008006ebc       0xd4 zephyr/subsys/bluetooth/host/libsubsys__bluetooth__host.a(conn.c.obj)
 .text.recycled_work_handler
                0x0000000008006f90       0x54 zephyr/subsys/bluetooth/host/libsubsys__bluetooth__host.a(conn.c.obj)
 .text.bt_conn_get_pkts
                0x0000000008006fe4       0x18 zephyr/subsys/bluetooth/host/libsubsys__bluetooth__host.a(conn.c.obj)
                0x0000000008006fe4                bt_conn_get_pkts
 .text.bt_conn_tx_notify
                0x0000000008006ffc       0x48 zephyr/subsys/bluetooth/host/libsubsys__bluetooth__host.a(conn.c.obj)
                0x0000000008006ffc                bt_conn_tx_notify
 .text.bt_conn_new
                0x0000000008007044       0x64 zephyr/subsys/bluetooth/host/libsubsys__bluetooth__host.a(conn.c.obj)
                0x0000000008007044                bt_conn_new
 .text.bt_conn_recv
                0x00000000080070a8      0x1b0 zephyr/subsys/bluetooth/host/libsubsys__bluetooth__host.a(conn.c.obj)
                0x00000000080070a8                bt_conn_recv
 .text.bt_conn_ref
                0x0000000008007258       0x74 zephyr/subsys/bluetooth/host/libsubsys__bluetooth__host.a(conn.c.obj)
                0x0000000008007258                bt_conn_ref
 .text.bt_conn_unref
                0x00000000080072cc       0x70 zephyr/subsys/bluetooth/host/libsubsys__bluetooth__host.a(conn.c.obj)
                0x00000000080072cc                bt_conn_unref
 .text.bt_conn_data_ready
                0x000000000800733c       0xc0 zephyr/subsys/bluetooth/host/libsubsys__bluetooth__host.a(conn.c.obj)
                0x000000000800733c                bt_conn_data_ready
 .text.bt_conn_set_state
                0x00000000080073fc      0x230 zephyr/subsys/bluetooth/host/libsubsys__bluetooth__host.a(conn.c.obj)
                0x00000000080073fc                bt_conn_set_state
 .text.bt_conn_foreach
                0x000000000800762c       0x30 zephyr/subsys/bluetooth/host/libsubsys__bluetooth__host.a(conn.c.obj)
                0x000000000800762c                bt_conn_foreach
 .text.auto_initiated_procedures
                0x000000000800765c       0x10 zephyr/subsys/bluetooth/host/libsubsys__bluetooth__host.a(conn.c.obj)
 .text.bt_conn_lookup_handle
                0x000000000800766c       0x4c zephyr/subsys/bluetooth/host/libsubsys__bluetooth__host.a(conn.c.obj)
                0x000000000800766c                bt_conn_lookup_handle
 .text.bt_conn_index
                0x00000000080076b8       0x18 zephyr/subsys/bluetooth/host/libsubsys__bluetooth__host.a(conn.c.obj)
                0x00000000080076b8                bt_conn_index
 .text.bt_conn_create_pdu_timeout
                0x00000000080076d0       0x8c zephyr/subsys/bluetooth/host/libsubsys__bluetooth__host.a(conn.c.obj)
                0x00000000080076d0                bt_conn_create_pdu_timeout
 .text.bt_conn_connected
                0x000000000800775c       0x50 zephyr/subsys/bluetooth/host/libsubsys__bluetooth__host.a(conn.c.obj)
                0x000000000800775c                bt_conn_connected
 .text.bt_conn_tx_processor
                0x00000000080077ac      0x644 zephyr/subsys/bluetooth/host/libsubsys__bluetooth__host.a(conn.c.obj)
                0x00000000080077ac                bt_conn_tx_processor
 .text.bt_conn_notify_le_param_updated
                0x0000000008007df0       0xa8 zephyr/subsys/bluetooth/host/libsubsys__bluetooth__host.a(conn.c.obj)
                0x0000000008007df0                bt_conn_notify_le_param_updated
 .text.bt_conn_notify_le_phy_updated
                0x0000000008007e98       0x4c zephyr/subsys/bluetooth/host/libsubsys__bluetooth__host.a(conn.c.obj)
                0x0000000008007e98                bt_conn_notify_le_phy_updated
 .text.bt_conn_le_param_req
                0x0000000008007ee4       0x78 zephyr/subsys/bluetooth/host/libsubsys__bluetooth__host.a(conn.c.obj)
                0x0000000008007ee4                bt_conn_le_param_req
 .text.bt_conn_add_le
                0x0000000008007f5c       0x54 zephyr/subsys/bluetooth/host/libsubsys__bluetooth__host.a(conn.c.obj)
                0x0000000008007f5c                bt_conn_add_le
 .text.bt_conn_lookup_addr_le
                0x0000000008007fb0       0x34 zephyr/subsys/bluetooth/host/libsubsys__bluetooth__host.a(conn.c.obj)
                0x0000000008007fb0                bt_conn_lookup_addr_le
 .text.bt_conn_exists_le
                0x0000000008007fe4       0x6c zephyr/subsys/bluetooth/host/libsubsys__bluetooth__host.a(conn.c.obj)
                0x0000000008007fe4                bt_conn_exists_le
 .text.bt_conn_lookup_state_le
                0x0000000008008050       0x44 zephyr/subsys/bluetooth/host/libsubsys__bluetooth__host.a(conn.c.obj)
                0x0000000008008050                bt_conn_lookup_state_le
 .text.bt_conn_get_dst
                0x0000000008008094       0x44 zephyr/subsys/bluetooth/host/libsubsys__bluetooth__host.a(conn.c.obj)
                0x0000000008008094                bt_conn_get_dst
 .text.send_conn_le_param_update
                0x00000000080080d8       0xc0 zephyr/subsys/bluetooth/host/libsubsys__bluetooth__host.a(conn.c.obj)
 .text.deferred_work
                0x0000000008008198      0x14c zephyr/subsys/bluetooth/host/libsubsys__bluetooth__host.a(conn.c.obj)
 .text.bt_conn_init
                0x00000000080082e4       0x44 zephyr/subsys/bluetooth/host/libsubsys__bluetooth__host.a(conn.c.obj)
                0x00000000080082e4                bt_conn_init
 .text.l2cap_disconnected
                0x0000000008008328       0x38 zephyr/subsys/bluetooth/host/libsubsys__bluetooth__host.a(l2cap.c.obj)
 .text.l2cap_connected
                0x0000000008008360       0x38 zephyr/subsys/bluetooth/host/libsubsys__bluetooth__host.a(l2cap.c.obj)
 .text.l2cap_accept
                0x0000000008008398       0x7c zephyr/subsys/bluetooth/host/libsubsys__bluetooth__host.a(l2cap.c.obj)
 .text.l2cap_create_le_sig_pdu.part.0
                0x0000000008008414       0x1c zephyr/subsys/bluetooth/host/libsubsys__bluetooth__host.a(l2cap.c.obj)
 .text.raise_data_ready
                0x0000000008008430       0x90 zephyr/subsys/bluetooth/host/libsubsys__bluetooth__host.a(l2cap.c.obj)
 .text.lower_data_ready
                0x00000000080084c0       0x50 zephyr/subsys/bluetooth/host/libsubsys__bluetooth__host.a(l2cap.c.obj)
 .text.bt_l2cap_chan_add
                0x0000000008008510       0x50 zephyr/subsys/bluetooth/host/libsubsys__bluetooth__host.a(l2cap.c.obj)
                0x0000000008008510                bt_l2cap_chan_add
 .text.bt_l2cap_disconnected
                0x0000000008008560      0x12c zephyr/subsys/bluetooth/host/libsubsys__bluetooth__host.a(l2cap.c.obj)
                0x0000000008008560                bt_l2cap_disconnected
 .text.bt_l2cap_create_pdu_timeout
                0x000000000800868c       0x34 zephyr/subsys/bluetooth/host/libsubsys__bluetooth__host.a(l2cap.c.obj)
                0x000000000800868c                bt_l2cap_create_pdu_timeout
 .text.bt_l2cap_send_pdu
                0x00000000080086c0       0xcc zephyr/subsys/bluetooth/host/libsubsys__bluetooth__host.a(l2cap.c.obj)
                0x00000000080086c0                bt_l2cap_send_pdu
 .text.l2cap_data_pull
                0x000000000800878c      0x344 zephyr/subsys/bluetooth/host/libsubsys__bluetooth__host.a(l2cap.c.obj)
                0x000000000800878c                l2cap_data_pull
 .text.bt_l2cap_connected
                0x0000000008008ad0       0xa4 zephyr/subsys/bluetooth/host/libsubsys__bluetooth__host.a(l2cap.c.obj)
                0x0000000008008ad0                bt_l2cap_connected
 .text.l2cap_chan_sdu_sent
                0x0000000008008b74       0xa4 zephyr/subsys/bluetooth/host/libsubsys__bluetooth__host.a(l2cap.c.obj)
 .text.l2cap_recv.part.0
                0x0000000008008c18      0x110 zephyr/subsys/bluetooth/host/libsubsys__bluetooth__host.a(l2cap.c.obj)
 .text.l2cap_recv
                0x0000000008008d28       0x24 zephyr/subsys/bluetooth/host/libsubsys__bluetooth__host.a(l2cap.c.obj)
 .text.bt_l2cap_recv
                0x0000000008008d4c       0xc4 zephyr/subsys/bluetooth/host/libsubsys__bluetooth__host.a(l2cap.c.obj)
                0x0000000008008d4c                bt_l2cap_recv
 .text.bt_l2cap_update_conn_param
                0x0000000008008e10       0x50 zephyr/subsys/bluetooth/host/libsubsys__bluetooth__host.a(l2cap.c.obj)
                0x0000000008008e10                bt_l2cap_update_conn_param
 .text.att_op_get_type
                0x0000000008008e60       0x74 zephyr/subsys/bluetooth/host/libsubsys__bluetooth__host.a(att.c.obj)
 .text.send_err_rsp.part.0
                0x0000000008008ed4       0x14 zephyr/subsys/bluetooth/host/libsubsys__bluetooth__host.a(att.c.obj)
 .text.find_info_cb
                0x0000000008008ee8       0xf8 zephyr/subsys/bluetooth/host/libsubsys__bluetooth__host.a(att.c.obj)
 .text.bt_att_released
                0x0000000008008fe0       0x44 zephyr/subsys/bluetooth/host/libsubsys__bluetooth__host.a(att.c.obj)
 .text.chan_send
                0x0000000008009024      0x124 zephyr/subsys/bluetooth/host/libsubsys__bluetooth__host.a(att.c.obj)
 .text.bt_att_chan_send
                0x0000000008009148       0x50 zephyr/subsys/bluetooth/host/libsubsys__bluetooth__host.a(att.c.obj)
 .text.err_to_att
                0x0000000008009198       0x44 zephyr/subsys/bluetooth/host/libsubsys__bluetooth__host.a(att.c.obj)
 .text.write_cb
                0x00000000080091dc       0xa0 zephyr/subsys/bluetooth/host/libsubsys__bluetooth__host.a(att.c.obj)
 .text.bt_att_chan_req_send
                0x000000000800927c       0x9c zephyr/subsys/bluetooth/host/libsubsys__bluetooth__host.a(att.c.obj)
 .text.bt_att_connected
                0x0000000008009318       0x74 zephyr/subsys/bluetooth/host/libsubsys__bluetooth__host.a(att.c.obj)
 .text.bt_addr_le_to_str.constprop.0.isra.0
                0x000000000800938c       0x78 zephyr/subsys/bluetooth/host/libsubsys__bluetooth__host.a(att.c.obj)
 .text.read_group_cb
                0x0000000008009404       0xec zephyr/subsys/bluetooth/host/libsubsys__bluetooth__host.a(att.c.obj)
 .text.read_vl_cb
                0x00000000080094f0       0xb8 zephyr/subsys/bluetooth/host/libsubsys__bluetooth__host.a(att.c.obj)
 .text.read_cb  0x00000000080095a8       0x90 zephyr/subsys/bluetooth/host/libsubsys__bluetooth__host.a(att.c.obj)
 .text.read_type_cb
                0x0000000008009638       0xec zephyr/subsys/bluetooth/host/libsubsys__bluetooth__host.a(att.c.obj)
 .text.att_tx_destroy
                0x0000000008009724       0x64 zephyr/subsys/bluetooth/host/libsubsys__bluetooth__host.a(att.c.obj)
 .text.bt_att_chan_create_pdu
                0x0000000008009788       0xe0 zephyr/subsys/bluetooth/host/libsubsys__bluetooth__host.a(att.c.obj)
 .text.att_write_rsp.constprop.0
                0x0000000008009868       0xcc zephyr/subsys/bluetooth/host/libsubsys__bluetooth__host.a(att.c.obj)
 .text.att_write_req
                0x0000000008009934       0x60 zephyr/subsys/bluetooth/host/libsubsys__bluetooth__host.a(att.c.obj)
 .text.att_write_cmd
                0x0000000008009994       0x60 zephyr/subsys/bluetooth/host/libsubsys__bluetooth__host.a(att.c.obj)
 .text.bt_att_recv
                0x00000000080099f4      0x170 zephyr/subsys/bluetooth/host/libsubsys__bluetooth__host.a(att.c.obj)
 .text.find_type_cb
                0x0000000008009b64      0x1b8 zephyr/subsys/bluetooth/host/libsubsys__bluetooth__host.a(att.c.obj)
 .text.att_create_rsp_pdu
                0x0000000008009d1c       0x60 zephyr/subsys/bluetooth/host/libsubsys__bluetooth__host.a(att.c.obj)
 .text.att_read_group_req
                0x0000000008009d7c      0x13c zephyr/subsys/bluetooth/host/libsubsys__bluetooth__host.a(att.c.obj)
 .text.att_read_mult_vl_req
                0x0000000008009eb8       0xcc zephyr/subsys/bluetooth/host/libsubsys__bluetooth__host.a(att.c.obj)
 .text.att_read_mult_req
                0x0000000008009f84       0xcc zephyr/subsys/bluetooth/host/libsubsys__bluetooth__host.a(att.c.obj)
 .text.att_read_rsp
                0x000000000800a050       0x90 zephyr/subsys/bluetooth/host/libsubsys__bluetooth__host.a(att.c.obj)
 .text.att_read_blob_req
                0x000000000800a0e0       0x54 zephyr/subsys/bluetooth/host/libsubsys__bluetooth__host.a(att.c.obj)
 .text.att_read_req
                0x000000000800a134       0x50 zephyr/subsys/bluetooth/host/libsubsys__bluetooth__host.a(att.c.obj)
 .text.att_read_type_req
                0x000000000800a184      0x15c zephyr/subsys/bluetooth/host/libsubsys__bluetooth__host.a(att.c.obj)
 .text.att_find_type_req
                0x000000000800a2e0      0x100 zephyr/subsys/bluetooth/host/libsubsys__bluetooth__host.a(att.c.obj)
 .text.att_find_info_req
                0x000000000800a3e0       0xa8 zephyr/subsys/bluetooth/host/libsubsys__bluetooth__host.a(att.c.obj)
 .text.att_mtu_req
                0x000000000800a488       0xd8 zephyr/subsys/bluetooth/host/libsubsys__bluetooth__host.a(att.c.obj)
 .text.bt_att_accept
                0x000000000800a560      0x180 zephyr/subsys/bluetooth/host/libsubsys__bluetooth__host.a(att.c.obj)
 .text.bt_att_sent
                0x000000000800a6e0       0xc8 zephyr/subsys/bluetooth/host/libsubsys__bluetooth__host.a(att.c.obj)
 .text.att_get  0x000000000800a7a8       0x4c zephyr/subsys/bluetooth/host/libsubsys__bluetooth__host.a(att.c.obj)
 .text.bt_att_status
                0x000000000800a7f4       0xa4 zephyr/subsys/bluetooth/host/libsubsys__bluetooth__host.a(att.c.obj)
 .text.att_tx_destroy_work_handler
                0x000000000800a898      0x2a8 zephyr/subsys/bluetooth/host/libsubsys__bluetooth__host.a(att.c.obj)
 .text.bt_att_create_pdu
                0x000000000800ab40       0x64 zephyr/subsys/bluetooth/host/libsubsys__bluetooth__host.a(att.c.obj)
                0x000000000800ab40                bt_att_create_pdu
 .text.bt_att_req_alloc
                0x000000000800aba4       0xd8 zephyr/subsys/bluetooth/host/libsubsys__bluetooth__host.a(att.c.obj)
                0x000000000800aba4                bt_att_req_alloc
 .text.bt_att_req_free
                0x000000000800ac7c       0x50 zephyr/subsys/bluetooth/host/libsubsys__bluetooth__host.a(att.c.obj)
                0x000000000800ac7c                bt_att_req_free
 .text.att_handle_rsp
                0x000000000800accc       0xd0 zephyr/subsys/bluetooth/host/libsubsys__bluetooth__host.a(att.c.obj)
 .text.att_confirm
                0x000000000800ad9c       0x44 zephyr/subsys/bluetooth/host/libsubsys__bluetooth__host.a(att.c.obj)
 .text.bt_att_disconnected
                0x000000000800ade0      0x158 zephyr/subsys/bluetooth/host/libsubsys__bluetooth__host.a(att.c.obj)
 .text.att_disconnect
                0x000000000800af38       0x78 zephyr/subsys/bluetooth/host/libsubsys__bluetooth__host.a(att.c.obj)
 .text.att_timeout
                0x000000000800afb0       0x54 zephyr/subsys/bluetooth/host/libsubsys__bluetooth__host.a(att.c.obj)
 .text.bt_att_req_send
                0x000000000800b004       0x70 zephyr/subsys/bluetooth/host/libsubsys__bluetooth__host.a(att.c.obj)
                0x000000000800b004                bt_att_req_send
 .text.bt_att_set_tx_meta_data
                0x000000000800b074       0x24 zephyr/subsys/bluetooth/host/libsubsys__bluetooth__host.a(att.c.obj)
                0x000000000800b074                bt_att_set_tx_meta_data
 .text.gatt_indicate_rsp
                0x000000000800b098       0x70 zephyr/subsys/bluetooth/host/libsubsys__bluetooth__host.a(gatt.c.obj)
 .text.find_cf_cfg
                0x000000000800b108       0x30 zephyr/subsys/bluetooth/host/libsubsys__bluetooth__host.a(gatt.c.obj)
 .text.find_ccc_cfg
                0x000000000800b138       0x28 zephyr/subsys/bluetooth/host/libsubsys__bluetooth__host.a(gatt.c.obj)
 .text.find_sc_cfg
                0x000000000800b160       0x70 zephyr/subsys/bluetooth/host/libsubsys__bluetooth__host.a(gatt.c.obj)
 .text.gatt_ccc_changed
                0x000000000800b1d0       0x68 zephyr/subsys/bluetooth/host/libsubsys__bluetooth__host.a(gatt.c.obj)
 .text.clear_cf_cfg
                0x000000000800b238       0x2c zephyr/subsys/bluetooth/host/libsubsys__bluetooth__host.a(gatt.c.obj)
 .text.db_hash_update
                0x000000000800b264       0x24 zephyr/subsys/bluetooth/host/libsubsys__bluetooth__host.a(gatt.c.obj)
 .text.disconnected_cb.part.0
                0x000000000800b288       0xc8 zephyr/subsys/bluetooth/host/libsubsys__bluetooth__host.a(gatt.c.obj)
 .text.disconnected_cb
                0x000000000800b350       0x18 zephyr/subsys/bluetooth/host/libsubsys__bluetooth__host.a(gatt.c.obj)
 .text.bt_gatt_attr_write_ccc
                0x000000000800b368       0xf4 zephyr/subsys/bluetooth/host/libsubsys__bluetooth__host.a(gatt.c.obj)
                0x000000000800b368                bt_gatt_attr_write_ccc
 .text.sc_save  0x000000000800b45c       0xe0 zephyr/subsys/bluetooth/host/libsubsys__bluetooth__host.a(gatt.c.obj)
 .text.sc_ccc_cfg_write
                0x000000000800b53c       0x58 zephyr/subsys/bluetooth/host/libsubsys__bluetooth__host.a(gatt.c.obj)
 .text.set_change_aware_no_store.constprop.0.isra.0
                0x000000000800b594       0x4c zephyr/subsys/bluetooth/host/libsubsys__bluetooth__host.a(gatt.c.obj)
 .text.cf_write
                0x000000000800b5e0      0x104 zephyr/subsys/bluetooth/host/libsubsys__bluetooth__host.a(gatt.c.obj)
 .text.sc_restore_rsp
                0x000000000800b6e4       0xa4 zephyr/subsys/bluetooth/host/libsubsys__bluetooth__host.a(gatt.c.obj)
 .text.sc_indicate_rsp
                0x000000000800b788       0x8c zephyr/subsys/bluetooth/host/libsubsys__bluetooth__host.a(gatt.c.obj)
 .text.bt_gatt_init
                0x000000000800b814       0x78 zephyr/subsys/bluetooth/host/libsubsys__bluetooth__host.a(gatt.c.obj)
                0x000000000800b814                bt_gatt_init
 .text.bt_gatt_attr_read
                0x000000000800b88c       0xa0 zephyr/subsys/bluetooth/host/libsubsys__bluetooth__host.a(gatt.c.obj)
                0x000000000800b88c                bt_gatt_attr_read
 .text.read_ppcp
                0x000000000800b92c       0x2c zephyr/subsys/bluetooth/host/libsubsys__bluetooth__host.a(gatt.c.obj)
 .text.bt_gatt_attr_get_handle
                0x000000000800b958       0x60 zephyr/subsys/bluetooth/host/libsubsys__bluetooth__host.a(gatt.c.obj)
                0x000000000800b958                bt_gatt_attr_get_handle
 .text.bt_gatt_foreach_attr_type
                0x000000000800b9b8       0xb4 zephyr/subsys/bluetooth/host/libsubsys__bluetooth__host.a(gatt.c.obj)
                0x000000000800b9b8                bt_gatt_foreach_attr_type
 .text.db_hash_gen
                0x000000000800ba6c      0x128 zephyr/subsys/bluetooth/host/libsubsys__bluetooth__host.a(gatt.c.obj)
 .text.db_hash_read
                0x000000000800bb94       0x80 zephyr/subsys/bluetooth/host/libsubsys__bluetooth__host.a(gatt.c.obj)
 .text.db_hash_process
                0x000000000800bc14       0x1c zephyr/subsys/bluetooth/host/libsubsys__bluetooth__host.a(gatt.c.obj)
 .text.bt_gatt_attr_next
                0x000000000800bc30       0x24 zephyr/subsys/bluetooth/host/libsubsys__bluetooth__host.a(gatt.c.obj)
                0x000000000800bc30                bt_gatt_attr_next
 .text.bt_gatt_is_subscribed
                0x000000000800bc54      0x17c zephyr/subsys/bluetooth/host/libsubsys__bluetooth__host.a(gatt.c.obj)
                0x000000000800bc54                bt_gatt_is_subscribed
 .text.gatt_indicate
                0x000000000800bdd0      0x150 zephyr/subsys/bluetooth/host/libsubsys__bluetooth__host.a(gatt.c.obj)
 .text.bt_gatt_indicate
                0x000000000800bf20       0xf4 zephyr/subsys/bluetooth/host/libsubsys__bluetooth__host.a(gatt.c.obj)
                0x000000000800bf20                bt_gatt_indicate
 .text.sc_process
                0x000000000800c014       0xa8 zephyr/subsys/bluetooth/host/libsubsys__bluetooth__host.a(gatt.c.obj)
 .text.update_ccc
                0x000000000800c0bc      0x15c zephyr/subsys/bluetooth/host/libsubsys__bluetooth__host.a(gatt.c.obj)
 .text.gatt_notify
                0x000000000800c218      0x114 zephyr/subsys/bluetooth/host/libsubsys__bluetooth__host.a(gatt.c.obj)
 .text.bt_gatt_notify_cb
                0x000000000800c32c       0xec zephyr/subsys/bluetooth/host/libsubsys__bluetooth__host.a(gatt.c.obj)
                0x000000000800c32c                bt_gatt_notify_cb
 .text.notify_cb
                0x000000000800c418      0x13c zephyr/subsys/bluetooth/host/libsubsys__bluetooth__host.a(gatt.c.obj)
 .text.bt_gatt_connected
                0x000000000800c554       0x54 zephyr/subsys/bluetooth/host/libsubsys__bluetooth__host.a(gatt.c.obj)
                0x000000000800c554                bt_gatt_connected
 .text.bt_gatt_att_max_mtu_changed
                0x000000000800c5a8       0x40 zephyr/subsys/bluetooth/host/libsubsys__bluetooth__host.a(gatt.c.obj)
                0x000000000800c5a8                bt_gatt_att_max_mtu_changed
 .text.bt_gatt_disconnected
                0x000000000800c5e8       0x74 zephyr/subsys/bluetooth/host/libsubsys__bluetooth__host.a(gatt.c.obj)
                0x000000000800c5e8                bt_gatt_disconnected
 .text.bt_smp_accept
                0x000000000800c65c       0x7c zephyr/subsys/bluetooth/host/libsubsys__bluetooth__host.a(smp_null.c.obj)
 .text.z_stm32_hsem_lock.constprop.0
                0x000000000800c6d8       0x34 zephyr/drivers/interrupt_controller/libdrivers__interrupt_controller.a(intc_exti_stm32.c.obj)
 .text.stm32_exti_is_pending
                0x000000000800c70c       0x50 zephyr/drivers/interrupt_controller/libdrivers__interrupt_controller.a(intc_exti_stm32.c.obj)
                0x000000000800c70c                stm32_exti_is_pending
 .text.stm32_exti_clear_pending
                0x000000000800c75c       0x4c zephyr/drivers/interrupt_controller/libdrivers__interrupt_controller.a(intc_exti_stm32.c.obj)
                0x000000000800c75c                stm32_exti_clear_pending
 .text.stm32_fill_irq_table
                0x000000000800c7a8       0x18 zephyr/drivers/interrupt_controller/libdrivers__interrupt_controller.a(intc_gpio_stm32.c.obj)
 .text.stm32_intc_gpio_isr
                0x000000000800c7c0       0x4c zephyr/drivers/interrupt_controller/libdrivers__interrupt_controller.a(intc_gpio_stm32.c.obj)
 .text.z_stm32_hsem_lock.constprop.0
                0x000000000800c80c       0x34 zephyr/drivers/interrupt_controller/libdrivers__interrupt_controller.a(intc_gpio_stm32.c.obj)
 .text.stm32_gpio_intc_enable_line
                0x000000000800c840       0x30 zephyr/drivers/interrupt_controller/libdrivers__interrupt_controller.a(intc_gpio_stm32.c.obj)
                0x000000000800c840                stm32_gpio_intc_enable_line
 .text.stm32_gpio_intc_disable_line
                0x000000000800c870       0x14 zephyr/drivers/interrupt_controller/libdrivers__interrupt_controller.a(intc_gpio_stm32.c.obj)
                0x000000000800c870                stm32_gpio_intc_disable_line
 .text.stm32_gpio_intc_select_line_trigger
                0x000000000800c884       0x64 zephyr/drivers/interrupt_controller/libdrivers__interrupt_controller.a(intc_gpio_stm32.c.obj)
                0x000000000800c884                stm32_gpio_intc_select_line_trigger
 .text.stm32_gpio_intc_set_irq_callback
                0x000000000800c8e8       0x40 zephyr/drivers/interrupt_controller/libdrivers__interrupt_controller.a(intc_gpio_stm32.c.obj)
                0x000000000800c8e8                stm32_gpio_intc_set_irq_callback
 .text.stm32_gpio_intc_remove_irq_callback
                0x000000000800c928       0x24 zephyr/drivers/interrupt_controller/libdrivers__interrupt_controller.a(intc_gpio_stm32.c.obj)
                0x000000000800c928                stm32_gpio_intc_remove_irq_callback
 .text.stm32_exti_set_line_src_port
                0x000000000800c94c       0x50 zephyr/drivers/interrupt_controller/libdrivers__interrupt_controller.a(intc_gpio_stm32.c.obj)
                0x000000000800c94c                stm32_exti_set_line_src_port
 .text.stm32_exti_get_line_src_port
                0x000000000800c99c       0x38 zephyr/drivers/interrupt_controller/libdrivers__interrupt_controller.a(intc_gpio_stm32.c.obj)
                0x000000000800c99c                stm32_exti_get_line_src_port
 .text.adc_stm32_isr_18
                0x000000000800c9d4       0xe8 zephyr/drivers/adc/libdrivers__adc.a(adc_stm32.c.obj)
 .text.adc_stm32_channel_setup
                0x000000000800cabc      0x17c zephyr/drivers/adc/libdrivers__adc.a(adc_stm32.c.obj)
 .text.adc_stm32_calibrate.isra.0
                0x000000000800cc38       0x6c zephyr/drivers/adc/libdrivers__adc.a(adc_stm32.c.obj)
 .text.adc_stm32_init
                0x000000000800cca4      0x138 zephyr/drivers/adc/libdrivers__adc.a(adc_stm32.c.obj)
 .text.adc_stm32_read
                0x000000000800cddc      0x2dc zephyr/drivers/adc/libdrivers__adc.a(adc_stm32.c.obj)
 .text.TM_EvtReceivedCb
                0x000000000800d0b8        0xc zephyr/drivers/bluetooth/libdrivers__bluetooth.a(ipm_stm32wb.c.obj)
                0x000000000800d0b8                TM_EvtReceivedCb
 .text.TM_AclDataAck
                0x000000000800d0c4        0xc zephyr/drivers/bluetooth/libdrivers__bluetooth.a(ipm_stm32wb.c.obj)
 .text.bt_ipm_setup.part.0
                0x000000000800d0d0       0x34 zephyr/drivers/bluetooth/libdrivers__bluetooth.a(ipm_stm32wb.c.obj)
 .text.syscmd_status_not
                0x000000000800d104       0x34 zephyr/drivers/bluetooth/libdrivers__bluetooth.a(ipm_stm32wb.c.obj)
 .text.bt_ipm_close
                0x000000000800d138       0x7c zephyr/drivers/bluetooth/libdrivers__bluetooth.a(ipm_stm32wb.c.obj)
 .text.sysevt_received
                0x000000000800d1b4        0xc zephyr/drivers/bluetooth/libdrivers__bluetooth.a(ipm_stm32wb.c.obj)
 .text.bt_ipm_rx_thread
                0x000000000800d1c0      0x224 zephyr/drivers/bluetooth/libdrivers__bluetooth.a(ipm_stm32wb.c.obj)
 .text.bt_ipm_send
                0x000000000800d3e4      0x100 zephyr/drivers/bluetooth/libdrivers__bluetooth.a(ipm_stm32wb.c.obj)
 .text.shci_cmd_resp_release
                0x000000000800d4e4        0xc zephyr/drivers/bluetooth/libdrivers__bluetooth.a(ipm_stm32wb.c.obj)
                0x000000000800d4e4                shci_cmd_resp_release
 .text.shci_cmd_resp_wait
                0x000000000800d4f0       0x10 zephyr/drivers/bluetooth/libdrivers__bluetooth.a(ipm_stm32wb.c.obj)
                0x000000000800d4f0                shci_cmd_resp_wait
 .text.ipcc_reset
                0x000000000800d500       0x48 zephyr/drivers/bluetooth/libdrivers__bluetooth.a(ipm_stm32wb.c.obj)
                0x000000000800d500                ipcc_reset
 .text.transport_init
                0x000000000800d548      0x150 zephyr/drivers/bluetooth/libdrivers__bluetooth.a(ipm_stm32wb.c.obj)
                0x000000000800d548                transport_init
 .text.c2_reset
                0x000000000800d698      0x110 zephyr/drivers/bluetooth/libdrivers__bluetooth.a(ipm_stm32wb.c.obj)
 .text.bt_ipm_open
                0x000000000800d7a8       0xa0 zephyr/drivers/bluetooth/libdrivers__bluetooth.a(ipm_stm32wb.c.obj)
 .text.bt_get_ble_addr
                0x000000000800d848       0x34 zephyr/drivers/bluetooth/libdrivers__bluetooth.a(ipm_stm32wb.c.obj)
                0x000000000800d848                bt_get_ble_addr
 .text.bt_ipm_setup
                0x000000000800d87c       0xa4 zephyr/drivers/bluetooth/libdrivers__bluetooth.a(ipm_stm32wb.c.obj)
 .text.stm32_clock_control_get_subsys_rate
                0x000000000800d920       0x80 zephyr/drivers/clock_control/libdrivers__clock_control.a(clock_stm32_ll_common.c.obj)
 .text.z_stm32_hsem_lock.constprop.0
                0x000000000800d9a0       0x38 zephyr/drivers/clock_control/libdrivers__clock_control.a(clock_stm32_ll_common.c.obj)
 .text.stm32_clock_control_init
                0x000000000800d9d8      0x120 zephyr/drivers/clock_control/libdrivers__clock_control.a(clock_stm32_ll_common.c.obj)
                0x000000000800d9d8                stm32_clock_control_init
 .text.uart_console_init
                0x000000000800daf8       0x28 zephyr/drivers/console/libdrivers__console.a(uart_console.c.obj)
 .text.console_out
                0x000000000800db20       0x28 zephyr/drivers/console/libdrivers__console.a(uart_console.c.obj)
 .text.z_stm32_hsem_lock.constprop.0
                0x000000000800db48       0x18 zephyr/drivers/entropy/libdrivers__entropy.a(entropy_stm32.c.obj)
 .text.entropy_stm32_suspend.isra.0
                0x000000000800db60       0x38 zephyr/drivers/entropy/libdrivers__entropy.a(entropy_stm32.c.obj)
 .text.acquire_rng
                0x000000000800db98       0x44 zephyr/drivers/entropy/libdrivers__entropy.a(entropy_stm32.c.obj)
 .text.start_pool_filling
                0x000000000800dbdc       0x5c zephyr/drivers/entropy/libdrivers__entropy.a(entropy_stm32.c.obj)
 .text.rng_pool_get
                0x000000000800dc38       0x94 zephyr/drivers/entropy/libdrivers__entropy.a(entropy_stm32.c.obj)
 .text.entropy_stm32_rng_get_entropy
                0x000000000800dccc       0x58 zephyr/drivers/entropy/libdrivers__entropy.a(entropy_stm32.c.obj)
 .text.entropy_stm32_rng_init
                0x000000000800dd24       0x94 zephyr/drivers/entropy/libdrivers__entropy.a(entropy_stm32.c.obj)
 .text.random_sample_get
                0x000000000800ddb8       0x60 zephyr/drivers/entropy/libdrivers__entropy.a(entropy_stm32.c.obj)
 .text.entropy_stm32_rng_get_entropy_isr
                0x000000000800de18      0x100 zephyr/drivers/entropy/libdrivers__entropy.a(entropy_stm32.c.obj)
 .text.stm32_rng_isr
                0x000000000800df18       0xc4 zephyr/drivers/entropy/libdrivers__entropy.a(entropy_stm32.c.obj)
 .text.gpio_stm32_pin_interrupt_configure
                0x000000000800dfdc       0xb0 zephyr/drivers/gpio/libdrivers__gpio.a(gpio_stm32.c.obj)
 .text.z_stm32_hsem_lock.constprop.0
                0x000000000800e08c       0x34 zephyr/drivers/gpio/libdrivers__gpio.a(gpio_stm32.c.obj)
 .text.gpio_stm32_port_toggle_bits
                0x000000000800e0c0       0x24 zephyr/drivers/gpio/libdrivers__gpio.a(gpio_stm32.c.obj)
 .text.gpio_stm32_port_set_masked_raw
                0x000000000800e0e4       0x28 zephyr/drivers/gpio/libdrivers__gpio.a(gpio_stm32.c.obj)
 .text.gpio_stm32_configure_raw.isra.0
                0x000000000800e10c      0x120 zephyr/drivers/gpio/libdrivers__gpio.a(gpio_stm32.c.obj)
 .text.gpio_stm32_init
                0x000000000800e22c       0x38 zephyr/drivers/gpio/libdrivers__gpio.a(gpio_stm32.c.obj)
 .text.i2c_stm32_get_config.part.0
                0x000000000800e264       0x1c zephyr/drivers/i2c/libdrivers__i2c.a(i2c_stm32.c.obj)
 .text.i2c_stm32_set_smbus_mode
                0x000000000800e280       0x54 zephyr/drivers/i2c/libdrivers__i2c.a(i2c_stm32.c.obj)
                0x000000000800e280                i2c_stm32_set_smbus_mode
 .text.i2c_stm32_runtime_configure
                0x000000000800e2d4       0x88 zephyr/drivers/i2c/libdrivers__i2c.a(i2c_stm32.c.obj)
                0x000000000800e2d4                i2c_stm32_runtime_configure
 .text.i2c_stm32_init
                0x000000000800e35c       0xd4 zephyr/drivers/i2c/libdrivers__i2c.a(i2c_stm32.c.obj)
 .text.i2c_stm32_activate
                0x000000000800e430       0x68 zephyr/drivers/i2c/libdrivers__i2c.a(i2c_stm32_common.c.obj)
                0x000000000800e430                i2c_stm32_activate
 .text.i2c_stm32_configure_timing
                0x000000000800e498      0x14c zephyr/drivers/i2c/libdrivers__i2c.a(i2c_stm32_v2.c.obj)
                0x000000000800e498                i2c_stm32_configure_timing
 .text.pinctrl_configure_pins
                0x000000000800e5e4       0x84 zephyr/drivers/pinctrl/libdrivers__pinctrl.a(pinctrl_stm32.c.obj)
                0x000000000800e5e4                pinctrl_configure_pins
 .text.bmp180_sample_fetch
                0x000000000800e668       0xa0 zephyr/drivers/sensor/bosch/bmp180/libdrivers__sensor__bosch__bmp180.a(bmp180.c.obj)
 .text.bmp180_init
                0x000000000800e708       0xdc zephyr/drivers/sensor/bosch/bmp180/libdrivers__sensor__bosch__bmp180.a(bmp180.c.obj)
 .text.bmp180_channel_get
                0x000000000800e7e4      0x1e4 zephyr/drivers/sensor/bosch/bmp180/libdrivers__sensor__bosch__bmp180.a(bmp180.c.obj)
 .text.stm32_temp_channel_get
                0x000000000800e9c8       0xf0 zephyr/drivers/sensor/st/stm32_temp/libdrivers__sensor__st__stm32_temp.a(stm32_temp.c.obj)
 .text.stm32_temp_sample_fetch
                0x000000000800eab8       0x84 zephyr/drivers/sensor/st/stm32_temp/libdrivers__sensor__st__stm32_temp.a(stm32_temp.c.obj)
 .text.stm32_temp_init
                0x000000000800eb3c       0x80 zephyr/drivers/sensor/st/stm32_temp/libdrivers__sensor__st__stm32_temp.a(stm32_temp.c.obj)
 .text.stm32_vbat_sample_fetch
                0x000000000800ebbc       0x7c zephyr/drivers/sensor/st/stm32_vbat/libdrivers__sensor__st__stm32_vbat.a(stm32_vbat.c.obj)
 .text.stm32_vbat_init
                0x000000000800ec38       0x94 zephyr/drivers/sensor/st/stm32_vbat/libdrivers__sensor__st__stm32_vbat.a(stm32_vbat.c.obj)
 .text.stm32_vref_channel_get.part.0
                0x000000000800eccc       0x1c zephyr/drivers/sensor/st/stm32_vref/libdrivers__sensor__st__stm32_vref.a(stm32_vref.c.obj)
 .text.stm32_vref_sample_fetch
                0x000000000800ece8       0x84 zephyr/drivers/sensor/st/stm32_vref/libdrivers__sensor__st__stm32_vref.a(stm32_vref.c.obj)
 .text.stm32_vref_init
                0x000000000800ed6c       0x80 zephyr/drivers/sensor/st/stm32_vref/libdrivers__sensor__st__stm32_vref.a(stm32_vref.c.obj)
 .text.uart_stm32_cfg2ll_stopbits
                0x000000000800edec       0x38 zephyr/drivers/serial/libdrivers__serial.a(uart_stm32.c.obj)
 .text.lpuartdiv_calc
                0x000000000800ee24       0x30 zephyr/drivers/serial/libdrivers__serial.a(uart_stm32.c.obj)
                0x000000000800ee24                lpuartdiv_calc
 .text.uart_stm32_set_baudrate
                0x000000000800ee54      0x11c zephyr/drivers/serial/libdrivers__serial.a(uart_stm32.c.obj)
 .text.uart_stm32_configure
                0x000000000800ef70       0xe4 zephyr/drivers/serial/libdrivers__serial.a(uart_stm32.c.obj)
 .text.uart_stm32_init
                0x000000000800f054      0x1b0 zephyr/drivers/serial/libdrivers__serial.a(uart_stm32.c.obj)
 .text.elapsed  0x000000000800f204       0x4c zephyr/drivers/timer/libdrivers__timer.a(cortex_m_systick.c.obj)
 .text.sys_clock_driver_init
                0x000000000800f250       0x38 zephyr/drivers/timer/libdrivers__timer.a(cortex_m_systick.c.obj)
 .text.sys_clock_isr
                0x000000000800f288       0x50 zephyr/drivers/timer/libdrivers__timer.a(cortex_m_systick.c.obj)
                0x000000000800f288                sys_clock_isr
 .text.sys_clock_set_timeout
                0x000000000800f2d8       0xdc zephyr/drivers/timer/libdrivers__timer.a(cortex_m_systick.c.obj)
                0x000000000800f2d8                sys_clock_set_timeout
 .text.sys_clock_elapsed
                0x000000000800f3b4       0x3c zephyr/drivers/timer/libdrivers__timer.a(cortex_m_systick.c.obj)
                0x000000000800f3b4                sys_clock_elapsed
 .text.sys_clock_cycle_get_32
                0x000000000800f3f0       0x28 zephyr/drivers/timer/libdrivers__timer.a(cortex_m_systick.c.obj)
                0x000000000800f3f0                sys_clock_cycle_get_32
 .text.HAL_RCC_GetSysClockFreq
                0x000000000800f418       0xa4 modules/hal_stm32/stm32cube/lib..__modules__hal__stm32__stm32cube.a(stm32wbxx_hal_rcc.c.obj)
                0x000000000800f418                HAL_RCC_GetSysClockFreq
 .text.HAL_NVIC_EnableIRQ
                0x000000000800f4bc       0x1c modules/hal_stm32/stm32cube/lib..__modules__hal__stm32__stm32cube.a(stm32wbxx_hal_cortex.c.obj)
                0x000000000800f4bc                HAL_NVIC_EnableIRQ
 .text.LL_SetFlashLatency
                0x000000000800f4d8       0xc0 modules/hal_stm32/stm32cube/lib..__modules__hal__stm32__stm32cube.a(stm32wbxx_ll_utils.c.obj)
                0x000000000800f4d8                LL_SetFlashLatency
 .text.mbedtls_aes_setkey_enc
                0x000000000800f598      0x198 modules/mbedtls/libmbedTLSBase.a(aes.c.obj)
                0x000000000800f598                mbedtls_aes_setkey_enc
 .text.mbedtls_aes_setkey_dec
                0x000000000800f730      0x108 modules/mbedtls/libmbedTLSBase.a(aes.c.obj)
                0x000000000800f730                mbedtls_aes_setkey_dec
 .text.mbedtls_internal_aes_encrypt
                0x000000000800f838      0x37c modules/mbedtls/libmbedTLSBase.a(aes.c.obj)
                0x000000000800f838                mbedtls_internal_aes_encrypt
 .text.mbedtls_internal_aes_decrypt
                0x000000000800fbb4      0x37c modules/mbedtls/libmbedTLSBase.a(aes.c.obj)
                0x000000000800fbb4                mbedtls_internal_aes_decrypt
 .text.mbedtls_cipher_info_from_values
                0x000000000800ff30       0x3c modules/mbedtls/libmbedTLSBase.a(cipher.c.obj)
                0x000000000800ff30                mbedtls_cipher_info_from_values
 .text.mbedtls_cipher_free
                0x000000000800ff6c       0x5c modules/mbedtls/libmbedTLSBase.a(cipher.c.obj)
                0x000000000800ff6c                mbedtls_cipher_free
 .text.mbedtls_cipher_setup
                0x000000000800ffc8       0x40 modules/mbedtls/libmbedTLSBase.a(cipher.c.obj)
                0x000000000800ffc8                mbedtls_cipher_setup
 .text.mbedtls_cipher_setkey
                0x0000000008010008      0x110 modules/mbedtls/libmbedTLSBase.a(cipher.c.obj)
                0x0000000008010008                mbedtls_cipher_setkey
 .text.mbedtls_cipher_update
                0x0000000008010118      0x1a8 modules/mbedtls/libmbedTLSBase.a(cipher.c.obj)
                0x0000000008010118                mbedtls_cipher_update
 .text.cmac_multiply_by_u.part.0
                0x00000000080102c0       0x44 modules/mbedtls/libmbedTLSBase.a(cmac.c.obj)
 .text.mbedtls_cipher_cmac_starts
                0x0000000008010304       0x50 modules/mbedtls/libmbedTLSBase.a(cmac.c.obj)
                0x0000000008010304                mbedtls_cipher_cmac_starts
 .text.mbedtls_cipher_cmac_update
                0x0000000008010354      0x10c modules/mbedtls/libmbedTLSBase.a(cmac.c.obj)
                0x0000000008010354                mbedtls_cipher_cmac_update
 .text.mbedtls_cipher_cmac_finish
                0x0000000008010460      0x19c modules/mbedtls/libmbedTLSBase.a(cmac.c.obj)
                0x0000000008010460                mbedtls_cipher_cmac_finish
 .text.mbedtls_platform_zeroize
                0x00000000080105fc       0x18 modules/mbedtls/libmbedTLSBase.a(platform_util.c.obj)
                0x00000000080105fc                mbedtls_platform_zeroize
 .text.mbedtls_calloc
                0x0000000008010614        0xc modules/mbedtls/libmbedTLSBase.a(platform.c.obj)
                0x0000000008010614                mbedtls_calloc
 .text.mbedtls_free
                0x0000000008010620        0xc modules/mbedtls/libmbedTLSBase.a(platform.c.obj)
                0x0000000008010620                mbedtls_free
 .text.mbedtls_cipher_values_from_psa
                0x000000000801062c       0x68 modules/mbedtls/libmbedTLSCrypto.a(psa_crypto_cipher.c.obj)
                0x000000000801062c                mbedtls_cipher_values_from_psa
 .text.psa_mac_finish_internal
                0x0000000008010694       0x44 modules/mbedtls/libmbedTLSCrypto.a(psa_crypto_mac.c.obj)
 .text.mbedtls_psa_mac_abort
                0x00000000080106d8       0x34 modules/mbedtls/libmbedTLSCrypto.a(psa_crypto_mac.c.obj)
                0x00000000080106d8                mbedtls_psa_mac_abort
 .text.psa_mac_setup.constprop.0
                0x000000000801070c       0x80 modules/mbedtls/libmbedTLSCrypto.a(psa_crypto_mac.c.obj)
 .text.mbedtls_psa_mac_update
                0x000000000801078c       0x28 modules/mbedtls/libmbedTLSCrypto.a(psa_crypto_mac.c.obj)
                0x000000000801078c                mbedtls_psa_mac_update
 .text.psa_mac_key_can_do
                0x00000000080107b4       0x40 modules/mbedtls/libmbedTLSCrypto.a(psa_crypto.c.obj)
 .text.psa_key_algorithm_permits
                0x00000000080107f4      0x1f8 modules/mbedtls/libmbedTLSCrypto.a(psa_crypto.c.obj)
 .text.psa_generate_random_internal
                0x00000000080109ec       0x3c modules/mbedtls/libmbedTLSCrypto.a(psa_crypto.c.obj)
 .text.psa_get_and_lock_key_slot_with_policy
                0x0000000008010a28       0xdc modules/mbedtls/libmbedTLSCrypto.a(psa_crypto.c.obj)
 .text.psa_mac_finalize_alg_and_key_validation.isra.0
                0x0000000008010b04       0xe0 modules/mbedtls/libmbedTLSCrypto.a(psa_crypto.c.obj)
 .text.mbedtls_psa_crypto_free
                0x0000000008010be4       0x50 modules/mbedtls/libmbedTLSCrypto.a(psa_crypto.c.obj)
                0x0000000008010be4                mbedtls_psa_crypto_free
 .text.psa_crypto_init
                0x0000000008010c34       0x6c modules/mbedtls/libmbedTLSCrypto.a(psa_crypto.c.obj)
                0x0000000008010c34                psa_crypto_init
 .text.psa_get_and_lock_key_slot_in_memory
                0x0000000008010ca0       0x7c modules/mbedtls/libmbedTLSCrypto.a(psa_crypto_slot_management.c.obj)
 .text.psa_initialize_key_slots
                0x0000000008010d1c       0x10 modules/mbedtls/libmbedTLSCrypto.a(psa_crypto_slot_management.c.obj)
                0x0000000008010d1c                psa_initialize_key_slots
 .text.psa_wipe_all_key_slots
                0x0000000008010d2c       0x34 modules/mbedtls/libmbedTLSCrypto.a(psa_crypto_slot_management.c.obj)
                0x0000000008010d2c                psa_wipe_all_key_slots
 .text.psa_reserve_free_key_slot
                0x0000000008010d60       0x8c modules/mbedtls/libmbedTLSCrypto.a(psa_crypto_slot_management.c.obj)
                0x0000000008010d60                psa_reserve_free_key_slot
 .text.psa_get_and_lock_key_slot
                0x0000000008010dec       0x2c modules/mbedtls/libmbedTLSCrypto.a(psa_crypto_slot_management.c.obj)
                0x0000000008010dec                psa_get_and_lock_key_slot
 .text.k_sys_fatal_error_handler
                0x0000000008010e18       0x20 zephyr/kernel/libkernel.a(fatal.c.obj)
                0x0000000008010e18                k_sys_fatal_error_handler
 .text.z_fatal_error
                0x0000000008010e38       0xe8 zephyr/kernel/libkernel.a(fatal.c.obj)
                0x0000000008010e38                z_fatal_error
 .text.z_sys_init_run_level
                0x0000000008010f20       0x30 zephyr/kernel/libkernel.a(init.c.obj)
 .text.bg_thread_main
                0x0000000008010f50       0xc0 zephyr/kernel/libkernel.a(init.c.obj)
 .text.z_init_cpu
                0x0000000008011010       0x70 zephyr/kernel/libkernel.a(init.c.obj)
                0x0000000008011010                z_init_cpu
 .text.z_cstart
                0x0000000008011080       0xd0 zephyr/kernel/libkernel.a(init.c.obj)
                0x0000000008011080                z_cstart
 .text.statics_init
                0x0000000008011150       0x24 zephyr/kernel/libkernel.a(kheap.c.obj)
 .text.init_mem_slab_obj_core_list
                0x0000000008011174       0x24 zephyr/kernel/libkernel.a(mem_slab.c.obj)
 .text.k_mem_slab_alloc
                0x0000000008011198       0x5c zephyr/kernel/libkernel.a(mem_slab.c.obj)
                0x0000000008011198                k_mem_slab_alloc
 .text.z_impl_k_mutex_lock
                0x00000000080111f4       0xf0 zephyr/kernel/libkernel.a(mutex.c.obj)
                0x00000000080111f4                z_impl_k_mutex_lock
 .text.z_impl_k_mutex_unlock
                0x00000000080112e4       0xa0 zephyr/kernel/libkernel.a(mutex.c.obj)
                0x00000000080112e4                z_impl_k_mutex_unlock
 .text.z_impl_k_queue_get
                0x0000000008011384       0x64 zephyr/kernel/libkernel.a(queue.c.obj)
                0x0000000008011384                z_impl_k_queue_get
 .text.z_impl_k_sem_give
                0x00000000080113e8       0x74 zephyr/kernel/libkernel.a(sem.c.obj)
                0x00000000080113e8                z_impl_k_sem_give
 .text.z_impl_k_sem_take
                0x000000000801145c       0x4c zephyr/kernel/libkernel.a(sem.c.obj)
                0x000000000801145c                z_impl_k_sem_take
 .text.k_sys_work_q_init
                0x00000000080114a8       0x2c zephyr/kernel/libkernel.a(system_work_q.c.obj)
 .text.work_queue_main
                0x00000000080114d4      0x14c zephyr/kernel/libkernel.a(work.c.obj)
 .text.cancel_sync_locked
                0x0000000008011620       0x3c zephyr/kernel/libkernel.a(work.c.obj)
 .text.submit_to_queue_locked
                0x000000000801165c       0xb8 zephyr/kernel/libkernel.a(work.c.obj)
 .text.work_flush_locked
                0x0000000008011714       0x78 zephyr/kernel/libkernel.a(work.c.obj)