Archive member included to satisfy reference by file (symbol)

app/libapp.a(main.c.obj)      (--whole-archive)
zephyr/libzephyr.a(validate_libc.c.obj)
                              (--whole-archive)
zephyr/libzephyr.a(heap.c.obj)
                              (--whole-archive)
zephyr/libzephyr.a(cbprintf_packaged.c.obj)
                              (--whole-archive)
zephyr/libzephyr.a(clock.c.obj)
                              (--whole-archive)
zephyr/libzephyr.a(printk.c.obj)
                              (--whole-archive)
zephyr/libzephyr.a(sem.c.obj)
                              (--whole-archive)
zephyr/libzephyr.a(thread_entry.c.obj)
                              (--whole-archive)
zephyr/libzephyr.a(cbprintf_complete.c.obj)
                              (--whole-archive)
zephyr/libzephyr.a(assert.c.obj)
                              (--whole-archive)
zephyr/libzephyr.a(mpsc_pbuf.c.obj)
                              (--whole-archive)
zephyr/libzephyr.a(dec.c.obj)
                              (--whole-archive)
zephyr/libzephyr.a(hex.c.obj)
                              (--whole-archive)
zephyr/libzephyr.a(rb.c.obj)  (--whole-archive)
zephyr/libzephyr.a(timeutil.c.obj)
                              (--whole-archive)
zephyr/libzephyr.a(bitarray.c.obj)
                              (--whole-archive)
zephyr/libzephyr.a(bitmask.c.obj)
                              (--whole-archive)
zephyr/libzephyr.a(getopt.c.obj)
                              (--whole-archive)
zephyr/libzephyr.a(getopt_common.c.obj)
                              (--whole-archive)
zephyr/libzephyr.a(ring_buffer.c.obj)
                              (--whole-archive)
zephyr/libzephyr.a(last_section_id.c.obj)
                              (--whole-archive)
zephyr/libzephyr.a(configs.c.obj)
                              (--whole-archive)
zephyr/libzephyr.a(stm32cube_hal.c.obj)
                              (--whole-archive)
zephyr/libzephyr.a(soc_config.c.obj)
                              (--whole-archive)
zephyr/libzephyr.a(stm32_backup_domain.c.obj)
                              (--whole-archive)
zephyr/libzephyr.a(soc.c.obj)
                              (--whole-archive)
zephyr/libzephyr.a(log_core.c.obj)
                              (--whole-archive)
zephyr/libzephyr.a(log_mgmt.c.obj)
                              (--whole-archive)
zephyr/libzephyr.a(log_cache.c.obj)
                              (--whole-archive)
zephyr/libzephyr.a(log_msg.c.obj)
                              (--whole-archive)
zephyr/libzephyr.a(log_output.c.obj)
                              (--whole-archive)
zephyr/libzephyr.a(log_backend_uart.c.obj)
                              (--whole-archive)
zephyr/libzephyr.a(mem_attr.c.obj)
                              (--whole-archive)
zephyr/libzephyr.a(tracing_none.c.obj)
                              (--whole-archive)
zephyr/libzephyr.a(hw_ipcc.c.obj)
                              (--whole-archive)
zephyr/libzephyr.a(shci.c.obj)
                              (--whole-archive)
zephyr/libzephyr.a(shci_tl.c.obj)
                              (--whole-archive)
zephyr/libzephyr.a(shci_tl_if.c.obj)
                              (--whole-archive)
zephyr/libzephyr.a(stm_list.c.obj)
                              (--whole-archive)
zephyr/libzephyr.a(tl_mbox.c.obj)
                              (--whole-archive)
zephyr/arch/common/libarch__common.a(sw_isr_common.c.obj)
                              (--whole-archive)
zephyr/arch/common/libarch__common.a(init.c.obj)
                              (--whole-archive)
zephyr/arch/common/libarch__common.a(xip.c.obj)
                              (--whole-archive)
zephyr/arch/arch/arm/core/libarch__arm__core.a(fatal.c.obj)
                              (--whole-archive)
zephyr/arch/arch/arm/core/libarch__arm__core.a(nmi.c.obj)
                              (--whole-archive)
zephyr/arch/arch/arm/core/libarch__arm__core.a(nmi_on_reset.S.obj)
                              (--whole-archive)
zephyr/arch/arch/arm/core/libarch__arm__core.a(tls.c.obj)
                              (--whole-archive)
zephyr/arch/arch/arm/core/cortex_m/libarch__arm__core__cortex_m.a(exc_exit.c.obj)
                              (--whole-archive)
zephyr/arch/arch/arm/core/cortex_m/libarch__arm__core__cortex_m.a(fault.c.obj)
                              (--whole-archive)
zephyr/arch/arch/arm/core/cortex_m/libarch__arm__core__cortex_m.a(fault_s.S.obj)
                              (--whole-archive)
zephyr/arch/arch/arm/core/cortex_m/libarch__arm__core__cortex_m.a(fpu.c.obj)
                              (--whole-archive)
zephyr/arch/arch/arm/core/cortex_m/libarch__arm__core__cortex_m.a(reset.S.obj)
                              (--whole-archive)
zephyr/arch/arch/arm/core/cortex_m/libarch__arm__core__cortex_m.a(scb.c.obj)
                              (--whole-archive)
zephyr/arch/arch/arm/core/cortex_m/libarch__arm__core__cortex_m.a(thread_abort.c.obj)
                              (--whole-archive)
[...]
Memory Configuration

Name             Origin             Length             Attributes
FLASH            0x0000000008000000 0x00000000000ca000 xr
RAM              0x0000000020000000 0x0000000000030000 xw
SRAM0            0x0000000020000000 0x0000000000030000 rw
SRAM1            0x0000000020030000 0x0000000000002800 rw
SRAM2            0x0000000020038000 0x0000000000005000 rw
IDT_LIST         0x00000000ffff7fff 0x0000000000008000 xw
*default*        0x0000000000000000 0xffffffffffffffff

Linker script and memory map

                0x000000000800ff3c                vfprintf = __l_vfprintf
                0x0000000000000000                vfscanf = __l_vfscanf
LOAD zephyr/CMakeFiles/zephyr_final.dir/misc/empty_file.c.obj
LOAD zephyr/CMakeFiles/zephyr_final.dir/isr_tables.c.obj
LOAD zephyr/CMakeFiles/offsets.dir/./arch/arm/core/offsets/offsets.c.obj
LOAD app/libapp.a
LOAD zephyr/libzephyr.a
LOAD zephyr/arch/common/libarch__common.a
LOAD zephyr/arch/arch/arm/core/libarch__arm__core.a
LOAD zephyr/arch/arch/arm/core/cortex_m/libarch__arm__core__cortex_m.a
LOAD zephyr/arch/arch/arm/core/mpu/libarch__arm__core__mpu.a
LOAD zephyr/lib/libc/picolibc/liblib__libc__picolibc.a
LOAD zephyr/lib/libc/common/liblib__libc__common.a
LOAD zephyr/lib/posix/c_lib_ext/liblib__posix__c_lib_ext.a
LOAD zephyr/lib/net_buf/liblib__net_buf.a
LOAD zephyr/subsys/random/libsubsys__random.a
LOAD zephyr/subsys/bluetooth/common/libsubsys__bluetooth__common.a
LOAD zephyr/subsys/bluetooth/host/libsubsys__bluetooth__host.a
LOAD zephyr/drivers/interrupt_controller/libdrivers__interrupt_controller.a
LOAD zephyr/drivers/bluetooth/libdrivers__bluetooth.a
LOAD zephyr/drivers/clock_control/libdrivers__clock_control.a
LOAD zephyr/drivers/console/libdrivers__console.a
LOAD zephyr/drivers/entropy/libdrivers__entropy.a
LOAD zephyr/drivers/gpio/libdrivers__gpio.a
LOAD zephyr/drivers/pinctrl/libdrivers__pinctrl.a
LOAD zephyr/drivers/reset/libdrivers__reset.a
LOAD zephyr/drivers/serial/libdrivers__serial.a
LOAD zephyr/drivers/timer/libdrivers__timer.a
LOAD modules/hal_stm32/stm32cube/lib..__modules__hal__stm32__stm32cube.a
LOAD modules/mbedtls/libmbedTLSBase.a
LOAD modules/mbedtls/libmbedTLSCrypto.a
LOAD modules/mbedtls/libmbedTLSX509.a
LOAD modules/mbedtls/libmodules__mbedtls.a
LOAD zephyr/kernel/libkernel.a
LOAD zephyr/arch/common/libisr_tables.a
LOAD modules/mbedtls/libmbedTLSBase.a
LOAD modules/mbedtls/libmbedTLSCrypto.a
LOAD modules/mbedtls/libmbedTLSX509.a
LOAD /Users/johnnario/zephyr-sdk-0.17.4/arm-zephyr-eabi/bin/../lib/gcc/../../picolibc/arm-zephyr-eabi/lib/thumb/v7e-m/nofp/libc.a
LOAD /Users/johnnario/zephyr-sdk-0.17.4/arm-zephyr-eabi/bin/../lib/gcc/arm-zephyr-eabi/12.2.0/thumb/v7e-m/nofp/libgcc.a
                0x0000000000000020                _region_min_align = 0x20

.rel.plt        0x0000000008000000        0x0
 *(SORT_BY_ALIGNMENT(.rel.plt))
                [!provide]                        PROVIDE (__rel_iplt_start = .)
 *(SORT_BY_ALIGNMENT(.rel.iplt))
 .rel.iplt      0x0000000008000000        0x0 zephyr/CMakeFiles/zephyr_final.dir/isr_tables.c.obj
                [!provide]                        PROVIDE (__rel_iplt_end = .)

.rela.plt       0x0000000000000000        0x0
 *(SORT_BY_ALIGNMENT(.rela.plt))
                [!provide]                        PROVIDE (__rela_iplt_start = .)
 *(SORT_BY_ALIGNMENT(.rela.iplt))
                [!provide]                        PROVIDE (__rela_iplt_end = .)

.rel.dyn
 *(SORT_BY_ALIGNMENT(.rel.*))

.rela.dyn
 *(SORT_BY_ALIGNMENT(.rela.*))

/DISCARD/
 *(SORT_BY_ALIGNMENT(.plt))

/DISCARD/
 *(SORT_BY_ALIGNMENT(.iplt))
                0x0000000008000000                __rom_region_start = 0x8000000

rom_start       0x0000000008000000      0x13c
                0x0000000008000000                __rom_start_address = .
 FILL mask 0x00
                0x0000000008000000                . = (. + (0x0 - (. - __rom_start_address)))
                0x0000000008000000                . = ALIGN (0x4)
                0x0000000008000000                . = ALIGN (0x80)
                0x0000000008000000                . = ALIGN (0x200)
                0x0000000008000000                _vector_start = .
 *(SORT_BY_ALIGNMENT(.exc_vector_table))
 *(SORT_BY_ALIGNMENT(.exc_vector_table.*))
 .exc_vector_table._vector_table_section
                0x0000000008000000       0x40 zephyr/arch/arch/arm/core/cortex_m/libarch__arm__core__cortex_m.a(vector_table.S.obj)
                0x0000000008000000                _vector_table
 *(SORT_BY_ALIGNMENT(.vectors))
                0x000000000800013c                _vector_end = .
                0x0000000008000040                . = ALIGN (0x4)
 *(SORT_BY_ALIGNMENT(.gnu.linkonce.irq_vector_table*))
 .gnu.linkonce.irq_vector_table
                0x0000000008000040       0xfc zephyr/CMakeFiles/zephyr_final.dir/isr_tables.c.obj
                0x0000000008000040                _irq_vector_table
                0x000000000800013c                _vector_end = .

text            0x000000000800013c    0x13878
                0x000000000800013c                __text_region_start = .
 *(SORT_BY_ALIGNMENT(.text))
 .text          0x000000000800013c       0x30 /Users/johnnario/zephyr-sdk-0.17.4/arm-zephyr-eabi/bin/../lib/gcc/arm-zephyr-eabi/12.2.0/thumb/v7e-m/nofp/libgcc.a(_aeabi_uldivmod.o)
                0x000000000800013c                __aeabi_uldivmod
 .text          0x000000000800016c        0x4 /Users/johnnario/zephyr-sdk-0.17.4/arm-zephyr-eabi/bin/../lib/gcc/arm-zephyr-eabi/12.2.0/thumb/v7e-m/nofp/libgcc.a(_dvmd_tls.o)
                0x000000000800016c                __aeabi_ldiv0
                0x000000000800016c                __aeabi_idiv0
 .text          0x0000000008000170       0x10 /Users/johnnario/zephyr-sdk-0.17.4/arm-zephyr-eabi/bin/../lib/gcc/../../picolibc/arm-zephyr-eabi/lib/thumb/v7e-m/nofp/libc.a(strcpy.S.o)
                0x0000000008000170                strcpy
 .text          0x0000000008000180       0x10 /Users/johnnario/zephyr-sdk-0.17.4/arm-zephyr-eabi/bin/../lib/gcc/../../picolibc/arm-zephyr-eabi/lib/thumb/v7e-m/nofp/libc.a(strlen.S.o)
                0x0000000008000180                strlen
 .text          0x0000000008000190      0x2a0 /Users/johnnario/zephyr-sdk-0.17.4/arm-zephyr-eabi/bin/../lib/gcc/arm-zephyr-eabi/12.2.0/thumb/v7e-m/nofp/libgcc.a(_udivmoddi4.o)
                0x0000000008000190                __udivmoddi4
 *(SORT_BY_ALIGNMENT(.text.*))
 .text.main     0x0000000008000430       0x90 app/libapp.a(main.c.obj)
                0x0000000008000430                main
 .text.cbvprintf_package
                0x00000000080004c0      0x3a4 zephyr/libzephyr.a(cbprintf_packaged.c.obj)
                0x00000000080004c0                cbvprintf_package
 .text.cbprintf_package_convert
                0x0000000008000864      0x3cc zephyr/libzephyr.a(cbprintf_packaged.c.obj)
                0x0000000008000864                cbprintf_package_convert
 .text.__printk_hook_install
                0x0000000008000c30        0xc zephyr/libzephyr.a(printk.c.obj)
                0x0000000008000c30                __printk_hook_install
 .text.z_thread_entry
                0x0000000008000c3c       0x34 zephyr/libzephyr.a(thread_entry.c.obj)
                0x0000000008000c3c                z_thread_entry
 .text.st_stm32_common_config
                0x0000000008000c70       0x14 zephyr/libzephyr.a(soc_config.c.obj)
 .text.stm32_backup_domain_enable_access
                0x0000000008000c84       0x3c zephyr/libzephyr.a(stm32_backup_domain.c.obj)
                0x0000000008000c84                stm32_backup_domain_enable_access
 .text.stm32_backup_domain_disable_access
                0x0000000008000cc0       0x74 zephyr/libzephyr.a(stm32_backup_domain.c.obj)
                0x0000000008000cc0                stm32_backup_domain_disable_access
 .text.soc_early_init_hook
                0x0000000008000d34       0x44 zephyr/libzephyr.a(soc.c.obj)
                0x0000000008000d34                soc_early_init_hook
 .text.activate_foreach_backend
                0x0000000008000d78       0x64 zephyr/libzephyr.a(log_core.c.obj)
 .text.enable_logger
                0x0000000008000ddc       0x5c zephyr/libzephyr.a(log_core.c.obj)
 .text.log_process_thread_timer_expiry_fn
                0x0000000008000e38        0xc zephyr/libzephyr.a(log_core.c.obj)
 .text.z_log_init
                0x0000000008000e44       0x94 zephyr/libzephyr.a(log_core.c.obj)
 .text.log_format_func_t_get
                0x0000000008000ed8        0xc zephyr/libzephyr.a(log_core.c.obj)
                0x0000000008000ed8                log_format_func_t_get
 .text.log_set_timestamp_func
                0x0000000008000ee4       0x20 zephyr/libzephyr.a(log_core.c.obj)
                0x0000000008000ee4                log_set_timestamp_func
 .text.z_log_notify_backend_enabled
                0x0000000008000f04       0x1c zephyr/libzephyr.a(log_core.c.obj)
                0x0000000008000f04                z_log_notify_backend_enabled
 .text.z_log_dropped
                0x0000000008000f20       0x44 zephyr/libzephyr.a(log_core.c.obj)
                0x0000000008000f20                z_log_dropped
 .text.z_log_dropped_read_and_clear
                0x0000000008000f64       0x20 zephyr/libzephyr.a(log_core.c.obj)
                0x0000000008000f64                z_log_dropped_read_and_clear
 .text.dropped_notify
                0x0000000008000f84       0x30 zephyr/libzephyr.a(log_core.c.obj)
                0x0000000008000f84                dropped_notify
 .text.z_log_msg_init
                0x0000000008000fb4       0x20 zephyr/libzephyr.a(log_core.c.obj)
                0x0000000008000fb4                z_log_msg_init
 .text.log_core_init
                0x0000000008000fd4       0x50 zephyr/libzephyr.a(log_core.c.obj)
                0x0000000008000fd4                log_core_init
 .text.z_log_msg_alloc
                0x0000000008001024       0x10 zephyr/libzephyr.a(log_core.c.obj)
                0x0000000008001024                z_log_msg_alloc
 .text.z_log_msg_local_claim
                0x0000000008001034        0xc zephyr/libzephyr.a(log_core.c.obj)
                0x0000000008001034                z_log_msg_local_claim
 .text.z_log_msg_free
                0x0000000008001040       0x10 zephyr/libzephyr.a(log_core.c.obj)
                0x0000000008001040                z_log_msg_free
 .text.z_log_msg_pending
                0x0000000008001050        0xc zephyr/libzephyr.a(log_core.c.obj)
                0x0000000008001050                z_log_msg_pending
 .text.z_impl_log_process
                0x000000000800105c       0xb4 zephyr/libzephyr.a(log_core.c.obj)
                0x000000000800105c                z_impl_log_process
 .text.z_impl_log_panic
                0x0000000008001110       0x44 zephyr/libzephyr.a(log_core.c.obj)
                0x0000000008001110                z_impl_log_panic
 .text.log_process_thread_func
                0x0000000008001154       0xa4 zephyr/libzephyr.a(log_core.c.obj)
 .text.z_log_msg_post_finalize
                0x00000000080011f8       0x78 zephyr/libzephyr.a(log_core.c.obj)
 .text.z_log_msg_commit
                0x0000000008001270       0x24 zephyr/libzephyr.a(log_core.c.obj)
                0x0000000008001270                z_log_msg_commit
 .text.log_source_name_get
                0x0000000008001294       0x1c zephyr/libzephyr.a(log_mgmt.c.obj)
                0x0000000008001294                log_source_name_get
 .text.z_impl_z_log_msg_static_create
                0x00000000080012b0      0x108 zephyr/libzephyr.a(log_msg.c.obj)
                0x00000000080012b0                z_impl_z_log_msg_static_create
 .text.z_log_msg_runtime_vcreate
                0x00000000080013b8       0xa0 zephyr/libzephyr.a(log_msg.c.obj)
                0x00000000080013b8                z_log_msg_runtime_vcreate
 .text.log_msg_get_source_id
                0x0000000008001458       0x18 zephyr/libzephyr.a(log_msg.c.obj)
                0x0000000008001458                log_msg_get_source_id
 .text.print_formatted
                0x0000000008001470       0x24 zephyr/libzephyr.a(log_output.c.obj)
 .text.newline_print
                0x0000000008001494       0x1c zephyr/libzephyr.a(log_output.c.obj)
 .text.log_output_process
                0x00000000080014b0      0x2d4 zephyr/libzephyr.a(log_output.c.obj)
                0x00000000080014b0                log_output_process
 .text.log_output_dropped_process
                0x0000000008001784       0x58 zephyr/libzephyr.a(log_output.c.obj)
                0x0000000008001784                log_output_dropped_process
 .text.log_output_timestamp_freq_set
                0x00000000080017dc       0x2c zephyr/libzephyr.a(log_output.c.obj)
                0x00000000080017dc                log_output_timestamp_freq_set
 .text.char_out
                0x0000000008001808       0x24 zephyr/libzephyr.a(log_backend_uart.c.obj)
 .text.mem_attr_get_regions
                0x000000000800182c        0xc zephyr/libzephyr.a(mem_attr.c.obj)
                0x000000000800182c                mem_attr_get_regions
 .text.HW_IPCC_Enable
                0x0000000008001838       0x50 zephyr/libzephyr.a(hw_ipcc.c.obj)
                0x0000000008001838                HW_IPCC_Enable
 .text.HW_IPCC_Init
                0x0000000008001888       0x40 zephyr/libzephyr.a(hw_ipcc.c.obj)
                0x0000000008001888                HW_IPCC_Init
 .text.HW_IPCC_BLE_Init
                0x00000000080018c8       0x10 zephyr/libzephyr.a(hw_ipcc.c.obj)
                0x00000000080018c8                HW_IPCC_BLE_Init
 .text.HW_IPCC_BLE_SendCmd
                0x00000000080018d8       0x10 zephyr/libzephyr.a(hw_ipcc.c.obj)
                0x00000000080018d8                HW_IPCC_BLE_SendCmd
 .text.HW_IPCC_BLE_SendAclData
                0x00000000080018e8       0x18 zephyr/libzephyr.a(hw_ipcc.c.obj)
                0x00000000080018e8                HW_IPCC_BLE_SendAclData
 .text.HW_IPCC_SYS_Init
                0x0000000008001900       0x10 zephyr/libzephyr.a(hw_ipcc.c.obj)
                0x0000000008001900                HW_IPCC_SYS_Init
 .text.HW_IPCC_SYS_SendCmd
                0x0000000008001910       0x18 zephyr/libzephyr.a(hw_ipcc.c.obj)
                0x0000000008001910                HW_IPCC_SYS_SendCmd
 .text.HW_IPCC_Tx_Handler
                0x0000000008001928       0x64 zephyr/libzephyr.a(hw_ipcc.c.obj)
                0x0000000008001928                HW_IPCC_Tx_Handler
 .text.HW_IPCC_MM_SendFreeBuf
                0x000000000800198c       0x2c zephyr/libzephyr.a(hw_ipcc.c.obj)
                0x000000000800198c                HW_IPCC_MM_SendFreeBuf
 .text.HW_IPCC_Rx_Handler
                0x00000000080019b8       0x48 zephyr/libzephyr.a(hw_ipcc.c.obj)
                0x00000000080019b8                HW_IPCC_Rx_Handler
 .text.TlUserEvtReceived
                0x0000000008001a00       0x1c zephyr/libzephyr.a(shci_tl.c.obj)
 .text.Cmd_SetStatus.constprop.0
                0x0000000008001a1c       0x18 zephyr/libzephyr.a(shci_tl.c.obj)
 .text.shci_init
                0x0000000008001a34       0x60 zephyr/libzephyr.a(shci_tl.c.obj)
                0x0000000008001a34                shci_init
 .text.shci_user_evt_proc
                0x0000000008001a94       0x6c zephyr/libzephyr.a(shci_tl.c.obj)
                0x0000000008001a94                shci_user_evt_proc
 .text.shci_send
                0x0000000008001b00       0x7c zephyr/libzephyr.a(shci_tl.c.obj)
                0x0000000008001b00                shci_send
 .text.shci_register_io_bus
                0x0000000008001b7c       0x14 zephyr/libzephyr.a(shci_tl_if.c.obj)
                0x0000000008001b7c                shci_register_io_bus
 .text.SendFreeBuf
                0x0000000008001b90       0x30 zephyr/libzephyr.a(tl_mbox.c.obj)
 .text.TL_Init  0x0000000008001bc0       0x5c zephyr/libzephyr.a(tl_mbox.c.obj)
                0x0000000008001bc0                TL_Init
 .text.TL_BLE_Init
                0x0000000008001c1c       0x48 zephyr/libzephyr.a(tl_mbox.c.obj)
                0x0000000008001c1c                TL_BLE_Init
 .text.TL_BLE_SendCmd
                0x0000000008001c64       0x1c zephyr/libzephyr.a(tl_mbox.c.obj)
                0x0000000008001c64                TL_BLE_SendCmd
 .text.HW_IPCC_BLE_RxEvtNot
                0x0000000008001c80       0x2c zephyr/libzephyr.a(tl_mbox.c.obj)
                0x0000000008001c80                HW_IPCC_BLE_RxEvtNot
 .text.TL_BLE_SendAclData
                0x0000000008001cac       0x1c zephyr/libzephyr.a(tl_mbox.c.obj)
                0x0000000008001cac                TL_BLE_SendAclData
 .text.HW_IPCC_BLE_AclDataAckNot
                0x0000000008001cc8        0xc zephyr/libzephyr.a(tl_mbox.c.obj)
                0x0000000008001cc8                HW_IPCC_BLE_AclDataAckNot
 .text.TL_SYS_Init
                0x0000000008001cd4       0x3c zephyr/libzephyr.a(tl_mbox.c.obj)
                0x0000000008001cd4                TL_SYS_Init
 .text.TL_SYS_SendCmd
                0x0000000008001d10       0x1c zephyr/libzephyr.a(tl_mbox.c.obj)
                0x0000000008001d10                TL_SYS_SendCmd
 .text.HW_IPCC_SYS_CmdEvtNot
                0x0000000008001d2c       0x18 zephyr/libzephyr.a(tl_mbox.c.obj)
                0x0000000008001d2c                HW_IPCC_SYS_CmdEvtNot
 .text.HW_IPCC_SYS_EvtNot
                0x0000000008001d44       0x2c zephyr/libzephyr.a(tl_mbox.c.obj)
                0x0000000008001d44                HW_IPCC_SYS_EvtNot
 .text.TL_MM_Init
                0x0000000008001d70       0x40 zephyr/libzephyr.a(tl_mbox.c.obj)
                0x0000000008001d70                TL_MM_Init
 .text.TL_MM_EvtDone
                0x0000000008001db0       0x1c zephyr/libzephyr.a(tl_mbox.c.obj)
                0x0000000008001db0                TL_MM_EvtDone
 .text.HW_IPCC_TRACES_EvtNot
                0x0000000008001dcc       0x24 zephyr/libzephyr.a(tl_mbox.c.obj)
                0x0000000008001dcc                HW_IPCC_TRACES_EvtNot
 .text.arch_bss_zero
                0x0000000008001df0       0x18 zephyr/arch/common/libarch__common.a(init.c.obj)
                0x0000000008001df0                arch_bss_zero
 .text.arch_data_copy
                0x0000000008001e08       0x38 zephyr/arch/common/libarch__common.a(xip.c.obj)
                0x0000000008001e08                arch_data_copy
 .text.z_arm_fatal_error
                0x0000000008001e40       0xb8 zephyr/arch/arch/arm/core/libarch__arm__core.a(fatal.c.obj)
                0x0000000008001e40                z_arm_fatal_error
 .text.z_SysNmiOnReset
                0x0000000008001ef8        0x8 zephyr/arch/arch/arm/core/libarch__arm__core.a(nmi_on_reset.S.obj)
                0x0000000008001ef8                z_SysNmiOnReset
 .text.arch_tls_stack_setup
                0x0000000008001f00       0x40 zephyr/arch/arch/arm/core/libarch__arm__core.a(tls.c.obj)
                0x0000000008001f00                arch_tls_stack_setup
 .text._HandlerModeExit
                0x0000000008001f40       0x20 zephyr/arch/arch/arm/core/cortex_m/libarch__arm__core__cortex_m.a(exc_exit.c.obj)
                0x0000000008001f40                z_arm_exc_exit
                0x0000000008001f40                z_arm_int_exit
 .text.bus_fault.constprop.0
                0x0000000008001f60       0xd0 zephyr/arch/arch/arm/core/cortex_m/libarch__arm__core__cortex_m.a(fault.c.obj)
 .text.usage_fault.constprop.0
                0x0000000008002030       0xa8 zephyr/arch/arch/arm/core/cortex_m/libarch__arm__core__cortex_m.a(fault.c.obj)
 .text.mem_manage_fault
                0x00000000080020d8      0x104 zephyr/arch/arch/arm/core/cortex_m/libarch__arm__core__cortex_m.a(fault.c.obj)
 .text.z_arm_fault
                0x00000000080021dc      0x1d4 zephyr/arch/arch/arm/core/cortex_m/libarch__arm__core__cortex_m.a(fault.c.obj)
                0x00000000080021dc                z_arm_fault
 .text.z_arm_fault_init
                0x00000000080023b0       0x18 zephyr/arch/arch/arm/core/cortex_m/libarch__arm__core__cortex_m.a(fault.c.obj)
                0x00000000080023b0                z_arm_fault_init
 .text.__fault  0x00000000080023c8       0x14 zephyr/arch/arch/arm/core/cortex_m/libarch__arm__core__cortex_m.a(fault_s.S.obj)
                0x00000000080023c8                z_arm_bus_fault
                0x00000000080023c8                z_arm_usage_fault
                0x00000000080023c8                z_arm_mpu_fault
                0x00000000080023c8                z_arm_exc_spurious
                0x00000000080023c8                z_arm_debug_monitor
                0x00000000080023c8                z_arm_hard_fault
 .text._reset_section
                0x00000000080023dc       0x34 zephyr/arch/arch/arm/core/cortex_m/libarch__arm__core__cortex_m.a(reset.S.obj)
                0x00000000080023dc                z_arm_reset
                0x00000000080023dc                __start
 .text.z_impl_k_thread_abort
                0x0000000008002410       0x2c zephyr/arch/arch/arm/core/cortex_m/libarch__arm__core__cortex_m.a(thread_abort.c.obj)
                0x0000000008002410                z_impl_k_thread_abort
 .text.z_arm_pendsv
                0x000000000800243c       0x60 zephyr/arch/arch/arm/core/cortex_m/libarch__arm__core__cortex_m.a(swap_helper.S.obj)
                0x000000000800243c                z_arm_pendsv
 .text.z_arm_svc
                0x000000000800249c       0x24 zephyr/arch/arch/arm/core/cortex_m/libarch__arm__core__cortex_m.a(swap_helper.S.obj)
                0x000000000800249c                z_arm_svc
 .text.arm_irq_enable
                0x00000000080024c0       0x1c zephyr/arch/arch/arm/core/cortex_m/libarch__arm__core__cortex_m.a(irq_manage.c.obj)
                0x00000000080024c0                arm_irq_enable
 .text.arm_irq_disable
                0x00000000080024dc       0x28 zephyr/arch/arch/arm/core/cortex_m/libarch__arm__core__cortex_m.a(irq_manage.c.obj)
                0x00000000080024dc                arm_irq_disable
 .text.arm_irq_is_enabled
                0x0000000008002504       0x1c zephyr/arch/arch/arm/core/cortex_m/libarch__arm__core__cortex_m.a(irq_manage.c.obj)
                0x0000000008002504                arm_irq_is_enabled
 .text.arm_irq_priority_set
                0x0000000008002520       0x30 zephyr/arch/arch/arm/core/cortex_m/libarch__arm__core__cortex_m.a(irq_manage.c.obj)
                0x0000000008002520                arm_irq_priority_set
 .text.relocate_vector_table
                0x0000000008002550       0x1c zephyr/arch/arch/arm/core/cortex_m/libarch__arm__core__cortex_m.a(prep_c.c.obj)
                0x0000000008002550                relocate_vector_table
 .text.z_prep_c
                0x000000000800256c       0x38 zephyr/arch/arch/arm/core/cortex_m/libarch__arm__core__cortex_m.a(prep_c.c.obj)
                0x000000000800256c                z_prep_c
 .text.arch_new_thread
                0x00000000080025a4       0x38 zephyr/arch/arch/arm/core/cortex_m/libarch__arm__core__cortex_m.a(thread.c.obj)
                0x00000000080025a4                arch_new_thread
 .text.z_check_thread_stack_fail
                0x00000000080025dc       0x2c zephyr/arch/arch/arm/core/cortex_m/libarch__arm__core__cortex_m.a(thread.c.obj)
                0x00000000080025dc                z_check_thread_stack_fail
 .text.arch_switch_to_main_thread
                0x0000000008002608       0x3c zephyr/arch/arch/arm/core/cortex_m/libarch__arm__core__cortex_m.a(thread.c.obj)
                0x0000000008002608                arch_switch_to_main_thread
 .text.z_arm_cpu_idle_init
                0x0000000008002644        0xc zephyr/arch/arch/arm/core/cortex_m/libarch__arm__core__cortex_m.a(cpu_idle.c.obj)
                0x0000000008002644                z_arm_cpu_idle_init
 .text.z_arm_interrupt_init
                0x0000000008002650       0x18 zephyr/arch/arch/arm/core/cortex_m/libarch__arm__core__cortex_m.a(irq_init.c.obj)
                0x0000000008002650                z_arm_interrupt_init
 .text._isr_wrapper
                0x0000000008002668       0x24 zephyr/arch/arch/arm/core/cortex_m/libarch__arm__core__cortex_m.a(isr_wrapper.c.obj)
                0x0000000008002668                _isr_wrapper
 .text.z_arm_configure_static_mpu_regions
                0x000000000800268c       0x18 zephyr/arch/arch/arm/core/mpu/libarch__arm__core__mpu.a(arm_core_mpu.c.obj)
                0x000000000800268c                z_arm_configure_static_mpu_regions
 .text.z_arm_configure_dynamic_mpu_regions
                0x00000000080026a4       0x20 zephyr/arch/arch/arm/core/mpu/libarch__arm__core__mpu.a(arm_core_mpu.c.obj)
                0x00000000080026a4                z_arm_configure_dynamic_mpu_regions
 .text.region_allocate_and_init
                0x00000000080026c4       0x54 zephyr/arch/arch/arm/core/mpu/libarch__arm__core__mpu.a(arm_mpu.c.obj)
 .text.mpu_configure_regions
                0x0000000008002718       0x68 zephyr/arch/arch/arm/core/mpu/libarch__arm__core__mpu.a(arm_mpu.c.obj)
 .text.arm_core_mpu_enable
                0x0000000008002780       0x18 zephyr/arch/arch/arm/core/mpu/libarch__arm__core__mpu.a(arm_mpu.c.obj)
                0x0000000008002780                arm_core_mpu_enable
 .text.arm_core_mpu_disable
                0x0000000008002798       0x14 zephyr/arch/arch/arm/core/mpu/libarch__arm__core__mpu.a(arm_mpu.c.obj)
                0x0000000008002798                arm_core_mpu_disable
 .text.arm_core_mpu_configure_static_mpu_regions
                0x00000000080027ac       0x14 zephyr/arch/arch/arm/core/mpu/libarch__arm__core__mpu.a(arm_mpu.c.obj)
                0x00000000080027ac                arm_core_mpu_configure_static_mpu_regions
 .text.arm_core_mpu_configure_dynamic_mpu_regions
                0x00000000080027c0       0x38 zephyr/arch/arch/arm/core/mpu/libarch__arm__core__mpu.a(arm_mpu.c.obj)
                0x00000000080027c0                arm_core_mpu_configure_dynamic_mpu_regions
 .text.z_arm_mpu_init
                0x00000000080027f8      0x17c zephyr/arch/arch/arm/core/mpu/libarch__arm__core__mpu.a(arm_mpu.c.obj)
                0x00000000080027f8                z_arm_mpu_init
 .text.cbvprintf
                0x0000000008002974       0x38 zephyr/lib/libc/picolibc/liblib__libc__picolibc.a(cbprintf.c.obj)
                0x0000000008002974                cbvprintf
 .text.z_impl_zephyr_fputc
                0x00000000080029ac       0x10 zephyr/lib/libc/picolibc/liblib__libc__picolibc.a(stdio.c.obj)
                0x00000000080029ac                z_impl_zephyr_fputc
 .text.__stdout_hook_install
                0x00000000080029bc       0x18 zephyr/lib/libc/picolibc/liblib__libc__picolibc.a(stdio.c.obj)
                0x00000000080029bc                __stdout_hook_install
 .text.malloc_prepare
                0x00000000080029d4       0x24 zephyr/lib/libc/common/liblib__libc__common.a(malloc.c.obj)
 .text.malloc_lock
                0x00000000080029f8       0x14 zephyr/lib/libc/common/liblib__libc__common.a(malloc.c.obj)
 .text.malloc_unlock
                0x0000000008002a0c        0xc zephyr/lib/libc/common/liblib__libc__common.a(malloc.c.obj)
 .text.malloc   0x0000000008002a18       0x34 zephyr/lib/libc/common/liblib__libc__common.a(malloc.c.obj)
                0x0000000008002a18                malloc
 .text.free     0x0000000008002a4c       0x1c zephyr/lib/libc/common/liblib__libc__common.a(malloc.c.obj)
                0x0000000008002a4c                free
 .text.calloc   0x0000000008002a68       0x34 zephyr/lib/libc/common/liblib__libc__common.a(malloc.c.obj)
                0x0000000008002a68                calloc
 .text.net_buf_destroy
                0x0000000008002a9c       0x38 zephyr/lib/net_buf/liblib__net_buf.a(buf.c.obj)
 .text.net_buf_pool_get
                0x0000000008002ad4       0x10 zephyr/lib/net_buf/liblib__net_buf.a(buf.c.obj)
                0x0000000008002ad4                net_buf_pool_get
 .text.net_buf_id
                0x0000000008002ae4       0x20 zephyr/lib/net_buf/liblib__net_buf.a(buf.c.obj)
                0x0000000008002ae4                net_buf_id
 .text.fixed_data_alloc
                0x0000000008002b04       0x24 zephyr/lib/net_buf/liblib__net_buf.a(buf.c.obj)
 .text.net_buf_alloc_len
                0x0000000008002b28       0xfc zephyr/lib/net_buf/liblib__net_buf.a(buf.c.obj)
                0x0000000008002b28                net_buf_alloc_len
 .text.net_buf_unref
                0x0000000008002c24       0x3c zephyr/lib/net_buf/liblib__net_buf.a(buf.c.obj)
                0x0000000008002c24                net_buf_unref
 .text.z_impl_sys_csrand_get
                0x0000000008002c60       0x20 zephyr/subsys/random/libsubsys__random.a(random_entropy_device.c.obj)
                0x0000000008002c60                z_impl_sys_csrand_get
 .text.bt_hex   0x0000000008002c80       0x44 zephyr/subsys/bluetooth/common/libsubsys__bluetooth__common.a(bt_str.c.obj)
                0x0000000008002c80                bt_hex
 .text.bt_addr_str
                0x0000000008002cc4       0x34 zephyr/subsys/bluetooth/common/libsubsys__bluetooth__common.a(bt_str.c.obj)
                0x0000000008002cc4                bt_addr_str
 .text.bt_addr_le_str
                0x0000000008002cf8       0x7c zephyr/subsys/bluetooth/common/libsubsys__bluetooth__common.a(bt_str.c.obj)
                0x0000000008002cf8                bt_addr_le_str
 .text.bt_uuid_str
                0x0000000008002d74       0x14 zephyr/subsys/bluetooth/common/libsubsys__bluetooth__common.a(bt_str.c.obj)
                0x0000000008002d74                bt_uuid_str
 .text.long_wq_init
                0x0000000008002d88       0x3c zephyr/subsys/bluetooth/host/libsubsys__bluetooth__host.a(long_wq.c.obj)
 .text.bt_long_wq_schedule
                0x0000000008002dc4        0xc zephyr/subsys/bluetooth/host/libsubsys__bluetooth__host.a(long_wq.c.obj)
                0x0000000008002dc4                bt_long_wq_schedule
 .text.uuid_to_uuid128
                0x0000000008002dd0       0x78 zephyr/subsys/bluetooth/host/libsubsys__bluetooth__host.a(uuid.c.obj)
 .text.bt_uuid_to_str
                0x0000000008002e48       0x70 zephyr/subsys/bluetooth/host/libsubsys__bluetooth__host.a(uuid.c.obj)
                0x0000000008002e48                bt_uuid_to_str
 .text.hci_rx_pool_destroy
                0x0000000008002eb8       0x48 zephyr/subsys/bluetooth/host/libsubsys__bluetooth__host.a(buf.c.obj)
 .text.bt_buf_get_rx
                0x0000000008002f00       0x30 zephyr/subsys/bluetooth/host/libsubsys__bluetooth__host.a(buf.c.obj)
                0x0000000008002f00                bt_buf_get_rx
 .text.bt_buf_get_evt
                0x0000000008002f30       0x3c zephyr/subsys/bluetooth/host/libsubsys__bluetooth__host.a(buf.c.obj)
                0x0000000008002f30                bt_buf_get_evt
 .text.bt_buf_make_view
                0x0000000008002f6c       0x84 zephyr/subsys/bluetooth/host/libsubsys__bluetooth__host.a(buf.c.obj)
                0x0000000008002f6c                bt_buf_make_view
 .text.bt_buf_destroy_view
                0x0000000008002ff0       0x60 zephyr/subsys/bluetooth/host/libsubsys__bluetooth__host.a(buf.c.obj)
                0x0000000008002ff0                bt_buf_destroy_view
 .text.hci_data_buf_overflow
                0x0000000008003050       0x18 zephyr/subsys/bluetooth/host/libsubsys__bluetooth__host.a(hci_core.c.obj)
 .text.hci_hardware_error
                0x0000000008003068       0x24 zephyr/subsys/bluetooth/host/libsubsys__bluetooth__host.a(hci_core.c.obj)
 .text.rx_queue_put
                0x000000000800308c       0x3c zephyr/subsys/bluetooth/host/libsubsys__bluetooth__host.a(hci_core.c.obj)
 .text.bt_tx_processor_init
                0x00000000080030c8       0x30 zephyr/subsys/bluetooth/host/libsubsys__bluetooth__host.a(hci_core.c.obj)
 .text.find_pending_connect.part.0
                0x00000000080030f8       0x2c zephyr/subsys/bluetooth/host/libsubsys__bluetooth__host.a(hci_core.c.obj)
 .text.le_conn_param_neg_reply.part.0
                0x0000000008003124       0x14 zephyr/subsys/bluetooth/host/libsubsys__bluetooth__host.a(hci_core.c.obj)
 .text.handle_event.part.0
                0x0000000008003138       0x48 zephyr/subsys/bluetooth/host/libsubsys__bluetooth__host.a(hci_core.c.obj)
 .text.hci_disconn_complete
                0x0000000008003180       0x84 zephyr/subsys/bluetooth/host/libsubsys__bluetooth__host.a(hci_core.c.obj)
 .text.hci_disconn_complete_prio
                0x0000000008003204       0x94 zephyr/subsys/bluetooth/host/libsubsys__bluetooth__host.a(hci_core.c.obj)
 .text.le_remote_feat_complete
                0x0000000008003298       0x54 zephyr/subsys/bluetooth/host/libsubsys__bluetooth__host.a(hci_core.c.obj)
 .text.hci_num_completed_packets
                0x00000000080032ec      0x150 zephyr/subsys/bluetooth/host/libsubsys__bluetooth__host.a(hci_core.c.obj)
 .text.handle_event
                0x000000000800343c       0x50 zephyr/subsys/bluetooth/host/libsubsys__bluetooth__host.a(hci_core.c.obj)
 .text.bt_hci_recv
                0x000000000800348c      0x160 zephyr/subsys/bluetooth/host/libsubsys__bluetooth__host.a(hci_core.c.obj)
                0x000000000800348c                bt_hci_recv
 .text.hci_le_meta_prio_event
                0x00000000080035ec       0x54 zephyr/subsys/bluetooth/host/libsubsys__bluetooth__host.a(hci_core.c.obj)
 .text.rx_work_handler
                0x0000000008003640      0x210 zephyr/subsys/bluetooth/host/libsubsys__bluetooth__host.a(hci_core.c.obj)
 .text.hci_le_meta_event
                0x0000000008003850       0x54 zephyr/subsys/bluetooth/host/libsubsys__bluetooth__host.a(hci_core.c.obj)
 .text.hci_cmd_done
                0x00000000080038a4      0x1a4 zephyr/subsys/bluetooth/host/libsubsys__bluetooth__host.a(hci_core.c.obj)
 .text.le_conn_update_complete
                0x0000000008003a48      0x168 zephyr/subsys/bluetooth/host/libsubsys__bluetooth__host.a(hci_core.c.obj)
 .text.enh_conn_complete_error_handle
                0x0000000008003bb0       0x80 zephyr/subsys/bluetooth/host/libsubsys__bluetooth__host.a(hci_core.c.obj)
 .text.bt_hci_cmd_state_set_init
                0x0000000008003c30       0x24 zephyr/subsys/bluetooth/host/libsubsys__bluetooth__host.a(hci_core.c.obj)
                0x0000000008003c30                bt_hci_cmd_state_set_init
 .text.bt_hci_cmd_alloc
                0x0000000008003c54       0xac zephyr/subsys/bluetooth/host/libsubsys__bluetooth__host.a(hci_core.c.obj)
                0x0000000008003c54                bt_hci_cmd_alloc
 .text.bt_get_phy
                0x0000000008003d00       0x14 zephyr/subsys/bluetooth/host/libsubsys__bluetooth__host.a(hci_core.c.obj)
                0x0000000008003d00                bt_get_phy
 .text.le_phy_update_complete
                0x0000000008003d14       0x9c zephyr/subsys/bluetooth/host/libsubsys__bluetooth__host.a(hci_core.c.obj)
 .text.bt_hci_get_ver_str
                0x0000000008003db0       0x2c zephyr/subsys/bluetooth/host/libsubsys__bluetooth__host.a(hci_core.c.obj)
                0x0000000008003db0                bt_hci_get_ver_str
 .text.bt_send  0x0000000008003ddc       0x54 zephyr/subsys/bluetooth/host/libsubsys__bluetooth__host.a(hci_core.c.obj)
                0x0000000008003ddc                bt_send
 .text.bt_finalize_init
                0x0000000008003e30      0x164 zephyr/subsys/bluetooth/host/libsubsys__bluetooth__host.a(hci_core.c.obj)
                0x0000000008003e30                bt_finalize_init
 .text.bt_get_name
                0x0000000008003f94        0x8 zephyr/subsys/bluetooth/host/libsubsys__bluetooth__host.a(hci_core.c.obj)
                0x0000000008003f94                bt_get_name
 .text.bt_tx_irq_raise
                0x0000000008003f9c       0x44 zephyr/subsys/bluetooth/host/libsubsys__bluetooth__host.a(hci_core.c.obj)
                0x0000000008003f9c                bt_tx_irq_raise
 .text.bt_hci_cmd_send
                0x0000000008003fe0       0xd0 zephyr/subsys/bluetooth/host/libsubsys__bluetooth__host.a(hci_core.c.obj)
                0x0000000008003fe0                bt_hci_cmd_send
 .text.bt_hci_cmd_send_sync
                0x00000000080040b0      0x1b8 zephyr/subsys/bluetooth/host/libsubsys__bluetooth__host.a(hci_core.c.obj)
                0x00000000080040b0                bt_hci_cmd_send_sync
 .text.bt_init  0x0000000008004268      0x538 zephyr/subsys/bluetooth/host/libsubsys__bluetooth__host.a(hci_core.c.obj)
 .text.init_work
                0x00000000080047a0       0x18 zephyr/subsys/bluetooth/host/libsubsys__bluetooth__host.a(hci_core.c.obj)
 .text.bt_enable
                0x00000000080047b8       0xd0 zephyr/subsys/bluetooth/host/libsubsys__bluetooth__host.a(hci_core.c.obj)
                0x00000000080047b8                bt_enable
 .text.bt_hci_le_enh_conn_complete
                0x0000000008004888      0x248 zephyr/subsys/bluetooth/host/libsubsys__bluetooth__host.a(hci_core.c.obj)
                0x0000000008004888                bt_hci_le_enh_conn_complete
 .text.le_legacy_conn_complete
                0x0000000008004ad0       0xc8 zephyr/subsys/bluetooth/host/libsubsys__bluetooth__host.a(hci_core.c.obj)
 .text.le_conn_param_req
                0x0000000008004b98       0xc4 zephyr/subsys/bluetooth/host/libsubsys__bluetooth__host.a(hci_core.c.obj)
 .text.hci_cmd_status
                0x0000000008004c5c       0x6c zephyr/subsys/bluetooth/host/libsubsys__bluetooth__host.a(hci_core.c.obj)
 .text.hci_cmd_complete
                0x0000000008004cc8       0xa8 zephyr/subsys/bluetooth/host/libsubsys__bluetooth__host.a(hci_core.c.obj)
 .text.tx_processor
                0x0000000008004d70      0x16c zephyr/subsys/bluetooth/host/libsubsys__bluetooth__host.a(hci_core.c.obj)
 .text.id_find  0x0000000008004edc       0x30 zephyr/subsys/bluetooth/host/libsubsys__bluetooth__host.a(id.c.obj)
 .text.set_random_address
                0x0000000008004f0c       0xb8 zephyr/subsys/bluetooth/host/libsubsys__bluetooth__host.a(id.c.obj)
 .text.id_create.constprop.0
                0x0000000008004fc4       0x74 zephyr/subsys/bluetooth/host/libsubsys__bluetooth__host.a(id.c.obj)
 .text.bt_id_create
                0x0000000008005038       0x9c zephyr/subsys/bluetooth/host/libsubsys__bluetooth__host.a(id.c.obj)
                0x0000000008005038                bt_id_create
 .text.bt_id_read_public_addr
                0x00000000080050d4       0xb8 zephyr/subsys/bluetooth/host/libsubsys__bluetooth__host.a(id.c.obj)
                0x00000000080050d4                bt_id_read_public_addr
 .text.bt_setup_public_id_addr
                0x000000000800518c       0x20 zephyr/subsys/bluetooth/host/libsubsys__bluetooth__host.a(id.c.obj)
                0x000000000800518c                bt_setup_public_id_addr
 .text.bt_id_set_adv_own_addr
                0x00000000080051ac       0xe0 zephyr/subsys/bluetooth/host/libsubsys__bluetooth__host.a(id.c.obj)
                0x00000000080051ac                bt_id_set_adv_own_addr
 .text.bt_id_init
                0x000000000800528c       0xa8 zephyr/subsys/bluetooth/host/libsubsys__bluetooth__host.a(id.c.obj)
                0x000000000800528c                bt_id_init
 .text.hci_set_ad.constprop.0
                0x0000000008005334       0xc8 zephyr/subsys/bluetooth/host/libsubsys__bluetooth__host.a(adv.c.obj)
 .text.valid_adv_param
                0x00000000080053fc       0x84 zephyr/subsys/bluetooth/host/libsubsys__bluetooth__host.a(adv.c.obj)
 .text.le_adv_update.constprop.0
                0x0000000008005480       0x58 zephyr/subsys/bluetooth/host/libsubsys__bluetooth__host.a(adv.c.obj)
 .text.le_adv_start_add_conn.constprop.0
                0x00000000080054d8       0x6c zephyr/subsys/bluetooth/host/libsubsys__bluetooth__host.a(adv.c.obj)
 .text.bt_le_adv_lookup_legacy
                0x0000000008005544        0x8 zephyr/subsys/bluetooth/host/libsubsys__bluetooth__host.a(adv.c.obj)
                0x0000000008005544                bt_le_adv_lookup_legacy
 .text.bt_le_adv_start
                0x000000000800554c      0x260 zephyr/subsys/bluetooth/host/libsubsys__bluetooth__host.a(adv.c.obj)
                0x000000000800554c                bt_le_adv_start
 .text.bt_le_adv_stop
                0x00000000080057ac       0x7c zephyr/subsys/bluetooth/host/libsubsys__bluetooth__host.a(adv.c.obj)
                0x00000000080057ac                bt_le_adv_stop
 .text.adv_timeout
                0x0000000008005828       0x24 zephyr/subsys/bluetooth/host/libsubsys__bluetooth__host.a(adv.c.obj)
 .text.bt_crypto_init
                0x000000000800584c       0x24 zephyr/subsys/bluetooth/host/libsubsys__bluetooth__host.a(crypto_psa.c.obj)
                0x000000000800584c                bt_crypto_init
 .text.bt_rand  0x0000000008005870       0x24 zephyr/subsys/bluetooth/host/libsubsys__bluetooth__host.a(crypto_psa.c.obj)
                0x0000000008005870                bt_rand
 .text.notify_connected
                0x0000000008005894       0x40 zephyr/subsys/bluetooth/host/libsubsys__bluetooth__host.a(conn.c.obj)
 .text.tx_free  0x00000000080058d4       0x4c zephyr/subsys/bluetooth/host/libsubsys__bluetooth__host.a(conn.c.obj)
 .text.tx_notify_process
                0x0000000008005920       0xec zephyr/subsys/bluetooth/host/libsubsys__bluetooth__host.a(conn.c.obj)
 .text.conn_tx_destroy
                0x0000000008005a0c       0x5c zephyr/subsys/bluetooth/host/libsubsys__bluetooth__host.a(conn.c.obj)
 .text.frag_destroy
                0x0000000008005a68       0x50 zephyr/subsys/bluetooth/host/libsubsys__bluetooth__host.a(conn.c.obj)
 .text.perform_auto_initiated_procedures
                0x0000000008005ab8       0xd4 zephyr/subsys/bluetooth/host/libsubsys__bluetooth__host.a(conn.c.obj)
 .text.recycled_work_handler
                0x0000000008005b8c       0x54 zephyr/subsys/bluetooth/host/libsubsys__bluetooth__host.a(conn.c.obj)
 .text.bt_conn_get_pkts
                0x0000000008005be0       0x18 zephyr/subsys/bluetooth/host/libsubsys__bluetooth__host.a(conn.c.obj)
                0x0000000008005be0                bt_conn_get_pkts
 .text.bt_conn_tx_notify
                0x0000000008005bf8       0x48 zephyr/subsys/bluetooth/host/libsubsys__bluetooth__host.a(conn.c.obj)
                0x0000000008005bf8                bt_conn_tx_notify
 .text.bt_conn_new
                0x0000000008005c40       0x64 zephyr/subsys/bluetooth/host/libsubsys__bluetooth__host.a(conn.c.obj)
                0x0000000008005c40                bt_conn_new
 .text.bt_conn_recv
                0x0000000008005ca4      0x1b0 zephyr/subsys/bluetooth/host/libsubsys__bluetooth__host.a(conn.c.obj)
                0x0000000008005ca4                bt_conn_recv
 .text.bt_conn_ref
                0x0000000008005e54       0x74 zephyr/subsys/bluetooth/host/libsubsys__bluetooth__host.a(conn.c.obj)
                0x0000000008005e54                bt_conn_ref
 .text.bt_conn_unref
                0x0000000008005ec8       0x70 zephyr/subsys/bluetooth/host/libsubsys__bluetooth__host.a(conn.c.obj)
                0x0000000008005ec8                bt_conn_unref
 .text.bt_conn_data_ready
                0x0000000008005f38       0xc0 zephyr/subsys/bluetooth/host/libsubsys__bluetooth__host.a(conn.c.obj)
                0x0000000008005f38                bt_conn_data_ready
 .text.bt_conn_set_state
                0x0000000008005ff8      0x230 zephyr/subsys/bluetooth/host/libsubsys__bluetooth__host.a(conn.c.obj)
                0x0000000008005ff8                bt_conn_set_state
 .text.bt_conn_foreach
                0x0000000008006228       0x30 zephyr/subsys/bluetooth/host/libsubsys__bluetooth__host.a(conn.c.obj)
                0x0000000008006228                bt_conn_foreach
 .text.auto_initiated_procedures
                0x0000000008006258       0x10 zephyr/subsys/bluetooth/host/libsubsys__bluetooth__host.a(conn.c.obj)
 .text.bt_conn_lookup_handle
                0x0000000008006268       0x4c zephyr/subsys/bluetooth/host/libsubsys__bluetooth__host.a(conn.c.obj)
                0x0000000008006268                bt_conn_lookup_handle
 .text.bt_conn_index
                0x00000000080062b4       0x18 zephyr/subsys/bluetooth/host/libsubsys__bluetooth__host.a(conn.c.obj)
                0x00000000080062b4                bt_conn_index
 .text.bt_conn_create_pdu_timeout
                0x00000000080062cc       0x8c zephyr/subsys/bluetooth/host/libsubsys__bluetooth__host.a(conn.c.obj)
                0x00000000080062cc                bt_conn_create_pdu_timeout
 .text.bt_conn_connected
                0x0000000008006358       0x50 zephyr/subsys/bluetooth/host/libsubsys__bluetooth__host.a(conn.c.obj)
                0x0000000008006358                bt_conn_connected
 .text.bt_conn_tx_processor
                0x00000000080063a8      0x644 zephyr/subsys/bluetooth/host/libsubsys__bluetooth__host.a(conn.c.obj)
                0x00000000080063a8                bt_conn_tx_processor
 .text.bt_conn_notify_le_param_updated
                0x00000000080069ec       0xa8 zephyr/subsys/bluetooth/host/libsubsys__bluetooth__host.a(conn.c.obj)
                0x00000000080069ec                bt_conn_notify_le_param_updated
 .text.bt_conn_notify_le_phy_updated
                0x0000000008006a94       0x4c zephyr/subsys/bluetooth/host/libsubsys__bluetooth__host.a(conn.c.obj)
                0x0000000008006a94                bt_conn_notify_le_phy_updated
 .text.bt_conn_le_param_req
                0x0000000008006ae0       0x78 zephyr/subsys/bluetooth/host/libsubsys__bluetooth__host.a(conn.c.obj)
                0x0000000008006ae0                bt_conn_le_param_req
 .text.bt_conn_add_le
                0x0000000008006b58       0x54 zephyr/subsys/bluetooth/host/libsubsys__bluetooth__host.a(conn.c.obj)
                0x0000000008006b58                bt_conn_add_le
 .text.bt_conn_lookup_addr_le
                0x0000000008006bac       0x34 zephyr/subsys/bluetooth/host/libsubsys__bluetooth__host.a(conn.c.obj)
                0x0000000008006bac                bt_conn_lookup_addr_le
 .text.bt_conn_exists_le
                0x0000000008006be0       0x6c zephyr/subsys/bluetooth/host/libsubsys__bluetooth__host.a(conn.c.obj)
                0x0000000008006be0                bt_conn_exists_le
 .text.bt_conn_lookup_state_le
                0x0000000008006c4c       0x44 zephyr/subsys/bluetooth/host/libsubsys__bluetooth__host.a(conn.c.obj)
                0x0000000008006c4c                bt_conn_lookup_state_le
 .text.bt_conn_get_dst
                0x0000000008006c90       0x44 zephyr/subsys/bluetooth/host/libsubsys__bluetooth__host.a(conn.c.obj)
                0x0000000008006c90                bt_conn_get_dst
 .text.send_conn_le_param_update
                0x0000000008006cd4       0xc0 zephyr/subsys/bluetooth/host/libsubsys__bluetooth__host.a(conn.c.obj)
 .text.deferred_work
                0x0000000008006d94      0x14c zephyr/subsys/bluetooth/host/libsubsys__bluetooth__host.a(conn.c.obj)
 .text.bt_conn_init
                0x0000000008006ee0       0x44 zephyr/subsys/bluetooth/host/libsubsys__bluetooth__host.a(conn.c.obj)
                0x0000000008006ee0                bt_conn_init
 .text.l2cap_disconnected
                0x0000000008006f24       0x38 zephyr/subsys/bluetooth/host/libsubsys__bluetooth__host.a(l2cap.c.obj)
 .text.l2cap_connected
                0x0000000008006f5c       0x38 zephyr/subsys/bluetooth/host/libsubsys__bluetooth__host.a(l2cap.c.obj)
 .text.l2cap_accept
                0x0000000008006f94       0x7c zephyr/subsys/bluetooth/host/libsubsys__bluetooth__host.a(l2cap.c.obj)
 .text.l2cap_create_le_sig_pdu.part.0
                0x0000000008007010       0x1c zephyr/subsys/bluetooth/host/libsubsys__bluetooth__host.a(l2cap.c.obj)
 .text.raise_data_ready
                0x000000000800702c       0x90 zephyr/subsys/bluetooth/host/libsubsys__bluetooth__host.a(l2cap.c.obj)
 .text.lower_data_ready
                0x00000000080070bc       0x50 zephyr/subsys/bluetooth/host/libsubsys__bluetooth__host.a(l2cap.c.obj)
 .text.bt_l2cap_chan_add
                0x000000000800710c       0x50 zephyr/subsys/bluetooth/host/libsubsys__bluetooth__host.a(l2cap.c.obj)
                0x000000000800710c                bt_l2cap_chan_add
 .text.bt_l2cap_disconnected
                0x000000000800715c      0x12c zephyr/subsys/bluetooth/host/libsubsys__bluetooth__host.a(l2cap.c.obj)
                0x000000000800715c                bt_l2cap_disconnected
 .text.bt_l2cap_create_pdu_timeout
                0x0000000008007288       0x34 zephyr/subsys/bluetooth/host/libsubsys__bluetooth__host.a(l2cap.c.obj)
                0x0000000008007288                bt_l2cap_create_pdu_timeout
 .text.bt_l2cap_send_pdu
                0x00000000080072bc       0xcc zephyr/subsys/bluetooth/host/libsubsys__bluetooth__host.a(l2cap.c.obj)
                0x00000000080072bc                bt_l2cap_send_pdu
 .text.l2cap_data_pull
                0x0000000008007388      0x344 zephyr/subsys/bluetooth/host/libsubsys__bluetooth__host.a(l2cap.c.obj)
                0x0000000008007388                l2cap_data_pull
 .text.bt_l2cap_connected
                0x00000000080076cc       0xa4 zephyr/subsys/bluetooth/host/libsubsys__bluetooth__host.a(l2cap.c.obj)
                0x00000000080076cc                bt_l2cap_connected
 .text.l2cap_chan_sdu_sent
                0x0000000008007770       0xa4 zephyr/subsys/bluetooth/host/libsubsys__bluetooth__host.a(l2cap.c.obj)
 .text.l2cap_recv.part.0
                0x0000000008007814      0x110 zephyr/subsys/bluetooth/host/libsubsys__bluetooth__host.a(l2cap.c.obj)
 .text.l2cap_recv
                0x0000000008007924       0x24 zephyr/subsys/bluetooth/host/libsubsys__bluetooth__host.a(l2cap.c.obj)
 .text.bt_l2cap_recv
                0x0000000008007948       0xc4 zephyr/subsys/bluetooth/host/libsubsys__bluetooth__host.a(l2cap.c.obj)
                0x0000000008007948                bt_l2cap_recv
 .text.bt_l2cap_update_conn_param
                0x0000000008007a0c       0x50 zephyr/subsys/bluetooth/host/libsubsys__bluetooth__host.a(l2cap.c.obj)
                0x0000000008007a0c                bt_l2cap_update_conn_param
 .text.att_op_get_type
                0x0000000008007a5c       0x74 zephyr/subsys/bluetooth/host/libsubsys__bluetooth__host.a(att.c.obj)
 .text.send_err_rsp.part.0
                0x0000000008007ad0       0x14 zephyr/subsys/bluetooth/host/libsubsys__bluetooth__host.a(att.c.obj)
 .text.find_info_cb
                0x0000000008007ae4       0xf8 zephyr/subsys/bluetooth/host/libsubsys__bluetooth__host.a(att.c.obj)
 .text.bt_att_released
                0x0000000008007bdc       0x44 zephyr/subsys/bluetooth/host/libsubsys__bluetooth__host.a(att.c.obj)
 .text.chan_send
                0x0000000008007c20      0x124 zephyr/subsys/bluetooth/host/libsubsys__bluetooth__host.a(att.c.obj)
 .text.bt_att_chan_send
                0x0000000008007d44       0x50 zephyr/subsys/bluetooth/host/libsubsys__bluetooth__host.a(att.c.obj)
 .text.err_to_att
                0x0000000008007d94       0x44 zephyr/subsys/bluetooth/host/libsubsys__bluetooth__host.a(att.c.obj)
 .text.write_cb
                0x0000000008007dd8       0xa0 zephyr/subsys/bluetooth/host/libsubsys__bluetooth__host.a(att.c.obj)
 .text.bt_att_chan_req_send
                0x0000000008007e78       0x9c zephyr/subsys/bluetooth/host/libsubsys__bluetooth__host.a(att.c.obj)
 .text.bt_att_connected
                0x0000000008007f14       0x74 zephyr/subsys/bluetooth/host/libsubsys__bluetooth__host.a(att.c.obj)
 .text.bt_addr_le_to_str.constprop.0.isra.0
                0x0000000008007f88       0x78 zephyr/subsys/bluetooth/host/libsubsys__bluetooth__host.a(att.c.obj)
 .text.read_group_cb
                0x0000000008008000       0xec zephyr/subsys/bluetooth/host/libsubsys__bluetooth__host.a(att.c.obj)
 .text.read_vl_cb
                0x00000000080080ec       0xb8 zephyr/subsys/bluetooth/host/libsubsys__bluetooth__host.a(att.c.obj)
 .text.read_cb  0x00000000080081a4       0x90 zephyr/subsys/bluetooth/host/libsubsys__bluetooth__host.a(att.c.obj)
 .text.read_type_cb
                0x0000000008008234       0xec zephyr/subsys/bluetooth/host/libsubsys__bluetooth__host.a(att.c.obj)
 .text.att_tx_destroy
                0x0000000008008320       0x64 zephyr/subsys/bluetooth/host/libsubsys__bluetooth__host.a(att.c.obj)
 .text.bt_att_chan_create_pdu
                0x0000000008008384       0xe0 zephyr/subsys/bluetooth/host/libsubsys__bluetooth__host.a(att.c.obj)
 .text.att_write_rsp.constprop.0
                0x0000000008008464       0xcc zephyr/subsys/bluetooth/host/libsubsys__bluetooth__host.a(att.c.obj)
 .text.att_write_req
                0x0000000008008530       0x60 zephyr/subsys/bluetooth/host/libsubsys__bluetooth__host.a(att.c.obj)
 .text.att_write_cmd
                0x0000000008008590       0x60 zephyr/subsys/bluetooth/host/libsubsys__bluetooth__host.a(att.c.obj)
 .text.bt_att_recv
                0x00000000080085f0      0x170 zephyr/subsys/bluetooth/host/libsubsys__bluetooth__host.a(att.c.obj)
 .text.find_type_cb
                0x0000000008008760      0x1b8 zephyr/subsys/bluetooth/host/libsubsys__bluetooth__host.a(att.c.obj)
 .text.att_create_rsp_pdu
                0x0000000008008918       0x60 zephyr/subsys/bluetooth/host/libsubsys__bluetooth__host.a(att.c.obj)
 .text.att_read_group_req
                0x0000000008008978      0x13c zephyr/subsys/bluetooth/host/libsubsys__bluetooth__host.a(att.c.obj)
 .text.att_read_mult_vl_req
                0x0000000008008ab4       0xcc zephyr/subsys/bluetooth/host/libsubsys__bluetooth__host.a(att.c.obj)
 .text.att_read_mult_req
                0x0000000008008b80       0xcc zephyr/subsys/bluetooth/host/libsubsys__bluetooth__host.a(att.c.obj)
 .text.att_read_rsp
                0x0000000008008c4c       0x90 zephyr/subsys/bluetooth/host/libsubsys__bluetooth__host.a(att.c.obj)
 .text.att_read_blob_req
                0x0000000008008cdc       0x54 zephyr/subsys/bluetooth/host/libsubsys__bluetooth__host.a(att.c.obj)
 .text.att_read_req
                0x0000000008008d30       0x50 zephyr/subsys/bluetooth/host/libsubsys__bluetooth__host.a(att.c.obj)
 .text.att_read_type_req
                0x0000000008008d80      0x15c zephyr/subsys/bluetooth/host/libsubsys__bluetooth__host.a(att.c.obj)
 .text.att_find_type_req
                0x0000000008008edc      0x100 zephyr/subsys/bluetooth/host/libsubsys__bluetooth__host.a(att.c.obj)
 .text.att_find_info_req
                0x0000000008008fdc       0xa8 zephyr/subsys/bluetooth/host/libsubsys__bluetooth__host.a(att.c.obj)
 .text.att_mtu_req
                0x0000000008009084       0xd8 zephyr/subsys/bluetooth/host/libsubsys__bluetooth__host.a(att.c.obj)
 .text.bt_att_accept
                0x000000000800915c      0x180 zephyr/subsys/bluetooth/host/libsubsys__bluetooth__host.a(att.c.obj)
 .text.bt_att_sent
                0x00000000080092dc       0xc8 zephyr/subsys/bluetooth/host/libsubsys__bluetooth__host.a(att.c.obj)
 .text.att_get  0x00000000080093a4       0x4c zephyr/subsys/bluetooth/host/libsubsys__bluetooth__host.a(att.c.obj)
 .text.bt_att_status
                0x00000000080093f0       0xa4 zephyr/subsys/bluetooth/host/libsubsys__bluetooth__host.a(att.c.obj)
 .text.att_tx_destroy_work_handler
                0x0000000008009494      0x2a8 zephyr/subsys/bluetooth/host/libsubsys__bluetooth__host.a(att.c.obj)
 .text.bt_att_create_pdu
                0x000000000800973c       0x64 zephyr/subsys/bluetooth/host/libsubsys__bluetooth__host.a(att.c.obj)
                0x000000000800973c                bt_att_create_pdu
 .text.bt_att_req_alloc
                0x00000000080097a0       0xd8 zephyr/subsys/bluetooth/host/libsubsys__bluetooth__host.a(att.c.obj)
                0x00000000080097a0                bt_att_req_alloc
 .text.bt_att_req_free
                0x0000000008009878       0x50 zephyr/subsys/bluetooth/host/libsubsys__bluetooth__host.a(att.c.obj)
                0x0000000008009878                bt_att_req_free
 .text.att_handle_rsp
                0x00000000080098c8       0xd0 zephyr/subsys/bluetooth/host/libsubsys__bluetooth__host.a(att.c.obj)
 .text.att_confirm
                0x0000000008009998       0x44 zephyr/subsys/bluetooth/host/libsubsys__bluetooth__host.a(att.c.obj)
 .text.bt_att_disconnected
                0x00000000080099dc      0x158 zephyr/subsys/bluetooth/host/libsubsys__bluetooth__host.a(att.c.obj)
 .text.att_disconnect
                0x0000000008009b34       0x78 zephyr/subsys/bluetooth/host/libsubsys__bluetooth__host.a(att.c.obj)
 .text.att_timeout
                0x0000000008009bac       0x54 zephyr/subsys/bluetooth/host/libsubsys__bluetooth__host.a(att.c.obj)
 .text.bt_att_req_send
                0x0000000008009c00       0x70 zephyr/subsys/bluetooth/host/libsubsys__bluetooth__host.a(att.c.obj)
                0x0000000008009c00                bt_att_req_send
 .text.bt_att_set_tx_meta_data
                0x0000000008009c70       0x24 zephyr/subsys/bluetooth/host/libsubsys__bluetooth__host.a(att.c.obj)
                0x0000000008009c70                bt_att_set_tx_meta_data
 .text.gatt_indicate_rsp
                0x0000000008009c94       0x70 zephyr/subsys/bluetooth/host/libsubsys__bluetooth__host.a(gatt.c.obj)
 .text.find_cf_cfg
                0x0000000008009d04       0x30 zephyr/subsys/bluetooth/host/libsubsys__bluetooth__host.a(gatt.c.obj)
 .text.find_ccc_cfg
                0x0000000008009d34       0x28 zephyr/subsys/bluetooth/host/libsubsys__bluetooth__host.a(gatt.c.obj)
 .text.find_sc_cfg
                0x0000000008009d5c       0x70 zephyr/subsys/bluetooth/host/libsubsys__bluetooth__host.a(gatt.c.obj)
 .text.gatt_ccc_changed
                0x0000000008009dcc       0x68 zephyr/subsys/bluetooth/host/libsubsys__bluetooth__host.a(gatt.c.obj)
 .text.clear_cf_cfg
                0x0000000008009e34       0x2c zephyr/subsys/bluetooth/host/libsubsys__bluetooth__host.a(gatt.c.obj)
 .text.db_hash_update
                0x0000000008009e60       0x24 zephyr/subsys/bluetooth/host/libsubsys__bluetooth__host.a(gatt.c.obj)
 .text.disconnected_cb.part.0
                0x0000000008009e84       0xc8 zephyr/subsys/bluetooth/host/libsubsys__bluetooth__host.a(gatt.c.obj)
 .text.disconnected_cb
                0x0000000008009f4c       0x18 zephyr/subsys/bluetooth/host/libsubsys__bluetooth__host.a(gatt.c.obj)
 .text.bt_gatt_attr_write_ccc
                0x0000000008009f64       0xf4 zephyr/subsys/bluetooth/host/libsubsys__bluetooth__host.a(gatt.c.obj)
                0x0000000008009f64                bt_gatt_attr_write_ccc
 .text.sc_save  0x000000000800a058       0xe0 zephyr/subsys/bluetooth/host/libsubsys__bluetooth__host.a(gatt.c.obj)
 .text.sc_ccc_cfg_write
                0x000000000800a138       0x58 zephyr/subsys/bluetooth/host/libsubsys__bluetooth__host.a(gatt.c.obj)
 .text.set_change_aware_no_store.constprop.0.isra.0
                0x000000000800a190       0x4c zephyr/subsys/bluetooth/host/libsubsys__bluetooth__host.a(gatt.c.obj)
 .text.cf_write
                0x000000000800a1dc      0x104 zephyr/subsys/bluetooth/host/libsubsys__bluetooth__host.a(gatt.c.obj)
 .text.sc_restore_rsp
                0x000000000800a2e0       0xa4 zephyr/subsys/bluetooth/host/libsubsys__bluetooth__host.a(gatt.c.obj)
 .text.sc_indicate_rsp
                0x000000000800a384       0x8c zephyr/subsys/bluetooth/host/libsubsys__bluetooth__host.a(gatt.c.obj)
 .text.bt_gatt_init
                0x000000000800a410       0x78 zephyr/subsys/bluetooth/host/libsubsys__bluetooth__host.a(gatt.c.obj)
                0x000000000800a410                bt_gatt_init
 .text.bt_gatt_attr_read
                0x000000000800a488       0xa0 zephyr/subsys/bluetooth/host/libsubsys__bluetooth__host.a(gatt.c.obj)
                0x000000000800a488                bt_gatt_attr_read
 .text.read_ppcp
                0x000000000800a528       0x2c zephyr/subsys/bluetooth/host/libsubsys__bluetooth__host.a(gatt.c.obj)
 .text.bt_gatt_attr_get_handle
                0x000000000800a554       0x60 zephyr/subsys/bluetooth/host/libsubsys__bluetooth__host.a(gatt.c.obj)
                0x000000000800a554                bt_gatt_attr_get_handle
 .text.bt_gatt_foreach_attr_type
                0x000000000800a5b4       0xb4 zephyr/subsys/bluetooth/host/libsubsys__bluetooth__host.a(gatt.c.obj)
                0x000000000800a5b4                bt_gatt_foreach_attr_type
 .text.db_hash_gen
                0x000000000800a668      0x128 zephyr/subsys/bluetooth/host/libsubsys__bluetooth__host.a(gatt.c.obj)
 .text.db_hash_read
                0x000000000800a790       0x80 zephyr/subsys/bluetooth/host/libsubsys__bluetooth__host.a(gatt.c.obj)
 .text.db_hash_process
                0x000000000800a810       0x1c zephyr/subsys/bluetooth/host/libsubsys__bluetooth__host.a(gatt.c.obj)
 .text.bt_gatt_attr_next
                0x000000000800a82c       0x24 zephyr/subsys/bluetooth/host/libsubsys__bluetooth__host.a(gatt.c.obj)
                0x000000000800a82c                bt_gatt_attr_next
 .text.bt_gatt_is_subscribed
                0x000000000800a850      0x17c zephyr/subsys/bluetooth/host/libsubsys__bluetooth__host.a(gatt.c.obj)
                0x000000000800a850                bt_gatt_is_subscribed
 .text.gatt_indicate
                0x000000000800a9cc      0x150 zephyr/subsys/bluetooth/host/libsubsys__bluetooth__host.a(gatt.c.obj)
 .text.bt_gatt_indicate
                0x000000000800ab1c       0xf4 zephyr/subsys/bluetooth/host/libsubsys__bluetooth__host.a(gatt.c.obj)
                0x000000000800ab1c                bt_gatt_indicate
 .text.sc_process
                0x000000000800ac10       0xa8 zephyr/subsys/bluetooth/host/libsubsys__bluetooth__host.a(gatt.c.obj)
 .text.update_ccc
                0x000000000800acb8      0x15c zephyr/subsys/bluetooth/host/libsubsys__bluetooth__host.a(gatt.c.obj)
 .text.gatt_notify
                0x000000000800ae14      0x114 zephyr/subsys/bluetooth/host/libsubsys__bluetooth__host.a(gatt.c.obj)
 .text.notify_cb
                0x000000000800af28      0x13c zephyr/subsys/bluetooth/host/libsubsys__bluetooth__host.a(gatt.c.obj)
 .text.bt_gatt_connected
                0x000000000800b064       0x54 zephyr/subsys/bluetooth/host/libsubsys__bluetooth__host.a(gatt.c.obj)
                0x000000000800b064                bt_gatt_connected
 .text.bt_gatt_att_max_mtu_changed
                0x000000000800b0b8       0x40 zephyr/subsys/bluetooth/host/libsubsys__bluetooth__host.a(gatt.c.obj)
                0x000000000800b0b8                bt_gatt_att_max_mtu_changed
 .text.bt_gatt_disconnected
                0x000000000800b0f8       0x74 zephyr/subsys/bluetooth/host/libsubsys__bluetooth__host.a(gatt.c.obj)
                0x000000000800b0f8                bt_gatt_disconnected
 .text.bt_smp_accept
                0x000000000800b16c       0x7c zephyr/subsys/bluetooth/host/libsubsys__bluetooth__host.a(smp_null.c.obj)
 .text.z_stm32_hsem_lock.constprop.0
                0x000000000800b1e8       0x34 zephyr/drivers/interrupt_controller/libdrivers__interrupt_controller.a(intc_exti_stm32.c.obj)
 .text.stm32_exti_is_pending
                0x000000000800b21c       0x50 zephyr/drivers/interrupt_controller/libdrivers__interrupt_controller.a(intc_exti_stm32.c.obj)
                0x000000000800b21c                stm32_exti_is_pending
 .text.stm32_exti_clear_pending
                0x000000000800b26c       0x4c zephyr/drivers/interrupt_controller/libdrivers__interrupt_controller.a(intc_exti_stm32.c.obj)
                0x000000000800b26c                stm32_exti_clear_pending
 .text.stm32_fill_irq_table
                0x000000000800b2b8       0x18 zephyr/drivers/interrupt_controller/libdrivers__interrupt_controller.a(intc_gpio_stm32.c.obj)
 .text.stm32_intc_gpio_isr
                0x000000000800b2d0       0x4c zephyr/drivers/interrupt_controller/libdrivers__interrupt_controller.a(intc_gpio_stm32.c.obj)
 .text.z_stm32_hsem_lock.constprop.0
                0x000000000800b31c       0x34 zephyr/drivers/interrupt_controller/libdrivers__interrupt_controller.a(intc_gpio_stm32.c.obj)
 .text.stm32_gpio_intc_enable_line
                0x000000000800b350       0x30 zephyr/drivers/interrupt_controller/libdrivers__interrupt_controller.a(intc_gpio_stm32.c.obj)
                0x000000000800b350                stm32_gpio_intc_enable_line
 .text.stm32_gpio_intc_disable_line
                0x000000000800b380       0x14 zephyr/drivers/interrupt_controller/libdrivers__interrupt_controller.a(intc_gpio_stm32.c.obj)
                0x000000000800b380                stm32_gpio_intc_disable_line
 .text.stm32_gpio_intc_select_line_trigger
                0x000000000800b394       0x64 zephyr/drivers/interrupt_controller/libdrivers__interrupt_controller.a(intc_gpio_stm32.c.obj)
                0x000000000800b394                stm32_gpio_intc_select_line_trigger
 .text.stm32_gpio_intc_set_irq_callback
                0x000000000800b3f8       0x40 zephyr/drivers/interrupt_controller/libdrivers__interrupt_controller.a(intc_gpio_stm32.c.obj)
                0x000000000800b3f8                stm32_gpio_intc_set_irq_callback
 .text.stm32_gpio_intc_remove_irq_callback
                0x000000000800b438       0x24 zephyr/drivers/interrupt_controller/libdrivers__interrupt_controller.a(intc_gpio_stm32.c.obj)
                0x000000000800b438                stm32_gpio_intc_remove_irq_callback
 .text.stm32_exti_set_line_src_port
                0x000000000800b45c       0x50 zephyr/drivers/interrupt_controller/libdrivers__interrupt_controller.a(intc_gpio_stm32.c.obj)
                0x000000000800b45c                stm32_exti_set_line_src_port
 .text.stm32_exti_get_line_src_port
                0x000000000800b4ac       0x38 zephyr/drivers/interrupt_controller/libdrivers__interrupt_controller.a(intc_gpio_stm32.c.obj)
                0x000000000800b4ac                stm32_exti_get_line_src_port
 .text.TM_EvtReceivedCb
                0x000000000800b4e4        0xc zephyr/drivers/bluetooth/libdrivers__bluetooth.a(ipm_stm32wb.c.obj)
                0x000000000800b4e4                TM_EvtReceivedCb
 .text.TM_AclDataAck
                0x000000000800b4f0        0xc zephyr/drivers/bluetooth/libdrivers__bluetooth.a(ipm_stm32wb.c.obj)
 .text.bt_ipm_setup.part.0
                0x000000000800b4fc       0x34 zephyr/drivers/bluetooth/libdrivers__bluetooth.a(ipm_stm32wb.c.obj)
 .text.syscmd_status_not
                0x000000000800b530       0x34 zephyr/drivers/bluetooth/libdrivers__bluetooth.a(ipm_stm32wb.c.obj)
 .text.bt_ipm_close
                0x000000000800b564       0x7c zephyr/drivers/bluetooth/libdrivers__bluetooth.a(ipm_stm32wb.c.obj)
 .text.sysevt_received
                0x000000000800b5e0        0xc zephyr/drivers/bluetooth/libdrivers__bluetooth.a(ipm_stm32wb.c.obj)
 .text.bt_ipm_rx_thread
                0x000000000800b5ec      0x224 zephyr/drivers/bluetooth/libdrivers__bluetooth.a(ipm_stm32wb.c.obj)
 .text.bt_ipm_send
                0x000000000800b810      0x100 zephyr/drivers/bluetooth/libdrivers__bluetooth.a(ipm_stm32wb.c.obj)
 .text.shci_cmd_resp_release
                0x000000000800b910        0xc zephyr/drivers/bluetooth/libdrivers__bluetooth.a(ipm_stm32wb.c.obj)
                0x000000000800b910                shci_cmd_resp_release
 .text.shci_cmd_resp_wait
                0x000000000800b91c       0x10 zephyr/drivers/bluetooth/libdrivers__bluetooth.a(ipm_stm32wb.c.obj)
                0x000000000800b91c                shci_cmd_resp_wait
 .text.ipcc_reset
                0x000000000800b92c       0x48 zephyr/drivers/bluetooth/libdrivers__bluetooth.a(ipm_stm32wb.c.obj)
                0x000000000800b92c                ipcc_reset
 .text.transport_init
                0x000000000800b974      0x150 zephyr/drivers/bluetooth/libdrivers__bluetooth.a(ipm_stm32wb.c.obj)
                0x000000000800b974                transport_init
 .text.c2_reset
                0x000000000800bac4      0x110 zephyr/drivers/bluetooth/libdrivers__bluetooth.a(ipm_stm32wb.c.obj)
 .text.bt_ipm_open
                0x000000000800bbd4       0xa0 zephyr/drivers/bluetooth/libdrivers__bluetooth.a(ipm_stm32wb.c.obj)
 .text.bt_get_ble_addr
                0x000000000800bc74       0x34 zephyr/drivers/bluetooth/libdrivers__bluetooth.a(ipm_stm32wb.c.obj)
                0x000000000800bc74                bt_get_ble_addr
 .text.bt_ipm_setup
                0x000000000800bca8       0xa4 zephyr/drivers/bluetooth/libdrivers__bluetooth.a(ipm_stm32wb.c.obj)
 .text.stm32_clock_control_get_subsys_rate
                0x000000000800bd4c       0x80 zephyr/drivers/clock_control/libdrivers__clock_control.a(clock_stm32_ll_common.c.obj)
 .text.z_stm32_hsem_lock.constprop.0
                0x000000000800bdcc       0x38 zephyr/drivers/clock_control/libdrivers__clock_control.a(clock_stm32_ll_common.c.obj)
 .text.stm32_clock_control_init
                0x000000000800be04      0x120 zephyr/drivers/clock_control/libdrivers__clock_control.a(clock_stm32_ll_common.c.obj)
                0x000000000800be04                stm32_clock_control_init
 .text.uart_console_init
                0x000000000800bf24       0x28 zephyr/drivers/console/libdrivers__console.a(uart_console.c.obj)
 .text.console_out
                0x000000000800bf4c       0x28 zephyr/drivers/console/libdrivers__console.a(uart_console.c.obj)
 .text.z_stm32_hsem_lock.constprop.0
                0x000000000800bf74       0x18 zephyr/drivers/entropy/libdrivers__entropy.a(entropy_stm32.c.obj)
 .text.entropy_stm32_suspend.isra.0
                0x000000000800bf8c       0x38 zephyr/drivers/entropy/libdrivers__entropy.a(entropy_stm32.c.obj)
 .text.acquire_rng
                0x000000000800bfc4       0x44 zephyr/drivers/entropy/libdrivers__entropy.a(entropy_stm32.c.obj)
 .text.start_pool_filling
                0x000000000800c008       0x5c zephyr/drivers/entropy/libdrivers__entropy.a(entropy_stm32.c.obj)
 .text.rng_pool_get
                0x000000000800c064       0x94 zephyr/drivers/entropy/libdrivers__entropy.a(entropy_stm32.c.obj)
 .text.entropy_stm32_rng_get_entropy
                0x000000000800c0f8       0x58 zephyr/drivers/entropy/libdrivers__entropy.a(entropy_stm32.c.obj)
 .text.entropy_stm32_rng_init
                0x000000000800c150       0x94 zephyr/drivers/entropy/libdrivers__entropy.a(entropy_stm32.c.obj)
 .text.random_sample_get
                0x000000000800c1e4       0x60 zephyr/drivers/entropy/libdrivers__entropy.a(entropy_stm32.c.obj)
 .text.entropy_stm32_rng_get_entropy_isr
                0x000000000800c244      0x100 zephyr/drivers/entropy/libdrivers__entropy.a(entropy_stm32.c.obj)
 .text.stm32_rng_isr
                0x000000000800c344       0xc4 zephyr/drivers/entropy/libdrivers__entropy.a(entropy_stm32.c.obj)
 .text.gpio_stm32_pin_interrupt_configure
                0x000000000800c408       0xb0 zephyr/drivers/gpio/libdrivers__gpio.a(gpio_stm32.c.obj)
 .text.z_stm32_hsem_lock.constprop.0
                0x000000000800c4b8       0x34 zephyr/drivers/gpio/libdrivers__gpio.a(gpio_stm32.c.obj)
 .text.gpio_stm32_port_toggle_bits
                0x000000000800c4ec       0x24 zephyr/drivers/gpio/libdrivers__gpio.a(gpio_stm32.c.obj)
 .text.gpio_stm32_port_set_masked_raw
                0x000000000800c510       0x28 zephyr/drivers/gpio/libdrivers__gpio.a(gpio_stm32.c.obj)
 .text.gpio_stm32_configure_raw.isra.0
                0x000000000800c538      0x120 zephyr/drivers/gpio/libdrivers__gpio.a(gpio_stm32.c.obj)
 .text.gpio_stm32_init
                0x000000000800c658       0x38 zephyr/drivers/gpio/libdrivers__gpio.a(gpio_stm32.c.obj)
 .text.pinctrl_configure_pins
                0x000000000800c690       0x84 zephyr/drivers/pinctrl/libdrivers__pinctrl.a(pinctrl_stm32.c.obj)
                0x000000000800c690                pinctrl_configure_pins
 .text.uart_stm32_cfg2ll_stopbits
                0x000000000800c714       0x38 zephyr/drivers/serial/libdrivers__serial.a(uart_stm32.c.obj)
 .text.lpuartdiv_calc
                0x000000000800c74c       0x30 zephyr/drivers/serial/libdrivers__serial.a(uart_stm32.c.obj)
                0x000000000800c74c                lpuartdiv_calc
 .text.uart_stm32_set_baudrate
                0x000000000800c77c      0x11c zephyr/drivers/serial/libdrivers__serial.a(uart_stm32.c.obj)
 .text.uart_stm32_configure
                0x000000000800c898       0xe4 zephyr/drivers/serial/libdrivers__serial.a(uart_stm32.c.obj)
 .text.uart_stm32_init
                0x000000000800c97c      0x1b0 zephyr/drivers/serial/libdrivers__serial.a(uart_stm32.c.obj)
 .text.elapsed  0x000000000800cb2c       0x4c zephyr/drivers/timer/libdrivers__timer.a(cortex_m_systick.c.obj)
 .text.sys_clock_driver_init
                0x000000000800cb78       0x38 zephyr/drivers/timer/libdrivers__timer.a(cortex_m_systick.c.obj)
 .text.sys_clock_isr
                0x000000000800cbb0       0x50 zephyr/drivers/timer/libdrivers__timer.a(cortex_m_systick.c.obj)
                0x000000000800cbb0                sys_clock_isr
 .text.sys_clock_set_timeout
                0x000000000800cc00       0xdc zephyr/drivers/timer/libdrivers__timer.a(cortex_m_systick.c.obj)
                0x000000000800cc00                sys_clock_set_timeout
 .text.sys_clock_elapsed
                0x000000000800ccdc       0x3c zephyr/drivers/timer/libdrivers__timer.a(cortex_m_systick.c.obj)
                0x000000000800ccdc                sys_clock_elapsed
 .text.HAL_RCC_GetSysClockFreq
                0x000000000800cd18       0xa4 modules/hal_stm32/stm32cube/lib..__modules__hal__stm32__stm32cube.a(stm32wbxx_hal_rcc.c.obj)
                0x000000000800cd18                HAL_RCC_GetSysClockFreq
 .text.HAL_NVIC_EnableIRQ
                0x000000000800cdbc       0x1c modules/hal_stm32/stm32cube/lib..__modules__hal__stm32__stm32cube.a(stm32wbxx_hal_cortex.c.obj)
                0x000000000800cdbc                HAL_NVIC_EnableIRQ
 .text.LL_SetFlashLatency
                0x000000000800cdd8       0xc0 modules/hal_stm32/stm32cube/lib..__modules__hal__stm32__stm32cube.a(stm32wbxx_ll_utils.c.obj)
                0x000000000800cdd8                LL_SetFlashLatency
 .text.mbedtls_aes_setkey_enc
                0x000000000800ce98      0x198 modules/mbedtls/libmbedTLSBase.a(aes.c.obj)
                0x000000000800ce98                mbedtls_aes_setkey_enc
 .text.mbedtls_aes_setkey_dec
                0x000000000800d030      0x108 modules/mbedtls/libmbedTLSBase.a(aes.c.obj)
                0x000000000800d030                mbedtls_aes_setkey_dec
 .text.mbedtls_internal_aes_encrypt
                0x000000000800d138      0x37c modules/mbedtls/libmbedTLSBase.a(aes.c.obj)
                0x000000000800d138                mbedtls_internal_aes_encrypt
 .text.mbedtls_internal_aes_decrypt
                0x000000000800d4b4      0x37c modules/mbedtls/libmbedTLSBase.a(aes.c.obj)
                0x000000000800d4b4                mbedtls_internal_aes_decrypt
 .text.mbedtls_cipher_info_from_values
                0x000000000800d830       0x3c modules/mbedtls/libmbedTLSBase.a(cipher.c.obj)
                0x000000000800d830                mbedtls_cipher_info_from_values
 .text.mbedtls_cipher_free
                0x000000000800d86c       0x5c modules/mbedtls/libmbedTLSBase.a(cipher.c.obj)
                0x000000000800d86c                mbedtls_cipher_free
 .text.mbedtls_cipher_setup
                0x000000000800d8c8       0x40 modules/mbedtls/libmbedTLSBase.a(cipher.c.obj)
                0x000000000800d8c8                mbedtls_cipher_setup
 .text.mbedtls_cipher_setkey
                0x000000000800d908      0x110 modules/mbedtls/libmbedTLSBase.a(cipher.c.obj)
                0x000000000800d908                mbedtls_cipher_setkey
 .text.mbedtls_cipher_update
                0x000000000800da18      0x1a8 modules/mbedtls/libmbedTLSBase.a(cipher.c.obj)
                0x000000000800da18                mbedtls_cipher_update
 .text.cmac_multiply_by_u.part.0
                0x000000000800dbc0       0x44 modules/mbedtls/libmbedTLSBase.a(cmac.c.obj)
 .text.mbedtls_cipher_cmac_starts
                0x000000000800dc04       0x50 modules/mbedtls/libmbedTLSBase.a(cmac.c.obj)
                0x000000000800dc04                mbedtls_cipher_cmac_starts
 .text.mbedtls_cipher_cmac_update
                0x000000000800dc54      0x10c modules/mbedtls/libmbedTLSBase.a(cmac.c.obj)
                0x000000000800dc54                mbedtls_cipher_cmac_update
 .text.mbedtls_cipher_cmac_finish
                0x000000000800dd60      0x19c modules/mbedtls/libmbedTLSBase.a(cmac.c.obj)
                0x000000000800dd60                mbedtls_cipher_cmac_finish
 .text.mbedtls_platform_zeroize
                0x000000000800defc       0x18 modules/mbedtls/libmbedTLSBase.a(platform_util.c.obj)
                0x000000000800defc                mbedtls_platform_zeroize
 .text.mbedtls_calloc
                0x000000000800df14        0xc modules/mbedtls/libmbedTLSBase.a(platform.c.obj)
                0x000000000800df14                mbedtls_calloc
 .text.mbedtls_free
                0x000000000800df20        0xc modules/mbedtls/libmbedTLSBase.a(platform.c.obj)
                0x000000000800df20                mbedtls_free
 .text.mbedtls_cipher_values_from_psa
                0x000000000800df2c       0x68 modules/mbedtls/libmbedTLSCrypto.a(psa_crypto_cipher.c.obj)
                0x000000000800df2c                mbedtls_cipher_values_from_psa
 .text.psa_mac_finish_internal
                0x000000000800df94       0x44 modules/mbedtls/libmbedTLSCrypto.a(psa_crypto_mac.c.obj)
 .text.mbedtls_psa_mac_abort
                0x000000000800dfd8       0x34 modules/mbedtls/libmbedTLSCrypto.a(psa_crypto_mac.c.obj)
                0x000000000800dfd8                mbedtls_psa_mac_abort
 .text.psa_mac_setup.constprop.0
                0x000000000800e00c       0x80 modules/mbedtls/libmbedTLSCrypto.a(psa_crypto_mac.c.obj)
 .text.mbedtls_psa_mac_update
                0x000000000800e08c       0x28 modules/mbedtls/libmbedTLSCrypto.a(psa_crypto_mac.c.obj)
                0x000000000800e08c                mbedtls_psa_mac_update
 .text.psa_mac_key_can_do
                0x000000000800e0b4       0x40 modules/mbedtls/libmbedTLSCrypto.a(psa_crypto.c.obj)
 .text.psa_key_algorithm_permits
                0x000000000800e0f4      0x1f8 modules/mbedtls/libmbedTLSCrypto.a(psa_crypto.c.obj)
 .text.psa_generate_random_internal
                0x000000000800e2ec       0x3c modules/mbedtls/libmbedTLSCrypto.a(psa_crypto.c.obj)
 .text.psa_get_and_lock_key_slot_with_policy
                0x000000000800e328       0xdc modules/mbedtls/libmbedTLSCrypto.a(psa_crypto.c.obj)
 .text.psa_mac_finalize_alg_and_key_validation.isra.0
                0x000000000800e404       0xe0 modules/mbedtls/libmbedTLSCrypto.a(psa_crypto.c.obj)
 .text.mbedtls_psa_crypto_free
                0x000000000800e4e4       0x50 modules/mbedtls/libmbedTLSCrypto.a(psa_crypto.c.obj)
                0x000000000800e4e4                mbedtls_psa_crypto_free
 .text.psa_crypto_init
                0x000000000800e534       0x6c modules/mbedtls/libmbedTLSCrypto.a(psa_crypto.c.obj)
                0x000000000800e534                psa_crypto_init
 .text.psa_get_and_lock_key_slot_in_memory
                0x000000000800e5a0       0x7c modules/mbedtls/libmbedTLSCrypto.a(psa_crypto_slot_management.c.obj)
 .text.psa_initialize_key_slots
                0x000000000800e61c       0x10 modules/mbedtls/libmbedTLSCrypto.a(psa_crypto_slot_management.c.obj)
                0x000000000800e61c                psa_initialize_key_slots
 .text.psa_wipe_all_key_slots
                0x000000000800e62c       0x34 modules/mbedtls/libmbedTLSCrypto.a(psa_crypto_slot_management.c.obj)
                0x000000000800e62c                psa_wipe_all_key_slots
 .text.psa_reserve_free_key_slot
                0x000000000800e660       0x8c modules/mbedtls/libmbedTLSCrypto.a(psa_crypto_slot_management.c.obj)
                0x000000000800e660                psa_reserve_free_key_slot
 .text.psa_get_and_lock_key_slot
                0x000000000800e6ec       0x2c modules/mbedtls/libmbedTLSCrypto.a(psa_crypto_slot_management.c.obj)
                0x000000000800e6ec                psa_get_and_lock_key_slot
 .text.k_sys_fatal_error_handler
                0x000000000800e718       0x20 zephyr/kernel/libkernel.a(fatal.c.obj)
                0x000000000800e718                k_sys_fatal_error_handler
 .text.z_fatal_error
                0x000000000800e738       0xe8 zephyr/kernel/libkernel.a(fatal.c.obj)
                0x000000000800e738                z_fatal_error
 .text.z_sys_init_run_level
                0x000000000800e820       0x30 zephyr/kernel/libkernel.a(init.c.obj)
 .text.bg_thread_main
                0x000000000800e850       0xc0 zephyr/kernel/libkernel.a(init.c.obj)
 .text.z_init_cpu
                0x000000000800e910       0x70 zephyr/kernel/libkernel.a(init.c.obj)
                0x000000000800e910                z_init_cpu
 .text.z_cstart
                0x000000000800e980       0xd0 zephyr/kernel/libkernel.a(init.c.obj)
                0x000000000800e980                z_cstart
 .text.statics_init
                0x000000000800ea50       0x24 zephyr/kernel/libkernel.a(kheap.c.obj)
 .text.init_mem_slab_obj_core_list
                0x000000000800ea74       0x24 zephyr/kernel/libkernel.a(mem_slab.c.obj)
 .text.k_mem_slab_alloc
                0x000000000800ea98       0x5c zephyr/kernel/libkernel.a(mem_slab.c.obj)
                0x000000000800ea98                k_mem_slab_alloc
 .text.z_impl_k_mutex_lock
                0x000000000800eaf4       0xf0 zephyr/kernel/libkernel.a(mutex.c.obj)
                0x000000000800eaf4                z_impl_k_mutex_lock
 .text.z_impl_k_mutex_unlock
                0x000000000800ebe4       0xa0 zephyr/kernel/libkernel.a(mutex.c.obj)
                0x000000000800ebe4                z_impl_k_mutex_unlock
 .text.z_impl_k_queue_get
                0x000000000800ec84       0x64 zephyr/kernel/libkernel.a(queue.c.obj)
                0x000000000800ec84                z_impl_k_queue_get
 .text.z_impl_k_sem_give
                0x000000000800ece8       0x74 zephyr/kernel/libkernel.a(sem.c.obj)
                0x000000000800ece8                z_impl_k_sem_give
 .text.z_impl_k_sem_take
                0x000000000800ed5c       0x4c zephyr/kernel/libkernel.a(sem.c.obj)
                0x000000000800ed5c                z_impl_k_sem_take
 .text.k_sys_work_q_init
                0x000000000800eda8       0x2c zephyr/kernel/libkernel.a(system_work_q.c.obj)
 .text.work_queue_main
                0x000000000800edd4      0x14c zephyr/kernel/libkernel.a(work.c.obj)
 .text.cancel_sync_locked
                0x000000000800ef20       0x3c zephyr/kernel/libkernel.a(work.c.obj)
 .text.submit_to_queue_locked
                0x000000000800ef5c       0xb8 zephyr/kernel/libkernel.a(work.c.obj)
 .text.work_flush_locked
                0x000000000800f014       0x78 zephyr/kernel/libkernel.a(work.c.obj)
 .text.k_work_submit
                0x000000000800f08c        0xc zephyr/kernel/libkernel.a(work.c.obj)
                0x000000000800f08c                k_work_submit
 .text.k_work_queue_start
                0x000000000800f098       0x80 zephyr/kernel/libkernel.a(work.c.obj)
                0x000000000800f098                k_work_queue_start
 .text.k_work_schedule_for_queue
                0x000000000800f118       0x54 zephyr/kernel/libkernel.a(work.c.obj)
                0x000000000800f118                k_work_schedule_for_queue
 .text.k_work_schedule
                0x000000000800f16c        0xc zephyr/kernel/libkernel.a(work.c.obj)
                0x000000000800f16c                k_work_schedule
 .text.k_work_reschedule_for_queue
                0x000000000800f178       0x5c zephyr/kernel/libkernel.a(work.c.obj)
                0x000000000800f178                k_work_reschedule_for_queue
 .text.k_work_reschedule
                0x000000000800f1d4        0xc zephyr/kernel/libkernel.a(work.c.obj)
                0x000000000800f1d4                k_work_reschedule
 .text.z_setup_new_thread
                0x000000000800f1e0       0x98 zephyr/kernel/libkernel.a(thread.c.obj)
                0x000000000800f1e0                z_setup_new_thread
 .text.z_impl_k_thread_create
                0x000000000800f278       0x58 zephyr/kernel/libkernel.a(thread.c.obj)
                0x000000000800f278                z_impl_k_thread_create
 .text.z_dummy_thread_init
                0x000000000800f2d0       0x18 zephyr/kernel/libkernel.a(thread.c.obj)
                0x000000000800f2d0                z_dummy_thread_init
 .text.z_swap_irqlock
                0x000000000800f2e8       0x30 zephyr/kernel/libkernel.a(sched.c.obj)
 .text.ready_thread
                0x000000000800f318       0x84 zephyr/kernel/libkernel.a(sched.c.obj)
 .text.unready_thread
                0x000000000800f39c       0x54 zephyr/kernel/libkernel.a(sched.c.obj)
 .text.add_thread_timeout
                0x000000000800f3f0       0x1c zephyr/kernel/libkernel.a(sched.c.obj)
 .text.move_current_to_end_of_prio_q
                0x000000000800f40c       0x70 zephyr/kernel/libkernel.a(sched.c.obj)
                0x000000000800f40c                move_current_to_end_of_prio_q
 .text.z_pend_curr
                0x000000000800f47c       0x44 zephyr/kernel/libkernel.a(sched.c.obj)
                0x000000000800f47c                z_pend_curr
 .text.z_thread_prio_set
                0x000000000800f4c0       0xe4 zephyr/kernel/libkernel.a(sched.c.obj)
                0x000000000800f4c0                z_thread_prio_set
 .text.z_reschedule
                0x000000000800f5a4       0x24 zephyr/kernel/libkernel.a(sched.c.obj)
                0x000000000800f5a4                z_reschedule
 .text.z_reschedule_irqlock
                0x000000000800f5c8       0x28 zephyr/kernel/libkernel.a(sched.c.obj)
                0x000000000800f5c8                z_reschedule_irqlock
 .text.k_sched_lock
                0x000000000800f5f0       0x28 zephyr/kernel/libkernel.a(sched.c.obj)
                0x000000000800f5f0                k_sched_lock
 .text.k_sched_unlock
                0x000000000800f618       0x68 zephyr/kernel/libkernel.a(sched.c.obj)
                0x000000000800f618                k_sched_unlock
 .text.z_sched_init
                0x000000000800f680       0x10 zephyr/kernel/libkernel.a(sched.c.obj)
                0x000000000800f680                z_sched_init
 .text.z_impl_k_yield
                0x000000000800f690       0x88 zephyr/kernel/libkernel.a(sched.c.obj)
                0x000000000800f690                z_impl_k_yield
 .text.z_tick_sleep
                0x000000000800f718       0x78 zephyr/kernel/libkernel.a(sched.c.obj)
 .text.z_impl_k_wakeup
                0x000000000800f790       0x48 zephyr/kernel/libkernel.a(sched.c.obj)
                0x000000000800f790                z_impl_k_wakeup
 .text.z_impl_k_sched_current_thread_query
                0x000000000800f7d8        0xc zephyr/kernel/libkernel.a(sched.c.obj)
                0x000000000800f7d8                z_impl_k_sched_current_thread_query
 .text.z_thread_abort
                0x000000000800f7e4      0x140 zephyr/kernel/libkernel.a(sched.c.obj)
                0x000000000800f7e4                z_thread_abort
 .text.z_sched_wait
                0x000000000800f924       0x24 zephyr/kernel/libkernel.a(sched.c.obj)
                0x000000000800f924                z_sched_wait
 .text.slice_timeout
                0x000000000800f948       0x20 zephyr/kernel/libkernel.a(timeslicing.c.obj)
 .text.thread_is_sliceable
                0x000000000800f968       0x3c zephyr/kernel/libkernel.a(timeslicing.c.obj)
                0x000000000800f968                thread_is_sliceable
 .text.z_reset_time_slice
                0x000000000800f9a4       0x50 zephyr/kernel/libkernel.a(timeslicing.c.obj)
                0x000000000800f9a4                z_reset_time_slice
 .text.z_time_slice
                0x000000000800f9f4       0x5c zephyr/kernel/libkernel.a(timeslicing.c.obj)
                0x000000000800f9f4                z_time_slice
 .text.first    0x000000000800fa50       0x10 zephyr/kernel/libkernel.a(timeout.c.obj)
 .text.elapsed  0x000000000800fa60       0x14 zephyr/kernel/libkernel.a(timeout.c.obj)
 .text.remove_timeout
                0x000000000800fa74       0x38 zephyr/kernel/libkernel.a(timeout.c.obj)
 .text.z_add_timeout
                0x000000000800faac      0x120 zephyr/kernel/libkernel.a(timeout.c.obj)
                0x000000000800faac                z_add_timeout
 .text.sys_clock_announce
                0x000000000800fbcc       0xc0 zephyr/kernel/libkernel.a(timeout.c.obj)
                0x000000000800fbcc                sys_clock_announce
 .text.sys_clock_tick_get
                0x000000000800fc8c       0x30 zephyr/kernel/libkernel.a(timeout.c.obj)
                0x000000000800fc8c                sys_clock_tick_get
 .text.z_timer_expiration_handler
                0x000000000800fcbc      0x104 zephyr/kernel/libkernel.a(timer.c.obj)
                0x000000000800fcbc                z_timer_expiration_handler
 .text.z_impl_k_timer_start
                0x000000000800fdc0       0x70 zephyr/kernel/libkernel.a(timer.c.obj)
                0x000000000800fdc0                z_impl_k_timer_start
 .text.z_impl_k_poll_signal_raise
                0x000000000800fe30       0x50 zephyr/kernel/libkernel.a(poll.c.obj)
                0x000000000800fe30                z_impl_k_poll_signal_raise
 .text.z_thread_alloc_helper
                0x000000000800fe80       0x4c zephyr/kernel/libkernel.a(mempool.c.obj)
 .text.z_thread_malloc
                0x000000000800fecc       0x10 zephyr/kernel/libkernel.a(mempool.c.obj)
                0x000000000800fecc                z_thread_malloc
 .text.boot_banner
                0x000000000800fedc        0xc zephyr/kernel/libkernel.a(banner.c.obj)
                0x000000000800fedc                boot_banner
 .text.snprintf
                0x000000000800fee8       0x54 /Users/johnnario/zephyr-sdk-0.17.4/arm-zephyr-eabi/bin/../lib/gcc/../../picolibc/arm-zephyr-eabi/lib/thumb/v7e-m/nofp/libc.a(libc_tinystdio_snprintf.c.o)
                0x000000000800fee8                snprintf
 .text.__l_vfprintf
                0x000000000800ff3c      0x4b8 /Users/johnnario/zephyr-sdk-0.17.4/arm-zephyr-eabi/bin/../lib/gcc/../../picolibc/arm-zephyr-eabi/lib/thumb/v7e-m/nofp/libc.a(libc_tinystdio_vflprintf.c.o)
                0x000000000800ff3c                __l_vfprintf
 .text._OffsetAbsSyms
                0x00000000080103f4        0x2 zephyr/CMakeFiles/offsets.dir/./arch/arm/core/offsets/offsets.c.obj
                0x00000000080103f4                _OffsetAbsSyms
 .text.chunk_size
                0x00000000080103f6        0xa zephyr/libzephyr.a(heap.c.obj)
 .text.free_list_add
                0x0000000008010400       0x4e zephyr/libzephyr.a(heap.c.obj)
 .text.free_list_remove_bidx
                0x000000000801044e       0x3a zephyr/libzephyr.a(heap.c.obj)
 .text.free_list_remove
                0x0000000008010488       0x1a zephyr/libzephyr.a(heap.c.obj)
 .text.alloc_chunk
                0x00000000080104a2       0x6e zephyr/libzephyr.a(heap.c.obj)
 .text.merge_chunks
                0x0000000008010510       0x2c zephyr/libzephyr.a(heap.c.obj)
 .text.split_chunks
                0x000000000801053c       0x34 zephyr/libzephyr.a(heap.c.obj)
 .text.free_chunk
                0x0000000008010570       0x62 zephyr/libzephyr.a(heap.c.obj)
 .text.sys_heap_free
                0x00000000080105d2       0x1e zephyr/libzephyr.a(heap.c.obj)
                0x00000000080105d2                sys_heap_free
 .text.sys_heap_alloc
                0x00000000080105f0       0x5a zephyr/libzephyr.a(heap.c.obj)
                0x00000000080105f0                sys_heap_alloc
 .text.sys_heap_noalign_alloc
                0x000000000801064a        0x6 zephyr/libzephyr.a(heap.c.obj)
                0x000000000801064a                sys_heap_noalign_alloc
 .text.sys_heap_aligned_alloc
                0x0000000008010650       0xde zephyr/libzephyr.a(heap.c.obj)
                0x0000000008010650                sys_heap_aligned_alloc
 .text.sys_heap_init
                0x000000000801072e       0x7a zephyr/libzephyr.a(heap.c.obj)
                0x000000000801072e                sys_heap_init
 .text.cbpprintf_external
                0x00000000080107a8       0x62 zephyr/libzephyr.a(cbprintf_packaged.c.obj)
                0x00000000080107a8                cbpprintf_external
 .text.is_ptr   0x000000000801080a       0x4a zephyr/libzephyr.a(cbprintf_packaged.c.obj)
                0x000000000801080a                is_ptr
 .text.arch_printk_char_out
                0x0000000008010854        0x4 zephyr/libzephyr.a(printk.c.obj)
                0x0000000008010854                arch_printk_char_out
 .text.vprintk  0x0000000008010858        0x4 zephyr/libzephyr.a(printk.c.obj)
                0x0000000008010858                vprintk
 .text.printk   0x000000000801085c       0x1a zephyr/libzephyr.a(printk.c.obj)
                0x000000000801085c                printk
 .text.assert_print
                0x0000000008010876       0x1a zephyr/libzephyr.a(assert.c.obj)
                0x0000000008010876                assert_print
 .text.free_space
                0x0000000008010890       0x26 zephyr/libzephyr.a(mpsc_pbuf.c.obj)
 .text.get_usage
                0x00000000080108b6       0x22 zephyr/libzephyr.a(mpsc_pbuf.c.obj)
 .text.idx_inc  0x00000000080108d8       0x1c zephyr/libzephyr.a(mpsc_pbuf.c.obj)
 .text.rd_idx_inc
                0x00000000080108f4       0x18 zephyr/libzephyr.a(mpsc_pbuf.c.obj)
 .text.add_skip_item
                0x000000000801090c       0x3a zephyr/libzephyr.a(mpsc_pbuf.c.obj)
 .text.drop_item_locked
                0x0000000008010946      0x100 zephyr/libzephyr.a(mpsc_pbuf.c.obj)
 .text.post_drop_action
                0x0000000008010a46       0x36 zephyr/libzephyr.a(mpsc_pbuf.c.obj)
 .text.max_utilization_update
                0x0000000008010a7c       0x1a zephyr/libzephyr.a(mpsc_pbuf.c.obj)
 .text.mpsc_pbuf_init
                0x0000000008010a96       0x42 zephyr/libzephyr.a(mpsc_pbuf.c.obj)
                0x0000000008010a96                mpsc_pbuf_init
 .text.mpsc_pbuf_alloc
                0x0000000008010ad8       0xfe zephyr/libzephyr.a(mpsc_pbuf.c.obj)
                0x0000000008010ad8                mpsc_pbuf_alloc
 .text.mpsc_pbuf_commit
                0x0000000008010bd6       0x3e zephyr/libzephyr.a(mpsc_pbuf.c.obj)
                0x0000000008010bd6                mpsc_pbuf_commit
 .text.mpsc_pbuf_claim
                0x0000000008010c14       0xb6 zephyr/libzephyr.a(mpsc_pbuf.c.obj)
                0x0000000008010c14                mpsc_pbuf_claim
 .text.mpsc_pbuf_free